{
    "spoqc hqpr_bounding_box stub": {
        "content": [
            {
                "0": [
                    [
                        0,
                        [
                            
                        ]
                    ]
                ],
                "1": [
                    [
                        "SPOQC_HQPR_BOUNDING_BOX",
                        "spoqc",
                        "unknown"
                    ]
                ],
                "report": [
                    [
                        0,
                        [
                            
                        ]
                    ]
                ],
                "versions_spoqc": [
                    [
                        "SPOQC_HQPR_BOUNDING_BOX",
                        "spoqc",
                        "unknown"
                    ]
                ]
            }
        ],
        "timestamp": "2026-07-17T16:48:34.530322315",
        "meta": {
            "nf-test": "0.9.5",
            "nextflow": "26.04.2"
        }
    },
    "spoqc hqpr_bounding_box": {
        "content": [
            {
                "0": [
                    [
                        0,
                        [
                            "hqprs_0.txt:md5,73dcf8d2b59444f8cc0dfa589602e7e0",
                            "imageplot_dilated_image_for_bounding_box.pdf:md5,0f21e699839bd0fce62388b3e053e172",
                            "imageplot_dilated_image_for_bounding_box.png:md5,c9776dfde7eca1e4332862a90540f234",
                            "imageplot_marked_merged_subfigures.pdf:md5,6020ba4d92c818896d693d2f72dc4177",
                            "imageplot_marked_merged_subfigures.png:md5,ab5d22a7c88f62e359531281eea83877",
                            "imageplot_marked_subfigures.pdf:md5,75cd01109e9246864434d1fc3d3d7015",
                            "imageplot_marked_subfigures.png:md5,ab5d22a7c88f62e359531281eea83877",
                            [
                                "imageplot_subfigure1.pdf:md5,c13a996e58c875f21c37c5a795161530",
                                "imageplot_subfigure1.png:md5,20c867db55e8a89018ab80de34bacffc",
                                "imageplot_subfigure2.pdf:md5,8856090db2716dc6cc6b9be1cc0b6de9",
                                "imageplot_subfigure2.png:md5,e4794a3477d71fe8836c40e912592d4f",
                                "imageplot_subfigure3.pdf:md5,6e52376aba231a571ced16ff2b124c82",
                                "imageplot_subfigure3.png:md5,82833ec53a56ded4c1a292906df44d5c",
                                "imageplot_subfigure4.pdf:md5,c56feeb5e8d35baa003341504eee2354",
                                "imageplot_subfigure4.png:md5,87088d4efd51da9e7c7823744ebdb7c0"
                            ]
                        ]
                    ]
                ],
                "1": [
                    [
                        "SPOQC_HQPR_BOUNDING_BOX",
                        "spoqc",
                        "0.1.0"
                    ]
                ],
                "report": [
                    [
                        0,
                        [
                            "hqprs_0.txt:md5,73dcf8d2b59444f8cc0dfa589602e7e0",
                            "imageplot_dilated_image_for_bounding_box.pdf:md5,0f21e699839bd0fce62388b3e053e172",
                            "imageplot_dilated_image_for_bounding_box.png:md5,c9776dfde7eca1e4332862a90540f234",
                            "imageplot_marked_merged_subfigures.pdf:md5,6020ba4d92c818896d693d2f72dc4177",
                            "imageplot_marked_merged_subfigures.png:md5,ab5d22a7c88f62e359531281eea83877",
                            "imageplot_marked_subfigures.pdf:md5,75cd01109e9246864434d1fc3d3d7015",
                            "imageplot_marked_subfigures.png:md5,ab5d22a7c88f62e359531281eea83877",
                            [
                                "imageplot_subfigure1.pdf:md5,c13a996e58c875f21c37c5a795161530",
                                "imageplot_subfigure1.png:md5,20c867db55e8a89018ab80de34bacffc",
                                "imageplot_subfigure2.pdf:md5,8856090db2716dc6cc6b9be1cc0b6de9",
                                "imageplot_subfigure2.png:md5,e4794a3477d71fe8836c40e912592d4f",
                                "imageplot_subfigure3.pdf:md5,6e52376aba231a571ced16ff2b124c82",
                                "imageplot_subfigure3.png:md5,82833ec53a56ded4c1a292906df44d5c",
                                "imageplot_subfigure4.pdf:md5,c56feeb5e8d35baa003341504eee2354",
                                "imageplot_subfigure4.png:md5,87088d4efd51da9e7c7823744ebdb7c0"
                            ]
                        ]
                    ]
                ],
                "versions_spoqc": [
                    [
                        "SPOQC_HQPR_BOUNDING_BOX",
                        "spoqc",
                        "0.1.0"
                    ]
                ]
            }
        ],
        "timestamp": "2026-07-17T16:48:00.755084324",
        "meta": {
            "nf-test": "0.9.5",
            "nextflow": "26.04.2"
        }
    }
}