{
    "spoqc hqtr_bounding_box": {
        "content": [
            {
                "0": [
                    [
                        "hqtrs.txt:md5,d751713988987e9331980363e24189ce",
                        "imageplot_dilated_image_for_bounding_box.pdf:md5,4c0b64822b1c49ca16d1e75b80596cdb",
                        "imageplot_dilated_image_for_bounding_box.png:md5,e3e9c593b765371dc41c962748a7b719",
                        "imageplot_marked_merged_subfigures.pdf:md5,9ef8f73066e0ace46e2ee2f648f20a4f",
                        "imageplot_marked_merged_subfigures.png:md5,3de0dce468156e04a7f17c04aa30fb84",
                        "imageplot_marked_subfigures.pdf:md5,745e61d09b126a2974f59aa9778c1b86",
                        "imageplot_marked_subfigures.png:md5,3de0dce468156e04a7f17c04aa30fb84",
                        "imageplot_transcript_density.pdf:md5,4185354b1a8c970b5ba7c6f7d31236b9",
                        "imageplot_transcript_density.png:md5,c58e0e9153c7df341c110b5da31ad8ec",
                        [
                            "imageplot_subfigure1.pdf:md5,d0913ec8e78ba0c8622eb8e6811e51f5",
                            "imageplot_subfigure1.png:md5,6b899c7a64883c1c21e5baf02d825c7a"
                        ]
                    ]
                ],
                "1": [
                    [
                        "SPOQC_HQTR_BOUNDING_BOX",
                        "spoqc",
                        "0.1.0"
                    ]
                ],
                "report": [
                    [
                        "hqtrs.txt:md5,d751713988987e9331980363e24189ce",
                        "imageplot_dilated_image_for_bounding_box.pdf:md5,4c0b64822b1c49ca16d1e75b80596cdb",
                        "imageplot_dilated_image_for_bounding_box.png:md5,e3e9c593b765371dc41c962748a7b719",
                        "imageplot_marked_merged_subfigures.pdf:md5,9ef8f73066e0ace46e2ee2f648f20a4f",
                        "imageplot_marked_merged_subfigures.png:md5,3de0dce468156e04a7f17c04aa30fb84",
                        "imageplot_marked_subfigures.pdf:md5,745e61d09b126a2974f59aa9778c1b86",
                        "imageplot_marked_subfigures.png:md5,3de0dce468156e04a7f17c04aa30fb84",
                        "imageplot_transcript_density.pdf:md5,4185354b1a8c970b5ba7c6f7d31236b9",
                        "imageplot_transcript_density.png:md5,c58e0e9153c7df341c110b5da31ad8ec",
                        [
                            "imageplot_subfigure1.pdf:md5,d0913ec8e78ba0c8622eb8e6811e51f5",
                            "imageplot_subfigure1.png:md5,6b899c7a64883c1c21e5baf02d825c7a"
                        ]
                    ]
                ],
                "versions_spoqc": [
                    [
                        "SPOQC_HQTR_BOUNDING_BOX",
                        "spoqc",
                        "0.1.0"
                    ]
                ]
            }
        ],
        "timestamp": "2026-07-24T15:50:09.974745063",
        "meta": {
            "nf-test": "0.9.5",
            "nextflow": "26.04.6"
        }
    },
    "spoqc hqtr_bounding_box stub": {
        "content": [
            {
                "0": [
                    [
                        
                    ]
                ],
                "1": [
                    [
                        "SPOQC_HQTR_BOUNDING_BOX",
                        "spoqc",
                        "0.1.0"
                    ]
                ],
                "report": [
                    [
                        
                    ]
                ],
                "versions_spoqc": [
                    [
                        "SPOQC_HQTR_BOUNDING_BOX",
                        "spoqc",
                        "0.1.0"
                    ]
                ]
            }
        ],
        "timestamp": "2026-07-24T15:52:17.957625232",
        "meta": {
            "nf-test": "0.9.5",
            "nextflow": "26.04.6"
        }
    }
}