{
    "spoqc analysis_cluster stub": {
        "content": [
            {
                "0": [
                    [
                        
                    ]
                ],
                "1": [
                    "rna_cluster.h5ad:md5,d41d8cd98f00b204e9800998ecf8427e"
                ],
                "2": [
                    [
                        "SPOQC_ANALYSIS_CLUSTER",
                        "spoqc",
                        "0.1.0"
                    ]
                ],
                "h5ad": [
                    "rna_cluster.h5ad:md5,d41d8cd98f00b204e9800998ecf8427e"
                ],
                "report": [
                    [
                        
                    ]
                ],
                "versions_spoqc": [
                    [
                        "SPOQC_ANALYSIS_CLUSTER",
                        "spoqc",
                        "0.1.0"
                    ]
                ]
            }
        ],
        "timestamp": "2026-07-27T11:59:28.482904949",
        "meta": {
            "nf-test": "0.9.5",
            "nextflow": "26.04.6"
        }
    },
    "spoqc analysis_cluster": {
        "content": [
            {
                "0": [
                    [
                        
                    ]
                ],
                "1": [
                    "rna_cluster.h5ad:md5,a36d126bb9fce78bb69b41a841bc6fb0"
                ],
                "2": [
                    [
                        "SPOQC_ANALYSIS_CLUSTER",
                        "spoqc",
                        "0.1.0"
                    ]
                ],
                "h5ad": [
                    "rna_cluster.h5ad:md5,a36d126bb9fce78bb69b41a841bc6fb0"
                ],
                "report": [
                    [
                        
                    ]
                ],
                "versions_spoqc": [
                    [
                        "SPOQC_ANALYSIS_CLUSTER",
                        "spoqc",
                        "0.1.0"
                    ]
                ]
            }
        ],
        "timestamp": "2026-07-27T11:54:38.169571541",
        "meta": {
            "nf-test": "0.9.5",
            "nextflow": "26.04.6"
        }
    }
}