{
    "spoqc whole_slide stub": {
        "content": [
            {
                "0": [
                    [
                        
                    ]
                ],
                "1": [
                    [
                        "SPOQC_WHOLE_SLIDE",
                        "spoqc",
                        "0.1.0"
                    ]
                ],
                "report": [
                    [
                        
                    ]
                ],
                "versions_spoqc": [
                    [
                        "SPOQC_WHOLE_SLIDE",
                        "spoqc",
                        "0.1.0"
                    ]
                ]
            }
        ],
        "timestamp": "2026-07-17T12:29:36.182042289",
        "meta": {
            "nf-test": "0.9.5",
            "nextflow": "26.04.2"
        }
    },
    "spoqc whole_slide": {
        "content": [
            {
                "0": [
                    [
                        "domain_thickness_score.pdf:md5,21f71c62f4225c7eef56a6487f3b3ee0",
                        "domain_thickness_score.png:md5,66b4094eb6da59997c6e5bde4fbb237e",
                        "input_domain_thickness_analysis.pdf:md5,d3a8290f47fd4ee09e69994c56709538",
                        "input_domain_thickness_analysis.png:md5,a78fb8ac2af87b609b0b6a097ab629a7"
                    ]
                ],
                "1": [
                    [
                        "SPOQC_WHOLE_SLIDE",
                        "spoqc",
                        "0.1.0"
                    ]
                ],
                "report": [
                    [
                        "domain_thickness_score.pdf:md5,21f71c62f4225c7eef56a6487f3b3ee0",
                        "domain_thickness_score.png:md5,66b4094eb6da59997c6e5bde4fbb237e",
                        "input_domain_thickness_analysis.pdf:md5,d3a8290f47fd4ee09e69994c56709538",
                        "input_domain_thickness_analysis.png:md5,a78fb8ac2af87b609b0b6a097ab629a7"
                    ]
                ],
                "versions_spoqc": [
                    [
                        "SPOQC_WHOLE_SLIDE",
                        "spoqc",
                        "0.1.0"
                    ]
                ]
            }
        ],
        "timestamp": "2026-07-17T12:29:00.068043699",
        "meta": {
            "nf-test": "0.9.5",
            "nextflow": "26.04.2"
        }
    }
}