{
    "spoqc hqcr_celltype": {
        "content": [
            {
                "0": [
                    [
                        "barplot_artefact_scores_canorm_transcript_counts.png:md5,8791d6e924a5df6788af1daf579666dc",
                        "barplot_artefact_scores_n_genes_by_counts.png:md5,727d3ff4a362d98f17be4ad1e0d99dbc",
                        "barplot_artefact_scores_num_low_qc_transcript.png:md5,e1b1b26f69424f0d27234d01a9b894db",
                        "barplot_doublet.pdf:md5,18dd14c58a95aaa55f4ad3c2c0c65e96",
                        "barplot_doublet.png:md5,6fbeddbf9879996f09f59f9afdf45b61",
                        "barplot_nucleus_free.pdf:md5,451ea03818448cbba3c6a0f025d4d9b8",
                        "barplot_nucleus_free.png:md5,b4462e6f7a88c7faed0f7ceb08253ed9",
                        "barplot_total_artefact_scores.pdf:md5,5481f6620887ebef5546be98ed83b560",
                        "barplot_total_artefact_scores.png:md5,41275868c61cfcec033f6922afe1f0f3",
                        "celltype_qc_analysis.html:md5,6ffd99c2315fcc9b5a6c904f25e80fbf",
                        "hqcr_celltype.html:md5,acd270e6ef7d37f1305025526a7f92a6",
                        "imageplot_input_priors.pdf:md5,07835a29f95443e49e5152e210dec024",
                        "imageplot_input_priors.png:md5,f450fba8c36a3d410204afbe4b1d45a7",
                        "markov_random_field_calculations.pdf:md5,c47475b6807da1018c711486ee88d5a9",
                        "markov_random_field_calculations.png:md5,fa72d39fbb5ee8dfdbdc4b2669499694",
                        "scatterplot_densityplot_artefact.pdf:md5,204832c04a0d5679500352b6c3a45dd5",
                        "scatterplot_densityplot_artefact.png:md5,5470839f6b5ea71bbba034ec300f3e2e",
                        "scatterplot_densityplot_refine_qc_celltype_class.pdf:md5,0e7ee4348e55b690c79864900fe8937f",
                        "scatterplot_densityplot_refine_qc_celltype_class.png:md5,19eca78304589fe04ed603ba1ede599b",
                        "scatterplot_refine_qc_celltype_class.pdf:md5,bdecfc2a52f48c2dde89de6c9f4cf70e",
                        "scatterplot_refine_qc_celltype_class.png:md5,924bdce2640f4fb67c2f298b3acd24dd",
                        "split_violinplot_border_scores.pdf:md5,f3e7acced2fc74d10076c34735c2b58d",
                        "split_violinplot_border_scores.png:md5,6c402bea376fee6f9c05f3b911c36ee3",
                        "split_violinplot_canorm_transcript_counts.pdf:md5,bc019af56243936e96329217a6938a4a",
                        "split_violinplot_canorm_transcript_counts.png:md5,d9be356d9889698ae15d1df84e032c7c",
                        "split_violinplot_cell_overlap_area.pdf:md5,70459dc080b583073645a18ea14269ee",
                        "split_violinplot_cell_overlap_area.png:md5,1bc342b41248481e2d44929a8244ab68",
                        "split_violinplot_convexhull_outside_trnascripts.pdf:md5,4a1aae16477b54a3c7f57481cdca138e",
                        "split_violinplot_convexhull_outside_trnascripts.png:md5,895660f4588ecf48e927858a75a4b83c",
                        "split_violinplot_convexity_metric_cell.pdf:md5,57fd6ce5168d28ffa102a7339aab5a8c",
                        "split_violinplot_convexity_metric_cell.png:md5,942bc90c39006eb744cdf9b8ef5a711e",
                        "split_violinplot_convexity_min_nuceli.pdf:md5,acb95587dbdc5d322198e6c338d920b4",
                        "split_violinplot_convexity_min_nuceli.png:md5,8296080c02d02d9dab9fedbc0c3a4601",
                        "split_violinplot_island_score.pdf:md5,7dfb8f02ca29c2b2bd3164899e9dc951",
                        "split_violinplot_island_score.png:md5,4b61949f2c8d900e0274d79eccbcebc0",
                        "split_violinplot_n_genes_by_counts.pdf:md5,d7ac7540f2ab19cfd718ff43f848daa2",
                        "split_violinplot_n_genes_by_counts.png:md5,b3f2896c8deb450a31bdc07ea59b37bd",
                        "split_violinplot_num_low_qc_transcript.pdf:md5,8211e6b4ef3d6bf124b223ecf90cfbc8",
                        "split_violinplot_num_low_qc_transcript.png:md5,fb446505d982f8f919c8e4a0b5062992",
                        "split_violinplot_thinness_score.pdf:md5,511f51c08896d0b9fc37a4c81676e3a1",
                        "split_violinplot_thinness_score.png:md5,2fcbd86009bdbe668b51b08f65c3ae21",
                        "threshold_log.txt:md5,8144c95c1326fcfb2c38a0d9a5ebcf9f",
                        "violinplot_border_scores.pdf:md5,01e290ad388e61d821a091e4916f8dde",
                        "violinplot_border_scores.png:md5,bbacfcaf86985dbd317ffda10103ea1a",
                        "violinplot_canorm_transcript_counts.pdf:md5,9f1822b04dcaee90df1af2005e7c232d",
                        "violinplot_canorm_transcript_counts.png:md5,4948d2d489d341ea1b2bc84c9c428b58",
                        "violinplot_cell_area.pdf:md5,ef7e2b5180b6e6913cf175566bdd5ed6",
                        "violinplot_cell_area.png:md5,5114b79689e1ae3d0743e8357ae0c4b6",
                        "violinplot_cell_overlap_area.pdf:md5,94eaef2961999633e6f9796fefd62b05",
                        "violinplot_cell_overlap_area.png:md5,0ba204045c7d9c59aa305b02c2aa66b0",
                        "violinplot_control_probe_counts.pdf:md5,5bfde52d24921cb8fd14397e27ea5fe9",
                        "violinplot_control_probe_counts.png:md5,1332d9ecaf3c5f0b323ae50113c3f380",
                        "violinplot_convexhull_outside_trnascripts.pdf:md5,e8ff0c3ace7bd0d2b977a1178788d89b",
                        "violinplot_convexhull_outside_trnascripts.png:md5,5f08f610edbe181c1692102141d22c00",
                        "violinplot_convexity_metric_cell.pdf:md5,21b32ab30e3f209e0b88cdde6c81f92a",
                        "violinplot_convexity_metric_cell.png:md5,a27e7b983ae47266cec79a53d47e2a4d",
                        "violinplot_convexity_min_nuceli.pdf:md5,3281b4b4da083752c3c958a251d0bc61",
                        "violinplot_convexity_min_nuceli.png:md5,7ca41b9c1ea1b32d6dd9b073daebf542",
                        "violinplot_island_score.pdf:md5,87d04ceaf97b5af1fd7b684f300bed31",
                        "violinplot_island_score.png:md5,e78c60259e4fb8f980baaf79a884315c",
                        "violinplot_n_genes_by_counts.pdf:md5,bffccaf725802818bff75b0476d95afc",
                        "violinplot_n_genes_by_counts.png:md5,10b53aa6d3bcadd6c8951415217b4acf",
                        "violinplot_nuceli_count.pdf:md5,74631cc824049c65f123e35d55c41f51",
                        "violinplot_nuceli_count.png:md5,01f365a1a0e2295a90eb0466ea5980ed",
                        "violinplot_nulleus_area.pdf:md5,7cf2d825df57621fac209328da1799ec",
                        "violinplot_nulleus_area.png:md5,8aee7153b2eebe9acd9e23ccd65a240f",
                        "violinplot_num_low_qc_transcript.pdf:md5,a4d55c76382eb0faaf42d4804dcf5660",
                        "violinplot_num_low_qc_transcript.png:md5,f9f0a6eb52593988ce448f66776493e7",
                        "violinplot_thinness_score.pdf:md5,1760e0c7c0dfceb6d2e0b238cb6e9670",
                        "violinplot_thinness_score.png:md5,bb2fd30344acc9388b4eaaa294cce2ad"
                    ]
                ],
                "1": [
                    "hqcr_output_mask_smoothed_celltype_refined.parquet:md5,a7f86b1f454944a9f82fdf717dfa45e1"
                ],
                "2": [
                    [
                        "SPOQC_HQCR_CELLTYPE",
                        "spoqc",
                        "0.1.0"
                    ]
                ],
                "mask": [
                    "hqcr_output_mask_smoothed_celltype_refined.parquet:md5,a7f86b1f454944a9f82fdf717dfa45e1"
                ],
                "report": [
                    [
                        "barplot_artefact_scores_canorm_transcript_counts.png:md5,8791d6e924a5df6788af1daf579666dc",
                        "barplot_artefact_scores_n_genes_by_counts.png:md5,727d3ff4a362d98f17be4ad1e0d99dbc",
                        "barplot_artefact_scores_num_low_qc_transcript.png:md5,e1b1b26f69424f0d27234d01a9b894db",
                        "barplot_doublet.pdf:md5,18dd14c58a95aaa55f4ad3c2c0c65e96",
                        "barplot_doublet.png:md5,6fbeddbf9879996f09f59f9afdf45b61",
                        "barplot_nucleus_free.pdf:md5,451ea03818448cbba3c6a0f025d4d9b8",
                        "barplot_nucleus_free.png:md5,b4462e6f7a88c7faed0f7ceb08253ed9",
                        "barplot_total_artefact_scores.pdf:md5,5481f6620887ebef5546be98ed83b560",
                        "barplot_total_artefact_scores.png:md5,41275868c61cfcec033f6922afe1f0f3",
                        "celltype_qc_analysis.html:md5,6ffd99c2315fcc9b5a6c904f25e80fbf",
                        "hqcr_celltype.html:md5,acd270e6ef7d37f1305025526a7f92a6",
                        "imageplot_input_priors.pdf:md5,07835a29f95443e49e5152e210dec024",
                        "imageplot_input_priors.png:md5,f450fba8c36a3d410204afbe4b1d45a7",
                        "markov_random_field_calculations.pdf:md5,c47475b6807da1018c711486ee88d5a9",
                        "markov_random_field_calculations.png:md5,fa72d39fbb5ee8dfdbdc4b2669499694",
                        "scatterplot_densityplot_artefact.pdf:md5,204832c04a0d5679500352b6c3a45dd5",
                        "scatterplot_densityplot_artefact.png:md5,5470839f6b5ea71bbba034ec300f3e2e",
                        "scatterplot_densityplot_refine_qc_celltype_class.pdf:md5,0e7ee4348e55b690c79864900fe8937f",
                        "scatterplot_densityplot_refine_qc_celltype_class.png:md5,19eca78304589fe04ed603ba1ede599b",
                        "scatterplot_refine_qc_celltype_class.pdf:md5,bdecfc2a52f48c2dde89de6c9f4cf70e",
                        "scatterplot_refine_qc_celltype_class.png:md5,924bdce2640f4fb67c2f298b3acd24dd",
                        "split_violinplot_border_scores.pdf:md5,f3e7acced2fc74d10076c34735c2b58d",
                        "split_violinplot_border_scores.png:md5,6c402bea376fee6f9c05f3b911c36ee3",
                        "split_violinplot_canorm_transcript_counts.pdf:md5,bc019af56243936e96329217a6938a4a",
                        "split_violinplot_canorm_transcript_counts.png:md5,d9be356d9889698ae15d1df84e032c7c",
                        "split_violinplot_cell_overlap_area.pdf:md5,70459dc080b583073645a18ea14269ee",
                        "split_violinplot_cell_overlap_area.png:md5,1bc342b41248481e2d44929a8244ab68",
                        "split_violinplot_convexhull_outside_trnascripts.pdf:md5,4a1aae16477b54a3c7f57481cdca138e",
                        "split_violinplot_convexhull_outside_trnascripts.png:md5,895660f4588ecf48e927858a75a4b83c",
                        "split_violinplot_convexity_metric_cell.pdf:md5,57fd6ce5168d28ffa102a7339aab5a8c",
                        "split_violinplot_convexity_metric_cell.png:md5,942bc90c39006eb744cdf9b8ef5a711e",
                        "split_violinplot_convexity_min_nuceli.pdf:md5,acb95587dbdc5d322198e6c338d920b4",
                        "split_violinplot_convexity_min_nuceli.png:md5,8296080c02d02d9dab9fedbc0c3a4601",
                        "split_violinplot_island_score.pdf:md5,7dfb8f02ca29c2b2bd3164899e9dc951",
                        "split_violinplot_island_score.png:md5,4b61949f2c8d900e0274d79eccbcebc0",
                        "split_violinplot_n_genes_by_counts.pdf:md5,d7ac7540f2ab19cfd718ff43f848daa2",
                        "split_violinplot_n_genes_by_counts.png:md5,b3f2896c8deb450a31bdc07ea59b37bd",
                        "split_violinplot_num_low_qc_transcript.pdf:md5,8211e6b4ef3d6bf124b223ecf90cfbc8",
                        "split_violinplot_num_low_qc_transcript.png:md5,fb446505d982f8f919c8e4a0b5062992",
                        "split_violinplot_thinness_score.pdf:md5,511f51c08896d0b9fc37a4c81676e3a1",
                        "split_violinplot_thinness_score.png:md5,2fcbd86009bdbe668b51b08f65c3ae21",
                        "threshold_log.txt:md5,8144c95c1326fcfb2c38a0d9a5ebcf9f",
                        "violinplot_border_scores.pdf:md5,01e290ad388e61d821a091e4916f8dde",
                        "violinplot_border_scores.png:md5,bbacfcaf86985dbd317ffda10103ea1a",
                        "violinplot_canorm_transcript_counts.pdf:md5,9f1822b04dcaee90df1af2005e7c232d",
                        "violinplot_canorm_transcript_counts.png:md5,4948d2d489d341ea1b2bc84c9c428b58",
                        "violinplot_cell_area.pdf:md5,ef7e2b5180b6e6913cf175566bdd5ed6",
                        "violinplot_cell_area.png:md5,5114b79689e1ae3d0743e8357ae0c4b6",
                        "violinplot_cell_overlap_area.pdf:md5,94eaef2961999633e6f9796fefd62b05",
                        "violinplot_cell_overlap_area.png:md5,0ba204045c7d9c59aa305b02c2aa66b0",
                        "violinplot_control_probe_counts.pdf:md5,5bfde52d24921cb8fd14397e27ea5fe9",
                        "violinplot_control_probe_counts.png:md5,1332d9ecaf3c5f0b323ae50113c3f380",
                        "violinplot_convexhull_outside_trnascripts.pdf:md5,e8ff0c3ace7bd0d2b977a1178788d89b",
                        "violinplot_convexhull_outside_trnascripts.png:md5,5f08f610edbe181c1692102141d22c00",
                        "violinplot_convexity_metric_cell.pdf:md5,21b32ab30e3f209e0b88cdde6c81f92a",
                        "violinplot_convexity_metric_cell.png:md5,a27e7b983ae47266cec79a53d47e2a4d",
                        "violinplot_convexity_min_nuceli.pdf:md5,3281b4b4da083752c3c958a251d0bc61",
                        "violinplot_convexity_min_nuceli.png:md5,7ca41b9c1ea1b32d6dd9b073daebf542",
                        "violinplot_island_score.pdf:md5,87d04ceaf97b5af1fd7b684f300bed31",
                        "violinplot_island_score.png:md5,e78c60259e4fb8f980baaf79a884315c",
                        "violinplot_n_genes_by_counts.pdf:md5,bffccaf725802818bff75b0476d95afc",
                        "violinplot_n_genes_by_counts.png:md5,10b53aa6d3bcadd6c8951415217b4acf",
                        "violinplot_nuceli_count.pdf:md5,74631cc824049c65f123e35d55c41f51",
                        "violinplot_nuceli_count.png:md5,01f365a1a0e2295a90eb0466ea5980ed",
                        "violinplot_nulleus_area.pdf:md5,7cf2d825df57621fac209328da1799ec",
                        "violinplot_nulleus_area.png:md5,8aee7153b2eebe9acd9e23ccd65a240f",
                        "violinplot_num_low_qc_transcript.pdf:md5,a4d55c76382eb0faaf42d4804dcf5660",
                        "violinplot_num_low_qc_transcript.png:md5,f9f0a6eb52593988ce448f66776493e7",
                        "violinplot_thinness_score.pdf:md5,1760e0c7c0dfceb6d2e0b238cb6e9670",
                        "violinplot_thinness_score.png:md5,bb2fd30344acc9388b4eaaa294cce2ad"
                    ]
                ],
                "versions_spoqc": [
                    [
                        "SPOQC_HQCR_CELLTYPE",
                        "spoqc",
                        "0.1.0"
                    ]
                ]
            }
        ],
        "timestamp": "2026-07-17T15:30:36.619280663",
        "meta": {
            "nf-test": "0.9.5",
            "nextflow": "26.04.2"
        }
    },
    "spoqc hqcr_celltype stub": {
        "content": [
            {
                "0": [
                    [
                        
                    ]
                ],
                "1": [
                    "hqcr_output_mask_smoothed_celltype_refined.parquet:md5,d41d8cd98f00b204e9800998ecf8427e"
                ],
                "2": [
                    [
                        "SPOQC_HQCR_CELLTYPE",
                        "spoqc",
                        "0.1.0"
                    ]
                ],
                "mask": [
                    "hqcr_output_mask_smoothed_celltype_refined.parquet:md5,d41d8cd98f00b204e9800998ecf8427e"
                ],
                "report": [
                    [
                        
                    ]
                ],
                "versions_spoqc": [
                    [
                        "SPOQC_HQCR_CELLTYPE",
                        "spoqc",
                        "0.1.0"
                    ]
                ]
            }
        ],
        "timestamp": "2026-07-17T15:33:27.789336238",
        "meta": {
            "nf-test": "0.9.5",
            "nextflow": "26.04.2"
        }
    }
}