{
    "spoqc annotation": {
        "content": [
            {
                "0": [
                    [
                        "test_resolutions_leiden_clustering_num_clusters.pdf:md5,d6aeee4383f43c2ad2a472ab2d3ae02d",
                        "test_resolutions_leiden_clustering_num_clusters.png:md5,630a429436f93f461a1458f0e36845f8",
                        "test_resolutions_leiden_clustering_ss.pdf:md5,3c557c06eef4fa9e8d2faedbfb618d06",
                        "test_resolutions_leiden_clustering_ss.png:md5,5dc4bab9064bf0cc7bfcef166774cc93",
                        "unsupervised_cell_annotation.tsv:md5,9f6005432cf6e30d5305d8a49d7f3aa7"
                    ]
                ],
                "1": [
                    "unsupervised_cell_annotation.tsv:md5,9f6005432cf6e30d5305d8a49d7f3aa7"
                ],
                "2": [
                    [
                        "SPOQC_ANNOTATION",
                        "spoqc",
                        "0.1.0"
                    ]
                ],
                "annotation": [
                    "unsupervised_cell_annotation.tsv:md5,9f6005432cf6e30d5305d8a49d7f3aa7"
                ],
                "report": [
                    [
                        "test_resolutions_leiden_clustering_num_clusters.pdf:md5,d6aeee4383f43c2ad2a472ab2d3ae02d",
                        "test_resolutions_leiden_clustering_num_clusters.png:md5,630a429436f93f461a1458f0e36845f8",
                        "test_resolutions_leiden_clustering_ss.pdf:md5,3c557c06eef4fa9e8d2faedbfb618d06",
                        "test_resolutions_leiden_clustering_ss.png:md5,5dc4bab9064bf0cc7bfcef166774cc93",
                        "unsupervised_cell_annotation.tsv:md5,9f6005432cf6e30d5305d8a49d7f3aa7"
                    ]
                ],
                "versions_spoqc": [
                    [
                        "SPOQC_ANNOTATION",
                        "spoqc",
                        "0.1.0"
                    ]
                ]
            }
        ],
        "timestamp": "2026-07-17T14:47:03.110024426",
        "meta": {
            "nf-test": "0.9.5",
            "nextflow": "26.04.2"
        }
    },
    "spoqc annotation stub": {
        "content": [
            {
                "0": [
                    [
                        "unsupervised_cell_annotation.tsv:md5,d41d8cd98f00b204e9800998ecf8427e"
                    ]
                ],
                "1": [
                    "unsupervised_cell_annotation.tsv:md5,d41d8cd98f00b204e9800998ecf8427e"
                ],
                "2": [
                    [
                        "SPOQC_ANNOTATION",
                        "spoqc",
                        "0.1.0"
                    ]
                ],
                "annotation": [
                    "unsupervised_cell_annotation.tsv:md5,d41d8cd98f00b204e9800998ecf8427e"
                ],
                "report": [
                    [
                        "unsupervised_cell_annotation.tsv:md5,d41d8cd98f00b204e9800998ecf8427e"
                    ]
                ],
                "versions_spoqc": [
                    [
                        "SPOQC_ANNOTATION",
                        "spoqc",
                        "0.1.0"
                    ]
                ]
            }
        ],
        "timestamp": "2026-07-17T14:47:35.415151919",
        "meta": {
            "nf-test": "0.9.5",
            "nextflow": "26.04.2"
        }
    }
}