{
    "spoqc doublet": {
        "content": [
            {
                "0": [
                    [
                        "histogram_signal_integrity_and_signal.pdf:md5,6559ce14b990225f5922fb9e12f9f763",
                        "histogram_signal_integrity_and_signal.png:md5,e3910e8ad018f84517c536c31a963b47",
                        "scatter_signal_integrity.pdf:md5,273a0a06d81614bdaec293dfd7efe0de",
                        "scatter_signal_integrity.png:md5,5a1164c9ce0cf2fb0121cbd9445b1dfa",
                        "scatter_signal_integrity_3d.pdf:md5,682d24e248ea531b70c131f4eeb1d1ef",
                        "scatter_signal_integrity_3d.png:md5,cfeab061e5c90d35596d3f44fba9665b",
                        "scatterplot_densityplot_doublet.pdf:md5,f516ee342c5f9b4edccb3096551c2e60",
                        "scatterplot_densityplot_doublet.png:md5,ea4fbd0b808e379ec6528b6f7f385739",
                        "spatial_signal_integrity_map.pdf:md5,283cba88e75965279c8aaeb10e9dab5c",
                        "spatial_signal_integrity_map.png:md5,9ae321e929bef122826cdea62efe1e9f"
                    ]
                ],
                "1": [
                    "doubletqc_output_hqcr.parquet:md5,8edf4c6a571f94ad70f3d5107a6df2fe"
                ],
                "2": [
                    [
                        "SPOQC_DOUBLET",
                        "spoqc",
                        "0.1.0"
                    ]
                ],
                "report": [
                    [
                        "histogram_signal_integrity_and_signal.pdf:md5,6559ce14b990225f5922fb9e12f9f763",
                        "histogram_signal_integrity_and_signal.png:md5,e3910e8ad018f84517c536c31a963b47",
                        "scatter_signal_integrity.pdf:md5,273a0a06d81614bdaec293dfd7efe0de",
                        "scatter_signal_integrity.png:md5,5a1164c9ce0cf2fb0121cbd9445b1dfa",
                        "scatter_signal_integrity_3d.pdf:md5,682d24e248ea531b70c131f4eeb1d1ef",
                        "scatter_signal_integrity_3d.png:md5,cfeab061e5c90d35596d3f44fba9665b",
                        "scatterplot_densityplot_doublet.pdf:md5,f516ee342c5f9b4edccb3096551c2e60",
                        "scatterplot_densityplot_doublet.png:md5,ea4fbd0b808e379ec6528b6f7f385739",
                        "spatial_signal_integrity_map.pdf:md5,283cba88e75965279c8aaeb10e9dab5c",
                        "spatial_signal_integrity_map.png:md5,9ae321e929bef122826cdea62efe1e9f"
                    ]
                ],
                "tmp": [
                    "doubletqc_output_hqcr.parquet:md5,8edf4c6a571f94ad70f3d5107a6df2fe"
                ],
                "versions_spoqc": [
                    [
                        "SPOQC_DOUBLET",
                        "spoqc",
                        "0.1.0"
                    ]
                ]
            }
        ],
        "timestamp": "2026-07-17T14:53:45.958187759",
        "meta": {
            "nf-test": "0.9.5",
            "nextflow": "26.04.2"
        }
    },
    "spoqc doublet stub": {
        "content": [
            {
                "0": [
                    [
                        
                    ]
                ],
                "1": [
                    "doubletqc_output_hqcr.parquet:md5,d41d8cd98f00b204e9800998ecf8427e"
                ],
                "2": [
                    [
                        "SPOQC_DOUBLET",
                        "spoqc",
                        "0.1.0"
                    ]
                ],
                "report": [
                    [
                        
                    ]
                ],
                "tmp": [
                    "doubletqc_output_hqcr.parquet:md5,d41d8cd98f00b204e9800998ecf8427e"
                ],
                "versions_spoqc": [
                    [
                        "SPOQC_DOUBLET",
                        "spoqc",
                        "0.1.0"
                    ]
                ]
            }
        ],
        "timestamp": "2026-07-17T14:54:44.455866279",
        "meta": {
            "nf-test": "0.9.5",
            "nextflow": "26.04.2"
        }
    }
}