{
    "versions_stub": {
        "content": [
            [
                [
                    "BAYSOR_SEGFREE",
                    "baysor",
                    "0.7.1"
                ]
            ]
        ],
        "meta": {
            "nf-test": "0.9.3",
            "nextflow": "25.10.2"
        },
        "timestamp": "2026-03-21T04:00:54.745153684"
    },
    "versions": {
        "content": [
            [
                [
                    "BAYSOR_SEGFREE",
                    "baysor",
                    "0.7.1"
                ]
            ]
        ],
        "meta": {
            "nf-test": "0.9.3",
            "nextflow": "25.10.2"
        },
        "timestamp": "2026-03-21T04:00:42.542466144"
    }
}