{
    "-profile test": {
        "content": [
            {
                "PROSEG2BAYSOR": {
                    "proseg": "3.1.0"
                },
                "PROSEG": {
                    "proseg": "3.1.0"
                },
                "SPATIALDATA_MERGE_RAW_REDEFINED": {
                    "spatialdata": "0.7.2"
                },
                "SPATIALDATA_META": {
                    "spatialdata": "0.7.2"
                },
                "SPATIALDATA_WRITE_RAW_BUNDLE": {
                    "spatialdata": "0.7.2"
                },
                "SPATIALDATA_WRITE_REDEFINED_BUNDLE": {
                    "spatialdata": "0.7.2"
                },
                "UNTAR": {
                    "untar": 1.34
                },
                "Workflow": {
                    "nf-core/spatialaxe": "v1.0.1"
                },
                "XENIUMRANGER_IMPORTSEGMENTATION": {
                    "xeniumranger": "4.0.1.1"
                }
            },
            [
                "coordinate",
                "coordinate/multiqc",
                "coordinate/multiqc/raw_bundle",
                "coordinate/multiqc/raw_bundle/MultiQC-Pre-Xeniumranger-import-segmentation-Run_multiqc_report.html",
                "coordinate/multiqc/raw_bundle/MultiQC-Pre-Xeniumranger-import-segmentation-Run_multiqc_report_data",
                "coordinate/multiqc/raw_bundle/MultiQC-Pre-Xeniumranger-import-segmentation-Run_multiqc_report_data/llms-full.txt",
                "coordinate/multiqc/raw_bundle/MultiQC-Pre-Xeniumranger-import-segmentation-Run_multiqc_report_data/multiqc.log",
                "coordinate/multiqc/raw_bundle/MultiQC-Pre-Xeniumranger-import-segmentation-Run_multiqc_report_data/multiqc.parquet",
                "coordinate/multiqc/raw_bundle/MultiQC-Pre-Xeniumranger-import-segmentation-Run_multiqc_report_data/multiqc_citations.txt",
                "coordinate/multiqc/raw_bundle/MultiQC-Pre-Xeniumranger-import-segmentation-Run_multiqc_report_data/multiqc_data.json",
                "coordinate/multiqc/raw_bundle/MultiQC-Pre-Xeniumranger-import-segmentation-Run_multiqc_report_data/multiqc_general_stats.txt",
                "coordinate/multiqc/raw_bundle/MultiQC-Pre-Xeniumranger-import-segmentation-Run_multiqc_report_data/multiqc_software_versions.txt",
                "coordinate/multiqc/raw_bundle/MultiQC-Pre-Xeniumranger-import-segmentation-Run_multiqc_report_data/multiqc_sources.txt",
                "coordinate/multiqc/raw_bundle/MultiQC-Pre-Xeniumranger-import-segmentation-Run_multiqc_report_data/multiqc_xenium.txt",
                "coordinate/multiqc/raw_bundle/MultiQC-Pre-Xeniumranger-import-segmentation-Run_multiqc_report_data/xenium_fov_quality_ranges.txt",
                "coordinate/multiqc/raw_bundle/MultiQC-Pre-Xeniumranger-import-segmentation-Run_multiqc_report_data/xenium_segmentation.txt",
                "coordinate/multiqc/raw_bundle/MultiQC-Pre-Xeniumranger-import-segmentation-Run_multiqc_report_data/xenium_transcript_quality_per_sample_table.txt",
                "coordinate/multiqc/raw_bundle/MultiQC-Pre-Xeniumranger-import-segmentation-Run_multiqc_report_data/xenium_transcripts_per_gene.txt",
                "coordinate/multiqc/raw_bundle/MultiQC-Pre-Xeniumranger-import-segmentation-Run_multiqc_report_plots",
                "coordinate/multiqc/raw_bundle/MultiQC-Pre-Xeniumranger-import-segmentation-Run_multiqc_report_plots/pdf",
                "coordinate/multiqc/raw_bundle/MultiQC-Pre-Xeniumranger-import-segmentation-Run_multiqc_report_plots/png",
                "coordinate/multiqc/raw_bundle/MultiQC-Pre-Xeniumranger-import-segmentation-Run_multiqc_report_plots/svg",
                "coordinate/multiqc/redefined_bundle",
                "coordinate/multiqc/redefined_bundle/MultiQC-Post-Xeniumranger-import-segmentation-Run_multiqc_report.html",
                "coordinate/multiqc/redefined_bundle/MultiQC-Post-Xeniumranger-import-segmentation-Run_multiqc_report_data",
                "coordinate/multiqc/redefined_bundle/MultiQC-Post-Xeniumranger-import-segmentation-Run_multiqc_report_data/llms-full.txt",
                "coordinate/multiqc/redefined_bundle/MultiQC-Post-Xeniumranger-import-segmentation-Run_multiqc_report_data/multiqc.log",
                "coordinate/multiqc/redefined_bundle/MultiQC-Post-Xeniumranger-import-segmentation-Run_multiqc_report_data/multiqc.parquet",
                "coordinate/multiqc/redefined_bundle/MultiQC-Post-Xeniumranger-import-segmentation-Run_multiqc_report_data/multiqc_citations.txt",
                "coordinate/multiqc/redefined_bundle/MultiQC-Post-Xeniumranger-import-segmentation-Run_multiqc_report_data/multiqc_data.json",
                "coordinate/multiqc/redefined_bundle/MultiQC-Post-Xeniumranger-import-segmentation-Run_multiqc_report_data/multiqc_software_versions.txt",
                "coordinate/multiqc/redefined_bundle/MultiQC-Post-Xeniumranger-import-segmentation-Run_multiqc_report_data/multiqc_sources.txt",
                "coordinate/proseg",
                "coordinate/proseg/preset",
                "coordinate/proseg/proseg2baysor",
                "coordinate/proseg/proseg2baysor/test_run",
                "coordinate/proseg/proseg2baysor/test_run/cell-polygons.geojson",
                "coordinate/proseg/proseg2baysor/test_run/transcript-metadata.csv",
                "coordinate/spatialdata",
                "coordinate/spatialdata/merge",
                "coordinate/spatialdata/merge/spatialdata",
                "coordinate/spatialdata/merge/spatialdata/test_run",
                "coordinate/spatialdata/merge/spatialdata/test_run/merged_bundle",
                "coordinate/spatialdata/merge/spatialdata/test_run/merged_bundle/images",
                "coordinate/spatialdata/merge/spatialdata/test_run/merged_bundle/images/morphology_focus",
                "coordinate/spatialdata/merge/spatialdata/test_run/merged_bundle/images/morphology_focus/0",
                "coordinate/spatialdata/merge/spatialdata/test_run/merged_bundle/images/morphology_focus/0/c",
                "coordinate/spatialdata/merge/spatialdata/test_run/merged_bundle/images/morphology_focus/0/c/0",
                "coordinate/spatialdata/merge/spatialdata/test_run/merged_bundle/images/morphology_focus/0/c/0/0",
                "coordinate/spatialdata/merge/spatialdata/test_run/merged_bundle/images/morphology_focus/0/c/0/0/0",
                "coordinate/spatialdata/merge/spatialdata/test_run/merged_bundle/images/morphology_focus/0/c/0/0/1",
                "coordinate/spatialdata/merge/spatialdata/test_run/merged_bundle/images/morphology_focus/0/zarr.json",
                "coordinate/spatialdata/merge/spatialdata/test_run/merged_bundle/images/morphology_focus/1",
                "coordinate/spatialdata/merge/spatialdata/test_run/merged_bundle/images/morphology_focus/1/c",
                "coordinate/spatialdata/merge/spatialdata/test_run/merged_bundle/images/morphology_focus/1/c/0",
                "coordinate/spatialdata/merge/spatialdata/test_run/merged_bundle/images/morphology_focus/1/c/0/0",
                "coordinate/spatialdata/merge/spatialdata/test_run/merged_bundle/images/morphology_focus/1/c/0/0/0",
                "coordinate/spatialdata/merge/spatialdata/test_run/merged_bundle/images/morphology_focus/1/zarr.json",
                "coordinate/spatialdata/merge/spatialdata/test_run/merged_bundle/images/morphology_focus/2",
                "coordinate/spatialdata/merge/spatialdata/test_run/merged_bundle/images/morphology_focus/2/c",
                "coordinate/spatialdata/merge/spatialdata/test_run/merged_bundle/images/morphology_focus/2/c/0",
                "coordinate/spatialdata/merge/spatialdata/test_run/merged_bundle/images/morphology_focus/2/c/0/0",
                "coordinate/spatialdata/merge/spatialdata/test_run/merged_bundle/images/morphology_focus/2/c/0/0/0",
                "coordinate/spatialdata/merge/spatialdata/test_run/merged_bundle/images/morphology_focus/2/zarr.json",
                "coordinate/spatialdata/merge/spatialdata/test_run/merged_bundle/images/morphology_focus/3",
                "coordinate/spatialdata/merge/spatialdata/test_run/merged_bundle/images/morphology_focus/3/c",
                "coordinate/spatialdata/merge/spatialdata/test_run/merged_bundle/images/morphology_focus/3/c/0",
                "coordinate/spatialdata/merge/spatialdata/test_run/merged_bundle/images/morphology_focus/3/c/0/0",
                "coordinate/spatialdata/merge/spatialdata/test_run/merged_bundle/images/morphology_focus/3/c/0/0/0",
                "coordinate/spatialdata/merge/spatialdata/test_run/merged_bundle/images/morphology_focus/3/zarr.json",
                "coordinate/spatialdata/merge/spatialdata/test_run/merged_bundle/images/morphology_focus/4",
                "coordinate/spatialdata/merge/spatialdata/test_run/merged_bundle/images/morphology_focus/4/c",
                "coordinate/spatialdata/merge/spatialdata/test_run/merged_bundle/images/morphology_focus/4/c/0",
                "coordinate/spatialdata/merge/spatialdata/test_run/merged_bundle/images/morphology_focus/4/c/0/0",
                "coordinate/spatialdata/merge/spatialdata/test_run/merged_bundle/images/morphology_focus/4/c/0/0/0",
                "coordinate/spatialdata/merge/spatialdata/test_run/merged_bundle/images/morphology_focus/4/zarr.json",
                "coordinate/spatialdata/merge/spatialdata/test_run/merged_bundle/images/morphology_focus/zarr.json",
                "coordinate/spatialdata/merge/spatialdata/test_run/merged_bundle/images/zarr.json",
                "coordinate/spatialdata/merge/spatialdata/test_run/merged_bundle/points",
                "coordinate/spatialdata/merge/spatialdata/test_run/merged_bundle/points/raw_transcripts",
                "coordinate/spatialdata/merge/spatialdata/test_run/merged_bundle/points/raw_transcripts/points.parquet",
                "coordinate/spatialdata/merge/spatialdata/test_run/merged_bundle/points/raw_transcripts/points.parquet/part.0.parquet",
                "coordinate/spatialdata/merge/spatialdata/test_run/merged_bundle/points/raw_transcripts/zarr.json",
                "coordinate/spatialdata/merge/spatialdata/test_run/merged_bundle/points/zarr.json",
                "coordinate/spatialdata/merge/spatialdata/test_run/merged_bundle/shapes",
                "coordinate/spatialdata/merge/spatialdata/test_run/merged_bundle/shapes/raw_cell_boundaries",
                "coordinate/spatialdata/merge/spatialdata/test_run/merged_bundle/shapes/raw_cell_boundaries/shapes.parquet",
                "coordinate/spatialdata/merge/spatialdata/test_run/merged_bundle/shapes/raw_cell_boundaries/zarr.json",
                "coordinate/spatialdata/merge/spatialdata/test_run/merged_bundle/shapes/zarr.json",
                "coordinate/spatialdata/merge/spatialdata/test_run/merged_bundle/tables",
                "coordinate/spatialdata/merge/spatialdata/test_run/merged_bundle/zarr.json",
                "coordinate/spatialdata/meta",
                "coordinate/spatialdata/meta/spatialdata",
                "coordinate/spatialdata/meta/spatialdata/test_run",
                "coordinate/spatialdata/meta/spatialdata/test_run/metadata",
                "coordinate/spatialdata/meta/spatialdata/test_run/metadata/images",
                "coordinate/spatialdata/meta/spatialdata/test_run/metadata/images/morphology_focus",
                "coordinate/spatialdata/meta/spatialdata/test_run/metadata/images/morphology_focus/0",
                "coordinate/spatialdata/meta/spatialdata/test_run/metadata/images/morphology_focus/0/c",
                "coordinate/spatialdata/meta/spatialdata/test_run/metadata/images/morphology_focus/0/c/0",
                "coordinate/spatialdata/meta/spatialdata/test_run/metadata/images/morphology_focus/0/c/0/0",
                "coordinate/spatialdata/meta/spatialdata/test_run/metadata/images/morphology_focus/0/c/0/0/0",
                "coordinate/spatialdata/meta/spatialdata/test_run/metadata/images/morphology_focus/0/c/0/0/1",
                "coordinate/spatialdata/meta/spatialdata/test_run/metadata/images/morphology_focus/0/zarr.json",
                "coordinate/spatialdata/meta/spatialdata/test_run/metadata/images/morphology_focus/1",
                "coordinate/spatialdata/meta/spatialdata/test_run/metadata/images/morphology_focus/1/c",
                "coordinate/spatialdata/meta/spatialdata/test_run/metadata/images/morphology_focus/1/c/0",
                "coordinate/spatialdata/meta/spatialdata/test_run/metadata/images/morphology_focus/1/c/0/0",
                "coordinate/spatialdata/meta/spatialdata/test_run/metadata/images/morphology_focus/1/c/0/0/0",
                "coordinate/spatialdata/meta/spatialdata/test_run/metadata/images/morphology_focus/1/zarr.json",
                "coordinate/spatialdata/meta/spatialdata/test_run/metadata/images/morphology_focus/2",
                "coordinate/spatialdata/meta/spatialdata/test_run/metadata/images/morphology_focus/2/c",
                "coordinate/spatialdata/meta/spatialdata/test_run/metadata/images/morphology_focus/2/c/0",
                "coordinate/spatialdata/meta/spatialdata/test_run/metadata/images/morphology_focus/2/c/0/0",
                "coordinate/spatialdata/meta/spatialdata/test_run/metadata/images/morphology_focus/2/c/0/0/0",
                "coordinate/spatialdata/meta/spatialdata/test_run/metadata/images/morphology_focus/2/zarr.json",
                "coordinate/spatialdata/meta/spatialdata/test_run/metadata/images/morphology_focus/3",
                "coordinate/spatialdata/meta/spatialdata/test_run/metadata/images/morphology_focus/3/c",
                "coordinate/spatialdata/meta/spatialdata/test_run/metadata/images/morphology_focus/3/c/0",
                "coordinate/spatialdata/meta/spatialdata/test_run/metadata/images/morphology_focus/3/c/0/0",
                "coordinate/spatialdata/meta/spatialdata/test_run/metadata/images/morphology_focus/3/c/0/0/0",
                "coordinate/spatialdata/meta/spatialdata/test_run/metadata/images/morphology_focus/3/zarr.json",
                "coordinate/spatialdata/meta/spatialdata/test_run/metadata/images/morphology_focus/4",
                "coordinate/spatialdata/meta/spatialdata/test_run/metadata/images/morphology_focus/4/c",
                "coordinate/spatialdata/meta/spatialdata/test_run/metadata/images/morphology_focus/4/c/0",
                "coordinate/spatialdata/meta/spatialdata/test_run/metadata/images/morphology_focus/4/c/0/0",
                "coordinate/spatialdata/meta/spatialdata/test_run/metadata/images/morphology_focus/4/c/0/0/0",
                "coordinate/spatialdata/meta/spatialdata/test_run/metadata/images/morphology_focus/4/zarr.json",
                "coordinate/spatialdata/meta/spatialdata/test_run/metadata/images/morphology_focus/zarr.json",
                "coordinate/spatialdata/meta/spatialdata/test_run/metadata/images/zarr.json",
                "coordinate/spatialdata/meta/spatialdata/test_run/metadata/points",
                "coordinate/spatialdata/meta/spatialdata/test_run/metadata/points/raw_transcripts",
                "coordinate/spatialdata/meta/spatialdata/test_run/metadata/points/raw_transcripts/points.parquet",
                "coordinate/spatialdata/meta/spatialdata/test_run/metadata/points/raw_transcripts/points.parquet/part.0.parquet",
                "coordinate/spatialdata/meta/spatialdata/test_run/metadata/points/raw_transcripts/zarr.json",
                "coordinate/spatialdata/meta/spatialdata/test_run/metadata/points/zarr.json",
                "coordinate/spatialdata/meta/spatialdata/test_run/metadata/shapes",
                "coordinate/spatialdata/meta/spatialdata/test_run/metadata/shapes/raw_cell_boundaries",
                "coordinate/spatialdata/meta/spatialdata/test_run/metadata/shapes/raw_cell_boundaries/shapes.parquet",
                "coordinate/spatialdata/meta/spatialdata/test_run/metadata/shapes/raw_cell_boundaries/zarr.json",
                "coordinate/spatialdata/meta/spatialdata/test_run/metadata/shapes/zarr.json",
                "coordinate/spatialdata/meta/spatialdata/test_run/metadata/tables",
                "coordinate/spatialdata/meta/spatialdata/test_run/metadata/zarr.json",
                "coordinate/spatialdata/write",
                "coordinate/spatialdata/write/spatialdata",
                "coordinate/spatialdata/write/spatialdata/test_run",
                "coordinate/spatialdata/write/spatialdata/test_run/raw_bundle",
                "coordinate/spatialdata/write/spatialdata/test_run/raw_bundle/images",
                "coordinate/spatialdata/write/spatialdata/test_run/raw_bundle/images/morphology_focus",
                "coordinate/spatialdata/write/spatialdata/test_run/raw_bundle/images/morphology_focus/0",
                "coordinate/spatialdata/write/spatialdata/test_run/raw_bundle/images/morphology_focus/0/c",
                "coordinate/spatialdata/write/spatialdata/test_run/raw_bundle/images/morphology_focus/0/c/0",
                "coordinate/spatialdata/write/spatialdata/test_run/raw_bundle/images/morphology_focus/0/c/0/0",
                "coordinate/spatialdata/write/spatialdata/test_run/raw_bundle/images/morphology_focus/0/c/0/0/0",
                "coordinate/spatialdata/write/spatialdata/test_run/raw_bundle/images/morphology_focus/0/c/0/0/1",
                "coordinate/spatialdata/write/spatialdata/test_run/raw_bundle/images/morphology_focus/0/zarr.json",
                "coordinate/spatialdata/write/spatialdata/test_run/raw_bundle/images/morphology_focus/1",
                "coordinate/spatialdata/write/spatialdata/test_run/raw_bundle/images/morphology_focus/1/c",
                "coordinate/spatialdata/write/spatialdata/test_run/raw_bundle/images/morphology_focus/1/c/0",
                "coordinate/spatialdata/write/spatialdata/test_run/raw_bundle/images/morphology_focus/1/c/0/0",
                "coordinate/spatialdata/write/spatialdata/test_run/raw_bundle/images/morphology_focus/1/c/0/0/0",
                "coordinate/spatialdata/write/spatialdata/test_run/raw_bundle/images/morphology_focus/1/zarr.json",
                "coordinate/spatialdata/write/spatialdata/test_run/raw_bundle/images/morphology_focus/2",
                "coordinate/spatialdata/write/spatialdata/test_run/raw_bundle/images/morphology_focus/2/c",
                "coordinate/spatialdata/write/spatialdata/test_run/raw_bundle/images/morphology_focus/2/c/0",
                "coordinate/spatialdata/write/spatialdata/test_run/raw_bundle/images/morphology_focus/2/c/0/0",
                "coordinate/spatialdata/write/spatialdata/test_run/raw_bundle/images/morphology_focus/2/c/0/0/0",
                "coordinate/spatialdata/write/spatialdata/test_run/raw_bundle/images/morphology_focus/2/zarr.json",
                "coordinate/spatialdata/write/spatialdata/test_run/raw_bundle/images/morphology_focus/3",
                "coordinate/spatialdata/write/spatialdata/test_run/raw_bundle/images/morphology_focus/3/c",
                "coordinate/spatialdata/write/spatialdata/test_run/raw_bundle/images/morphology_focus/3/c/0",
                "coordinate/spatialdata/write/spatialdata/test_run/raw_bundle/images/morphology_focus/3/c/0/0",
                "coordinate/spatialdata/write/spatialdata/test_run/raw_bundle/images/morphology_focus/3/c/0/0/0",
                "coordinate/spatialdata/write/spatialdata/test_run/raw_bundle/images/morphology_focus/3/zarr.json",
                "coordinate/spatialdata/write/spatialdata/test_run/raw_bundle/images/morphology_focus/4",
                "coordinate/spatialdata/write/spatialdata/test_run/raw_bundle/images/morphology_focus/4/c",
                "coordinate/spatialdata/write/spatialdata/test_run/raw_bundle/images/morphology_focus/4/c/0",
                "coordinate/spatialdata/write/spatialdata/test_run/raw_bundle/images/morphology_focus/4/c/0/0",
                "coordinate/spatialdata/write/spatialdata/test_run/raw_bundle/images/morphology_focus/4/c/0/0/0",
                "coordinate/spatialdata/write/spatialdata/test_run/raw_bundle/images/morphology_focus/4/zarr.json",
                "coordinate/spatialdata/write/spatialdata/test_run/raw_bundle/images/morphology_focus/zarr.json",
                "coordinate/spatialdata/write/spatialdata/test_run/raw_bundle/images/zarr.json",
                "coordinate/spatialdata/write/spatialdata/test_run/raw_bundle/points",
                "coordinate/spatialdata/write/spatialdata/test_run/raw_bundle/points/transcripts",
                "coordinate/spatialdata/write/spatialdata/test_run/raw_bundle/points/transcripts/points.parquet",
                "coordinate/spatialdata/write/spatialdata/test_run/raw_bundle/points/transcripts/points.parquet/part.0.parquet",
                "coordinate/spatialdata/write/spatialdata/test_run/raw_bundle/points/transcripts/zarr.json",
                "coordinate/spatialdata/write/spatialdata/test_run/raw_bundle/points/zarr.json",
                "coordinate/spatialdata/write/spatialdata/test_run/raw_bundle/shapes",
                "coordinate/spatialdata/write/spatialdata/test_run/raw_bundle/shapes/cell_boundaries",
                "coordinate/spatialdata/write/spatialdata/test_run/raw_bundle/shapes/cell_boundaries/shapes.parquet",
                "coordinate/spatialdata/write/spatialdata/test_run/raw_bundle/shapes/cell_boundaries/zarr.json",
                "coordinate/spatialdata/write/spatialdata/test_run/raw_bundle/shapes/zarr.json",
                "coordinate/spatialdata/write/spatialdata/test_run/raw_bundle/tables",
                "coordinate/spatialdata/write/spatialdata/test_run/raw_bundle/zarr.json",
                "coordinate/spatialdata/write/spatialdata/test_run/redefined_bundle",
                "coordinate/spatialdata/write/spatialdata/test_run/redefined_bundle/images",
                "coordinate/spatialdata/write/spatialdata/test_run/redefined_bundle/images/morphology_focus",
                "coordinate/spatialdata/write/spatialdata/test_run/redefined_bundle/images/morphology_focus/0",
                "coordinate/spatialdata/write/spatialdata/test_run/redefined_bundle/images/morphology_focus/0/c",
                "coordinate/spatialdata/write/spatialdata/test_run/redefined_bundle/images/morphology_focus/0/c/0",
                "coordinate/spatialdata/write/spatialdata/test_run/redefined_bundle/images/morphology_focus/0/c/0/0",
                "coordinate/spatialdata/write/spatialdata/test_run/redefined_bundle/images/morphology_focus/0/c/0/0/0",
                "coordinate/spatialdata/write/spatialdata/test_run/redefined_bundle/images/morphology_focus/0/c/0/0/1",
                "coordinate/spatialdata/write/spatialdata/test_run/redefined_bundle/images/morphology_focus/0/zarr.json",
                "coordinate/spatialdata/write/spatialdata/test_run/redefined_bundle/images/morphology_focus/1",
                "coordinate/spatialdata/write/spatialdata/test_run/redefined_bundle/images/morphology_focus/1/c",
                "coordinate/spatialdata/write/spatialdata/test_run/redefined_bundle/images/morphology_focus/1/c/0",
                "coordinate/spatialdata/write/spatialdata/test_run/redefined_bundle/images/morphology_focus/1/c/0/0",
                "coordinate/spatialdata/write/spatialdata/test_run/redefined_bundle/images/morphology_focus/1/c/0/0/0",
                "coordinate/spatialdata/write/spatialdata/test_run/redefined_bundle/images/morphology_focus/1/zarr.json",
                "coordinate/spatialdata/write/spatialdata/test_run/redefined_bundle/images/morphology_focus/2",
                "coordinate/spatialdata/write/spatialdata/test_run/redefined_bundle/images/morphology_focus/2/c",
                "coordinate/spatialdata/write/spatialdata/test_run/redefined_bundle/images/morphology_focus/2/c/0",
                "coordinate/spatialdata/write/spatialdata/test_run/redefined_bundle/images/morphology_focus/2/c/0/0",
                "coordinate/spatialdata/write/spatialdata/test_run/redefined_bundle/images/morphology_focus/2/c/0/0/0",
                "coordinate/spatialdata/write/spatialdata/test_run/redefined_bundle/images/morphology_focus/2/zarr.json",
                "coordinate/spatialdata/write/spatialdata/test_run/redefined_bundle/images/morphology_focus/3",
                "coordinate/spatialdata/write/spatialdata/test_run/redefined_bundle/images/morphology_focus/3/c",
                "coordinate/spatialdata/write/spatialdata/test_run/redefined_bundle/images/morphology_focus/3/c/0",
                "coordinate/spatialdata/write/spatialdata/test_run/redefined_bundle/images/morphology_focus/3/c/0/0",
                "coordinate/spatialdata/write/spatialdata/test_run/redefined_bundle/images/morphology_focus/3/c/0/0/0",
                "coordinate/spatialdata/write/spatialdata/test_run/redefined_bundle/images/morphology_focus/3/zarr.json",
                "coordinate/spatialdata/write/spatialdata/test_run/redefined_bundle/images/morphology_focus/4",
                "coordinate/spatialdata/write/spatialdata/test_run/redefined_bundle/images/morphology_focus/4/c",
                "coordinate/spatialdata/write/spatialdata/test_run/redefined_bundle/images/morphology_focus/4/c/0",
                "coordinate/spatialdata/write/spatialdata/test_run/redefined_bundle/images/morphology_focus/4/c/0/0",
                "coordinate/spatialdata/write/spatialdata/test_run/redefined_bundle/images/morphology_focus/4/c/0/0/0",
                "coordinate/spatialdata/write/spatialdata/test_run/redefined_bundle/images/morphology_focus/4/zarr.json",
                "coordinate/spatialdata/write/spatialdata/test_run/redefined_bundle/images/morphology_focus/zarr.json",
                "coordinate/spatialdata/write/spatialdata/test_run/redefined_bundle/images/zarr.json",
                "coordinate/spatialdata/write/spatialdata/test_run/redefined_bundle/points",
                "coordinate/spatialdata/write/spatialdata/test_run/redefined_bundle/points/transcripts",
                "coordinate/spatialdata/write/spatialdata/test_run/redefined_bundle/points/transcripts/points.parquet",
                "coordinate/spatialdata/write/spatialdata/test_run/redefined_bundle/points/transcripts/points.parquet/part.0.parquet",
                "coordinate/spatialdata/write/spatialdata/test_run/redefined_bundle/points/transcripts/zarr.json",
                "coordinate/spatialdata/write/spatialdata/test_run/redefined_bundle/points/zarr.json",
                "coordinate/spatialdata/write/spatialdata/test_run/redefined_bundle/shapes",
                "coordinate/spatialdata/write/spatialdata/test_run/redefined_bundle/shapes/cell_boundaries",
                "coordinate/spatialdata/write/spatialdata/test_run/redefined_bundle/shapes/cell_boundaries/shapes.parquet",
                "coordinate/spatialdata/write/spatialdata/test_run/redefined_bundle/shapes/cell_boundaries/zarr.json",
                "coordinate/spatialdata/write/spatialdata/test_run/redefined_bundle/shapes/zarr.json",
                "coordinate/spatialdata/write/spatialdata/test_run/redefined_bundle/tables",
                "coordinate/spatialdata/write/spatialdata/test_run/redefined_bundle/zarr.json",
                "coordinate/untar",
                "coordinate/untar/test_run",
                "pipeline_info",
                "pipeline_info/nf_core_spatialaxe_software_mqc_versions.yml",
                "xeniumranger",
                "xeniumranger/test_run"
            ],
            [
                "multiqc_citations.txt:md5,4c806e63a283ec1b7e78cdae3a923d4f",
                "multiqc_general_stats.txt:md5,e38eaaa52226a0d985578208b3261585",
                "multiqc_software_versions.txt:md5,4c66c24e7c7ec9133e99bf68a3ab05f9",
                "multiqc_xenium.txt:md5,f52e6ac3376565f7975e4e9fc23ed52a",
                "xenium_fov_quality_ranges.txt:md5,153e0a905781d0b1b2f01b5ea6e384a8",
                "xenium_segmentation.txt:md5,abd99ee57c53568a7f915bd10d2ee5af",
                "xenium_transcript_quality_per_sample_table.txt:md5,d0135a0006f4ad3631b9f3906cc7ee0b",
                "xenium_transcripts_per_gene.txt:md5,b46b3c414bc660e03e3df0345dd5e3e2",
                "multiqc_citations.txt:md5,4c806e63a283ec1b7e78cdae3a923d4f",
                "multiqc_software_versions.txt:md5,4c66c24e7c7ec9133e99bf68a3ab05f9",
                "0:md5,397dc21e479c58fd2ffcbe6c3e627683",
                "1:md5,f1a6b9238c3095bad7867b22f293e5e6",
                "zarr.json:md5,893b4d8873fc997d364288c63ef0871f",
                "0:md5,519d79fe18256d530a2070e31925fac6",
                "zarr.json:md5,9e0748b559911795c141000a77ab7e59",
                "0:md5,f349fb7934242be4cf4ac28e1a7e18f4",
                "zarr.json:md5,32b707be767bd056085d0f349d3ab68c",
                "0:md5,000e609e16f4975474a7d57eed232daa",
                "zarr.json:md5,4690fb68f05cbca9148144c85bd9687f",
                "0:md5,4890e52e8f0efc8f560bc51199d5071c",
                "zarr.json:md5,1f4482a1e3b6e9ab30623b0ad12f5213",
                "zarr.json:md5,b98263d3964a5236145ccf6c808f8919",
                "0:md5,397dc21e479c58fd2ffcbe6c3e627683",
                "1:md5,f1a6b9238c3095bad7867b22f293e5e6",
                "zarr.json:md5,893b4d8873fc997d364288c63ef0871f",
                "0:md5,519d79fe18256d530a2070e31925fac6",
                "zarr.json:md5,9e0748b559911795c141000a77ab7e59",
                "0:md5,f349fb7934242be4cf4ac28e1a7e18f4",
                "zarr.json:md5,32b707be767bd056085d0f349d3ab68c",
                "0:md5,000e609e16f4975474a7d57eed232daa",
                "zarr.json:md5,4690fb68f05cbca9148144c85bd9687f",
                "0:md5,4890e52e8f0efc8f560bc51199d5071c",
                "zarr.json:md5,1f4482a1e3b6e9ab30623b0ad12f5213",
                "zarr.json:md5,b98263d3964a5236145ccf6c808f8919",
                "0:md5,397dc21e479c58fd2ffcbe6c3e627683",
                "1:md5,f1a6b9238c3095bad7867b22f293e5e6",
                "zarr.json:md5,893b4d8873fc997d364288c63ef0871f",
                "0:md5,519d79fe18256d530a2070e31925fac6",
                "zarr.json:md5,9e0748b559911795c141000a77ab7e59",
                "0:md5,f349fb7934242be4cf4ac28e1a7e18f4",
                "zarr.json:md5,32b707be767bd056085d0f349d3ab68c",
                "0:md5,000e609e16f4975474a7d57eed232daa",
                "zarr.json:md5,4690fb68f05cbca9148144c85bd9687f",
                "0:md5,4890e52e8f0efc8f560bc51199d5071c",
                "zarr.json:md5,1f4482a1e3b6e9ab30623b0ad12f5213",
                "zarr.json:md5,b98263d3964a5236145ccf6c808f8919",
                "0:md5,397dc21e479c58fd2ffcbe6c3e627683",
                "1:md5,f1a6b9238c3095bad7867b22f293e5e6",
                "zarr.json:md5,893b4d8873fc997d364288c63ef0871f",
                "0:md5,519d79fe18256d530a2070e31925fac6",
                "zarr.json:md5,9e0748b559911795c141000a77ab7e59",
                "0:md5,f349fb7934242be4cf4ac28e1a7e18f4",
                "zarr.json:md5,32b707be767bd056085d0f349d3ab68c",
                "0:md5,000e609e16f4975474a7d57eed232daa",
                "zarr.json:md5,4690fb68f05cbca9148144c85bd9687f",
                "0:md5,4890e52e8f0efc8f560bc51199d5071c",
                "zarr.json:md5,1f4482a1e3b6e9ab30623b0ad12f5213",
                "zarr.json:md5,b98263d3964a5236145ccf6c808f8919"
            ]
        ],
        "timestamp": "2026-08-04T14:29:47.103357166",
        "meta": {
            "nf-test": "0.9.5",
            "nextflow": "26.04.6"
        }
    },
    "-profile test stub": {
        "content": [
            {
                "PROSEG2BAYSOR": {
                    "proseg": "3.1.0"
                },
                "PROSEG": {
                    "proseg": "3.1.0"
                },
                "SPATIALDATA_MERGE_RAW_REDEFINED": {
                    "spatialdata": "0.7.2"
                },
                "SPATIALDATA_META": {
                    "spatialdata": "0.7.2"
                },
                "SPATIALDATA_WRITE_RAW_BUNDLE": {
                    "spatialdata": "0.7.2"
                },
                "SPATIALDATA_WRITE_REDEFINED_BUNDLE": {
                    "spatialdata": "0.7.2"
                },
                "UNTAR": {
                    "untar": 1.34
                },
                "Workflow": {
                    "nf-core/spatialaxe": "v1.0.1"
                },
                "XENIUMRANGER_IMPORTSEGMENTATION": {
                    "xeniumranger": "4.0.1.1"
                }
            },
            [
                "coordinate",
                "coordinate/multiqc",
                "coordinate/multiqc/raw_bundle",
                "coordinate/multiqc/raw_bundle/multiqc_data",
                "coordinate/multiqc/raw_bundle/multiqc_data/.stub",
                "coordinate/multiqc/raw_bundle/multiqc_plots",
                "coordinate/multiqc/raw_bundle/multiqc_plots/.stub",
                "coordinate/multiqc/raw_bundle/multiqc_report.html",
                "coordinate/multiqc/redefined_bundle",
                "coordinate/multiqc/redefined_bundle/multiqc_data",
                "coordinate/multiqc/redefined_bundle/multiqc_data/.stub",
                "coordinate/multiqc/redefined_bundle/multiqc_plots",
                "coordinate/multiqc/redefined_bundle/multiqc_plots/.stub",
                "coordinate/multiqc/redefined_bundle/multiqc_report.html",
                "coordinate/proseg",
                "coordinate/proseg/preset",
                "coordinate/proseg/preset/test_run",
                "coordinate/proseg/preset/test_run/cell-polygons.geojson.gz",
                "coordinate/proseg/preset/test_run/proseg-output.zarr",
                "coordinate/proseg/preset/test_run/transcript-metadata.csv.gz",
                "coordinate/proseg/proseg2baysor",
                "coordinate/proseg/proseg2baysor/test_run",
                "coordinate/proseg/proseg2baysor/test_run/cell-polygons.geojson",
                "coordinate/proseg/proseg2baysor/test_run/transcript-metadata.csv",
                "coordinate/spatialdata",
                "coordinate/spatialdata/merge",
                "coordinate/spatialdata/merge/spatialdata",
                "coordinate/spatialdata/merge/spatialdata/test_run",
                "coordinate/spatialdata/merge/spatialdata/test_run/merged_bundle",
                "coordinate/spatialdata/merge/spatialdata/test_run/merged_bundle/fake_file.txt",
                "coordinate/spatialdata/meta",
                "coordinate/spatialdata/meta/spatialdata",
                "coordinate/spatialdata/meta/spatialdata/test_run",
                "coordinate/spatialdata/meta/spatialdata/test_run/metadata",
                "coordinate/spatialdata/meta/spatialdata/test_run/metadata/fake_file.txt",
                "coordinate/spatialdata/write",
                "coordinate/spatialdata/write/spatialdata",
                "coordinate/spatialdata/write/spatialdata/test_run",
                "coordinate/spatialdata/write/spatialdata/test_run/raw_bundle",
                "coordinate/spatialdata/write/spatialdata/test_run/raw_bundle/fake_file.txt",
                "coordinate/spatialdata/write/spatialdata/test_run/redefined_bundle",
                "coordinate/spatialdata/write/spatialdata/test_run/redefined_bundle/fake_file.txt",
                "coordinate/untar",
                "coordinate/untar/test_run",
                "coordinate/untar/test_run/.end-of-run",
                "coordinate/untar/test_run/analysis.tar.gz",
                "coordinate/untar/test_run/analysis.zarr.zip",
                "coordinate/untar/test_run/analysis_summary.html",
                "coordinate/untar/test_run/aux_outputs.tar.gz",
                "coordinate/untar/test_run/cell_boundaries.csv.gz",
                "coordinate/untar/test_run/cell_boundaries.parquet",
                "coordinate/untar/test_run/cell_feature_matrix.h5",
                "coordinate/untar/test_run/cell_feature_matrix.tar.gz",
                "coordinate/untar/test_run/cell_feature_matrix.zarr.zip",
                "coordinate/untar/test_run/cells.csv.gz",
                "coordinate/untar/test_run/cells.parquet",
                "coordinate/untar/test_run/cells.zarr.zip",
                "coordinate/untar/test_run/experiment.xenium",
                "coordinate/untar/test_run/gene_panel.json",
                "coordinate/untar/test_run/metrics_summary.csv",
                "coordinate/untar/test_run/morphology.ome.tif",
                "coordinate/untar/test_run/morphology_focus",
                "coordinate/untar/test_run/morphology_focus/morphology_focus_0000.ome.tif",
                "coordinate/untar/test_run/nucleus_boundaries.csv.gz",
                "coordinate/untar/test_run/nucleus_boundaries.parquet",
                "coordinate/untar/test_run/transcripts.parquet",
                "coordinate/untar/test_run/transcripts.zarr.zip",
                "pipeline_info",
                "pipeline_info/nf_core_spatialaxe_software_mqc_versions.yml",
                "xeniumranger",
                "xeniumranger/test_run",
                "xeniumranger/test_run/experiment.xenium"
            ],
            [
                ".stub:md5,d41d8cd98f00b204e9800998ecf8427e",
                ".stub:md5,d41d8cd98f00b204e9800998ecf8427e",
                "multiqc_report.html:md5,d41d8cd98f00b204e9800998ecf8427e",
                ".stub:md5,d41d8cd98f00b204e9800998ecf8427e",
                ".stub:md5,d41d8cd98f00b204e9800998ecf8427e",
                "multiqc_report.html:md5,d41d8cd98f00b204e9800998ecf8427e",
                "fake_file.txt:md5,d41d8cd98f00b204e9800998ecf8427e",
                "fake_file.txt:md5,d41d8cd98f00b204e9800998ecf8427e",
                "fake_file.txt:md5,d41d8cd98f00b204e9800998ecf8427e",
                "fake_file.txt:md5,d41d8cd98f00b204e9800998ecf8427e"
            ]
        ],
        "timestamp": "2026-08-04T14:30:03.467198601",
        "meta": {
            "nf-test": "0.9.5",
            "nextflow": "26.04.6"
        }
    }
}