{
    "-profile test": {
        "content": [
            {
                "UNTAR": {
                    "untar": "bsdtar 3.5.3 - libarchive 3.7.4 zlib/1.2.12 liblzma/5.4.3 bz2lib/1.0.8"
                },
                "Workflow": {
                    "nf-core/spatialxe": "v1.0dev"
                }
            },
            [
                "coordinate",
                "coordinate/multiqc",
                "coordinate/multiqc/raw_bundle",
                "coordinate/multiqc/raw_bundle/multiqc_data",
                "coordinate/multiqc/raw_bundle/multiqc_plots",
                "coordinate/multiqc/raw_bundle/multiqc_report.html",
                "coordinate/multiqc/redefined_bundle",
                "coordinate/multiqc/redefined_bundle/multiqc_data",
                "coordinate/multiqc/redefined_bundle/multiqc_plots",
                "coordinate/multiqc/redefined_bundle/multiqc_report.html",
                "coordinate/proseg",
                "coordinate/proseg/preset",
                "coordinate/proseg/preset/test_run",
                "coordinate/proseg/preset/test_run/cell-polygons.geojson.gz",
                "coordinate/proseg/preset/test_run/transcript-metadata.csv.gz",
                "coordinate/proseg/preset/versions.yml",
                "coordinate/proseg/proseg2baysor",
                "coordinate/proseg/proseg2baysor/test_run",
                "coordinate/proseg/proseg2baysor/test_run/cell-polygons.geojson",
                "coordinate/proseg/proseg2baysor/test_run/transcript-metadata.csv",
                "coordinate/proseg/proseg2baysor/versions.yml",
                "coordinate/spatialdata",
                "coordinate/spatialdata/merge",
                "coordinate/spatialdata/merge/spatialdata",
                "coordinate/spatialdata/merge/spatialdata/test_run",
                "coordinate/spatialdata/merge/spatialdata/test_run/merged_bundle",
                "coordinate/spatialdata/merge/spatialdata/test_run/merged_bundle/fake_file.txt",
                "coordinate/spatialdata/merge/versions.yml",
                "coordinate/spatialdata/meta",
                "coordinate/spatialdata/meta/spatialdata",
                "coordinate/spatialdata/meta/spatialdata/test_run",
                "coordinate/spatialdata/meta/spatialdata/test_run/metadata",
                "coordinate/spatialdata/meta/spatialdata/test_run/metadata/fake_file.txt",
                "coordinate/spatialdata/meta/versions.yml",
                "coordinate/spatialdata/write",
                "coordinate/spatialdata/write/spatialdata",
                "coordinate/spatialdata/write/spatialdata/test_run",
                "coordinate/spatialdata/write/spatialdata/test_run/raw_bundle",
                "coordinate/spatialdata/write/spatialdata/test_run/raw_bundle/fake_file.txt",
                "coordinate/spatialdata/write/spatialdata/test_run/redefined_bundle",
                "coordinate/spatialdata/write/spatialdata/test_run/redefined_bundle/fake_file.txt",
                "coordinate/spatialdata/write/versions.yml",
                "coordinate/untar",
                "coordinate/untar/test_run",
                "coordinate/untar/test_run/experiment.xenium",
                "coordinate/untar/test_run/gene_panel.json",
                "coordinate/untar/test_run/morphology.ome.tif",
                "coordinate/untar/test_run/transcripts.parquet",
                "coordinate/untar/test_run/xenium_bundle",
                "coordinate/untar/test_run/xenium_bundle/.end-of-run",
                "coordinate/untar/test_run/xenium_bundle/analysis.tar.gz",
                "coordinate/untar/test_run/xenium_bundle/analysis.zarr.zip",
                "coordinate/untar/test_run/xenium_bundle/analysis_summary.html",
                "coordinate/untar/test_run/xenium_bundle/aux_outputs.tar.gz",
                "coordinate/untar/test_run/xenium_bundle/cell_boundaries.csv.gz",
                "coordinate/untar/test_run/xenium_bundle/cell_boundaries.parquet",
                "coordinate/untar/test_run/xenium_bundle/cell_feature_matrix.h5",
                "coordinate/untar/test_run/xenium_bundle/cell_feature_matrix.tar.gz",
                "coordinate/untar/test_run/xenium_bundle/cell_feature_matrix.zarr.zip",
                "coordinate/untar/test_run/xenium_bundle/cells.csv.gz",
                "coordinate/untar/test_run/xenium_bundle/cells.parquet",
                "coordinate/untar/test_run/xenium_bundle/cells.zarr.zip",
                "coordinate/untar/test_run/xenium_bundle/experiment.xenium",
                "coordinate/untar/test_run/xenium_bundle/gene_panel.json",
                "coordinate/untar/test_run/xenium_bundle/metrics_summary.csv",
                "coordinate/untar/test_run/xenium_bundle/morphology.ome.tif",
                "coordinate/untar/test_run/xenium_bundle/morphology_focus",
                "coordinate/untar/test_run/xenium_bundle/morphology_focus/morphology_focus_0000.ome.tif",
                "coordinate/untar/test_run/xenium_bundle/nucleus_boundaries.csv.gz",
                "coordinate/untar/test_run/xenium_bundle/nucleus_boundaries.parquet",
                "coordinate/untar/test_run/xenium_bundle/transcripts.parquet",
                "coordinate/untar/test_run/xenium_bundle/transcripts.zarr.zip",
                "coordinate/untar/versions.yml",
                "coordinate/xeniumranger",
                "coordinate/xeniumranger/import_segementation",
                "coordinate/xeniumranger/import_segementation/test_run",
                "coordinate/xeniumranger/import_segementation/test_run/outs",
                "coordinate/xeniumranger/import_segementation/test_run/outs/fake_file.txt",
                "coordinate/xeniumranger/import_segementation/versions.yml",
                "pipeline_info",
                "pipeline_info/nf_core_spatialxe_software_mqc_versions.yml"
            ],
            [
                "multiqc_report.html:md5,d41d8cd98f00b204e9800998ecf8427e",
                "multiqc_report.html:md5,d41d8cd98f00b204e9800998ecf8427e",
                "cell-polygons.geojson:md5,d41d8cd98f00b204e9800998ecf8427e",
                "transcript-metadata.csv:md5,d41d8cd98f00b204e9800998ecf8427e",
                "versions.yml:md5,9ff039aad2e015c87487f1a7150d9887",
                "fake_file.txt:md5,d41d8cd98f00b204e9800998ecf8427e",
                "versions.yml:md5,07f7a043ac5687b8d7fc33891b040eec",
                "fake_file.txt:md5,d41d8cd98f00b204e9800998ecf8427e",
                "versions.yml:md5,f2adc6b225c56fabe67e2c1facc94870",
                "fake_file.txt:md5,d41d8cd98f00b204e9800998ecf8427e",
                "fake_file.txt:md5,d41d8cd98f00b204e9800998ecf8427e",
                "versions.yml:md5,216cd26b1224d93ab464338288619a26",
                "experiment.xenium:md5,d41d8cd98f00b204e9800998ecf8427e",
                "gene_panel.json:md5,d41d8cd98f00b204e9800998ecf8427e",
                "morphology.ome.tif:md5,d41d8cd98f00b204e9800998ecf8427e",
                "transcripts.parquet:md5,d41d8cd98f00b204e9800998ecf8427e",
                ".end-of-run:md5,d41d8cd98f00b204e9800998ecf8427e",
                {
                    "absolute": true,
                    "absolutePath": "/Users/priyaltripathi/spatialxe/.nf-test/tests/6f858b4571938d7b726c3c9366a0bf19/output/coordinate/untar/test_run/xenium_bundle/analysis.tar.gz",
                    "canonicalPath": "/Users/priyaltripathi/spatialxe/.nf-test/tests/6f858b4571938d7b726c3c9366a0bf19/output/coordinate/untar/test_run/xenium_bundle/analysis.tar.gz",
                    "directory": false,
                    "file": true,
                    "freeSpace": 10259640320,
                    "hidden": false,
                    "name": "analysis.tar.gz",
                    "parent": "/Users/priyaltripathi/spatialxe/.nf-test/tests/6f858b4571938d7b726c3c9366a0bf19/output/coordinate/untar/test_run/xenium_bundle",
                    "path": "/Users/priyaltripathi/spatialxe/.nf-test/tests/6f858b4571938d7b726c3c9366a0bf19/output/coordinate/untar/test_run/xenium_bundle/analysis.tar.gz",
                    "totalSpace": 245107195904,
                    "usableSpace": 10259640320
                },
                "analysis.zarr.zip:md5,d41d8cd98f00b204e9800998ecf8427e",
                "analysis_summary.html:md5,d41d8cd98f00b204e9800998ecf8427e",
                {
                    "absolute": true,
                    "absolutePath": "/Users/priyaltripathi/spatialxe/.nf-test/tests/6f858b4571938d7b726c3c9366a0bf19/output/coordinate/untar/test_run/xenium_bundle/aux_outputs.tar.gz",
                    "canonicalPath": "/Users/priyaltripathi/spatialxe/.nf-test/tests/6f858b4571938d7b726c3c9366a0bf19/output/coordinate/untar/test_run/xenium_bundle/aux_outputs.tar.gz",
                    "directory": false,
                    "file": true,
                    "freeSpace": 10259640320,
                    "hidden": false,
                    "name": "aux_outputs.tar.gz",
                    "parent": "/Users/priyaltripathi/spatialxe/.nf-test/tests/6f858b4571938d7b726c3c9366a0bf19/output/coordinate/untar/test_run/xenium_bundle",
                    "path": "/Users/priyaltripathi/spatialxe/.nf-test/tests/6f858b4571938d7b726c3c9366a0bf19/output/coordinate/untar/test_run/xenium_bundle/aux_outputs.tar.gz",
                    "totalSpace": 245107195904,
                    "usableSpace": 10259640320
                },
                {
                    "absolute": true,
                    "absolutePath": "/Users/priyaltripathi/spatialxe/.nf-test/tests/6f858b4571938d7b726c3c9366a0bf19/output/coordinate/untar/test_run/xenium_bundle/cell_boundaries.csv.gz",
                    "canonicalPath": "/Users/priyaltripathi/spatialxe/.nf-test/tests/6f858b4571938d7b726c3c9366a0bf19/output/coordinate/untar/test_run/xenium_bundle/cell_boundaries.csv.gz",
                    "directory": false,
                    "file": true,
                    "freeSpace": 10259640320,
                    "hidden": false,
                    "name": "cell_boundaries.csv.gz",
                    "parent": "/Users/priyaltripathi/spatialxe/.nf-test/tests/6f858b4571938d7b726c3c9366a0bf19/output/coordinate/untar/test_run/xenium_bundle",
                    "path": "/Users/priyaltripathi/spatialxe/.nf-test/tests/6f858b4571938d7b726c3c9366a0bf19/output/coordinate/untar/test_run/xenium_bundle/cell_boundaries.csv.gz",
                    "totalSpace": 245107195904,
                    "usableSpace": 10259640320
                },
                "cell_boundaries.parquet:md5,d41d8cd98f00b204e9800998ecf8427e",
                "cell_feature_matrix.h5:md5,d41d8cd98f00b204e9800998ecf8427e",
                {
                    "absolute": true,
                    "absolutePath": "/Users/priyaltripathi/spatialxe/.nf-test/tests/6f858b4571938d7b726c3c9366a0bf19/output/coordinate/untar/test_run/xenium_bundle/cell_feature_matrix.tar.gz",
                    "canonicalPath": "/Users/priyaltripathi/spatialxe/.nf-test/tests/6f858b4571938d7b726c3c9366a0bf19/output/coordinate/untar/test_run/xenium_bundle/cell_feature_matrix.tar.gz",
                    "directory": false,
                    "file": true,
                    "freeSpace": 10259640320,
                    "hidden": false,
                    "name": "cell_feature_matrix.tar.gz",
                    "parent": "/Users/priyaltripathi/spatialxe/.nf-test/tests/6f858b4571938d7b726c3c9366a0bf19/output/coordinate/untar/test_run/xenium_bundle",
                    "path": "/Users/priyaltripathi/spatialxe/.nf-test/tests/6f858b4571938d7b726c3c9366a0bf19/output/coordinate/untar/test_run/xenium_bundle/cell_feature_matrix.tar.gz",
                    "totalSpace": 245107195904,
                    "usableSpace": 10259640320
                },
                "cell_feature_matrix.zarr.zip:md5,d41d8cd98f00b204e9800998ecf8427e",
                {
                    "absolute": true,
                    "absolutePath": "/Users/priyaltripathi/spatialxe/.nf-test/tests/6f858b4571938d7b726c3c9366a0bf19/output/coordinate/untar/test_run/xenium_bundle/cells.csv.gz",
                    "canonicalPath": "/Users/priyaltripathi/spatialxe/.nf-test/tests/6f858b4571938d7b726c3c9366a0bf19/output/coordinate/untar/test_run/xenium_bundle/cells.csv.gz",
                    "directory": false,
                    "file": true,
                    "freeSpace": 10259640320,
                    "hidden": false,
                    "name": "cells.csv.gz",
                    "parent": "/Users/priyaltripathi/spatialxe/.nf-test/tests/6f858b4571938d7b726c3c9366a0bf19/output/coordinate/untar/test_run/xenium_bundle",
                    "path": "/Users/priyaltripathi/spatialxe/.nf-test/tests/6f858b4571938d7b726c3c9366a0bf19/output/coordinate/untar/test_run/xenium_bundle/cells.csv.gz",
                    "totalSpace": 245107195904,
                    "usableSpace": 10259640320
                },
                "cells.parquet:md5,d41d8cd98f00b204e9800998ecf8427e",
                "cells.zarr.zip:md5,d41d8cd98f00b204e9800998ecf8427e",
                "experiment.xenium:md5,d41d8cd98f00b204e9800998ecf8427e",
                "gene_panel.json:md5,d41d8cd98f00b204e9800998ecf8427e",
                "metrics_summary.csv:md5,d41d8cd98f00b204e9800998ecf8427e",
                "morphology.ome.tif:md5,d41d8cd98f00b204e9800998ecf8427e",
                "morphology_focus_0000.ome.tif:md5,d41d8cd98f00b204e9800998ecf8427e",
                {
                    "absolute": true,
                    "absolutePath": "/Users/priyaltripathi/spatialxe/.nf-test/tests/6f858b4571938d7b726c3c9366a0bf19/output/coordinate/untar/test_run/xenium_bundle/nucleus_boundaries.csv.gz",
                    "canonicalPath": "/Users/priyaltripathi/spatialxe/.nf-test/tests/6f858b4571938d7b726c3c9366a0bf19/output/coordinate/untar/test_run/xenium_bundle/nucleus_boundaries.csv.gz",
                    "directory": false,
                    "file": true,
                    "freeSpace": 10259640320,
                    "hidden": false,
                    "name": "nucleus_boundaries.csv.gz",
                    "parent": "/Users/priyaltripathi/spatialxe/.nf-test/tests/6f858b4571938d7b726c3c9366a0bf19/output/coordinate/untar/test_run/xenium_bundle",
                    "path": "/Users/priyaltripathi/spatialxe/.nf-test/tests/6f858b4571938d7b726c3c9366a0bf19/output/coordinate/untar/test_run/xenium_bundle/nucleus_boundaries.csv.gz",
                    "totalSpace": 245107195904,
                    "usableSpace": 10259640320
                },
                "nucleus_boundaries.parquet:md5,d41d8cd98f00b204e9800998ecf8427e",
                "transcripts.parquet:md5,d41d8cd98f00b204e9800998ecf8427e",
                "transcripts.zarr.zip:md5,d41d8cd98f00b204e9800998ecf8427e",
                "versions.yml:md5,fdc4db112522423a19362acb1fd64258",
                "fake_file.txt:md5,d41d8cd98f00b204e9800998ecf8427e",
                "versions.yml:md5,7e76e3dce07f8df00a8628e74c2e6157"
            ]
        ],
        "timestamp": "2026-03-13T15:48:05.427946",
        "meta": {
            "nf-test": "0.9.4",
            "nextflow": "25.10.4"
        }
    }
}