{
    "-profile test": {
        "content": [
            {
                "UNTAR": {
                    "untar": "bsdtar 3.5.3 - libarchive 3.7.4 zlib/1.2.12 liblzma/5.4.3 bz2lib/1.0.8"
                },
                "Workflow": {
                    "nf-core/spatialxe": "v1.0dev"
                }
            },
            [
                "coordinate",
                "coordinate/xeniumranger",
                "coordinate/xeniumranger/import_segementation",
                "coordinate/xeniumranger/import_segementation/test_run",
                "coordinate/xeniumranger/import_segementation/test_run/outs",
                "coordinate/xeniumranger/import_segementation/test_run/outs/fake_file.txt",
                "coordinate/xeniumranger/import_segementation/versions.yml",
                "image",
                "image/baysor",
                "image/baysor/run",
                "image/baysor/run/test_run",
                "image/baysor/run/test_run/segmentation.csv",
                "image/baysor/run/test_run/segmentation_polygons_2d.json",
                "image/baysor/run/versions.yml",
                "image/cellpose_cells",
                "image/cellpose_cells/test_run",
                "image/cellpose_cells/test_run/morphology.ome_cells_masks.tif",
                "image/cellpose_cells/test_run/morphology.ome_cells_seg.npy",
                "image/cellpose_cells/versions.yml",
                "image/multiqc",
                "image/multiqc/raw_bundle",
                "image/multiqc/raw_bundle/multiqc_data",
                "image/multiqc/raw_bundle/multiqc_plots",
                "image/multiqc/raw_bundle/multiqc_report.html",
                "image/multiqc/redefined_bundle",
                "image/multiqc/redefined_bundle/multiqc_data",
                "image/multiqc/redefined_bundle/multiqc_plots",
                "image/multiqc/redefined_bundle/multiqc_report.html",
                "image/spatialdata",
                "image/spatialdata/merge",
                "image/spatialdata/merge/spatialdata",
                "image/spatialdata/merge/spatialdata/test_run",
                "image/spatialdata/merge/spatialdata/test_run/merged_bundle",
                "image/spatialdata/merge/spatialdata/test_run/merged_bundle/fake_file.txt",
                "image/spatialdata/merge/versions.yml",
                "image/spatialdata/meta",
                "image/spatialdata/meta/spatialdata",
                "image/spatialdata/meta/spatialdata/test_run",
                "image/spatialdata/meta/spatialdata/test_run/metadata",
                "image/spatialdata/meta/spatialdata/test_run/metadata/fake_file.txt",
                "image/spatialdata/meta/versions.yml",
                "image/spatialdata/write",
                "image/spatialdata/write/spatialdata",
                "image/spatialdata/write/spatialdata/test_run",
                "image/spatialdata/write/spatialdata/test_run/raw_bundle",
                "image/spatialdata/write/spatialdata/test_run/raw_bundle/fake_file.txt",
                "image/spatialdata/write/spatialdata/test_run/redefined_bundle",
                "image/spatialdata/write/spatialdata/test_run/redefined_bundle/fake_file.txt",
                "image/spatialdata/write/versions.yml",
                "image/untar",
                "image/untar/test_run",
                "image/untar/test_run/experiment.xenium",
                "image/untar/test_run/gene_panel.json",
                "image/untar/test_run/morphology.ome.tif",
                "image/untar/test_run/transcripts.parquet",
                "image/untar/test_run/xenium_bundle",
                "image/untar/test_run/xenium_bundle/.end-of-run",
                "image/untar/test_run/xenium_bundle/analysis.tar.gz",
                "image/untar/test_run/xenium_bundle/analysis.zarr.zip",
                "image/untar/test_run/xenium_bundle/analysis_summary.html",
                "image/untar/test_run/xenium_bundle/aux_outputs.tar.gz",
                "image/untar/test_run/xenium_bundle/cell_boundaries.csv.gz",
                "image/untar/test_run/xenium_bundle/cell_boundaries.parquet",
                "image/untar/test_run/xenium_bundle/cell_feature_matrix.h5",
                "image/untar/test_run/xenium_bundle/cell_feature_matrix.tar.gz",
                "image/untar/test_run/xenium_bundle/cell_feature_matrix.zarr.zip",
                "image/untar/test_run/xenium_bundle/cells.csv.gz",
                "image/untar/test_run/xenium_bundle/cells.parquet",
                "image/untar/test_run/xenium_bundle/cells.zarr.zip",
                "image/untar/test_run/xenium_bundle/experiment.xenium",
                "image/untar/test_run/xenium_bundle/gene_panel.json",
                "image/untar/test_run/xenium_bundle/metrics_summary.csv",
                "image/untar/test_run/xenium_bundle/morphology.ome.tif",
                "image/untar/test_run/xenium_bundle/morphology_focus",
                "image/untar/test_run/xenium_bundle/morphology_focus/morphology_focus_0000.ome.tif",
                "image/untar/test_run/xenium_bundle/nucleus_boundaries.csv.gz",
                "image/untar/test_run/xenium_bundle/nucleus_boundaries.parquet",
                "image/untar/test_run/xenium_bundle/transcripts.parquet",
                "image/untar/test_run/xenium_bundle/transcripts.zarr.zip",
                "image/untar/versions.yml",
                "image/utility",
                "image/utility/resize_tif",
                "image/utility/resize_tif/test_run",
                "image/utility/resize_tif/test_run/resized_morphology.ome_cells_masks.tif.tif",
                "image/utility/resize_tif/versions.yml",
                "pipeline_info",
                "pipeline_info/nf_core_spatialxe_software_mqc_versions.yml"
            ],
            [
                "fake_file.txt:md5,d41d8cd98f00b204e9800998ecf8427e",
                "versions.yml:md5,124884bd49548c3ea63ddf29d238c589",
                "segmentation.csv:md5,d41d8cd98f00b204e9800998ecf8427e",
                "segmentation_polygons_2d.json:md5,d41d8cd98f00b204e9800998ecf8427e",
                "versions.yml:md5,a072fc212a30ce4d87379d0871eff5fb",
                "morphology.ome_cells_masks.tif:md5,d41d8cd98f00b204e9800998ecf8427e",
                "morphology.ome_cells_seg.npy:md5,d41d8cd98f00b204e9800998ecf8427e",
                "versions.yml:md5,d0820ff27c0f37874e94c7922991053b",
                "multiqc_report.html:md5,d41d8cd98f00b204e9800998ecf8427e",
                "multiqc_report.html:md5,d41d8cd98f00b204e9800998ecf8427e",
                "fake_file.txt:md5,d41d8cd98f00b204e9800998ecf8427e",
                "versions.yml:md5,07f7a043ac5687b8d7fc33891b040eec",
                "fake_file.txt:md5,d41d8cd98f00b204e9800998ecf8427e",
                "versions.yml:md5,f2adc6b225c56fabe67e2c1facc94870",
                "fake_file.txt:md5,d41d8cd98f00b204e9800998ecf8427e",
                "fake_file.txt:md5,d41d8cd98f00b204e9800998ecf8427e",
                "versions.yml:md5,216cd26b1224d93ab464338288619a26",
                "experiment.xenium:md5,d41d8cd98f00b204e9800998ecf8427e",
                "gene_panel.json:md5,d41d8cd98f00b204e9800998ecf8427e",
                "morphology.ome.tif:md5,d41d8cd98f00b204e9800998ecf8427e",
                "transcripts.parquet:md5,d41d8cd98f00b204e9800998ecf8427e",
                ".end-of-run:md5,d41d8cd98f00b204e9800998ecf8427e",
                {
                    "absolute": true,
                    "absolutePath": "/Users/priyaltripathi/spatialxe/.nf-test/tests/de9fb8c060dbe28872fd2f7f09f3598/output/image/untar/test_run/xenium_bundle/analysis.tar.gz",
                    "canonicalPath": "/Users/priyaltripathi/spatialxe/.nf-test/tests/de9fb8c060dbe28872fd2f7f09f3598/output/image/untar/test_run/xenium_bundle/analysis.tar.gz",
                    "directory": false,
                    "file": true,
                    "freeSpace": 10251034624,
                    "hidden": false,
                    "name": "analysis.tar.gz",
                    "parent": "/Users/priyaltripathi/spatialxe/.nf-test/tests/de9fb8c060dbe28872fd2f7f09f3598/output/image/untar/test_run/xenium_bundle",
                    "path": "/Users/priyaltripathi/spatialxe/.nf-test/tests/de9fb8c060dbe28872fd2f7f09f3598/output/image/untar/test_run/xenium_bundle/analysis.tar.gz",
                    "totalSpace": 245107195904,
                    "usableSpace": 10251034624
                },
                "analysis.zarr.zip:md5,d41d8cd98f00b204e9800998ecf8427e",
                "analysis_summary.html:md5,d41d8cd98f00b204e9800998ecf8427e",
                {
                    "absolute": true,
                    "absolutePath": "/Users/priyaltripathi/spatialxe/.nf-test/tests/de9fb8c060dbe28872fd2f7f09f3598/output/image/untar/test_run/xenium_bundle/aux_outputs.tar.gz",
                    "canonicalPath": "/Users/priyaltripathi/spatialxe/.nf-test/tests/de9fb8c060dbe28872fd2f7f09f3598/output/image/untar/test_run/xenium_bundle/aux_outputs.tar.gz",
                    "directory": false,
                    "file": true,
                    "freeSpace": 10251034624,
                    "hidden": false,
                    "name": "aux_outputs.tar.gz",
                    "parent": "/Users/priyaltripathi/spatialxe/.nf-test/tests/de9fb8c060dbe28872fd2f7f09f3598/output/image/untar/test_run/xenium_bundle",
                    "path": "/Users/priyaltripathi/spatialxe/.nf-test/tests/de9fb8c060dbe28872fd2f7f09f3598/output/image/untar/test_run/xenium_bundle/aux_outputs.tar.gz",
                    "totalSpace": 245107195904,
                    "usableSpace": 10251034624
                },
                {
                    "absolute": true,
                    "absolutePath": "/Users/priyaltripathi/spatialxe/.nf-test/tests/de9fb8c060dbe28872fd2f7f09f3598/output/image/untar/test_run/xenium_bundle/cell_boundaries.csv.gz",
                    "canonicalPath": "/Users/priyaltripathi/spatialxe/.nf-test/tests/de9fb8c060dbe28872fd2f7f09f3598/output/image/untar/test_run/xenium_bundle/cell_boundaries.csv.gz",
                    "directory": false,
                    "file": true,
                    "freeSpace": 10251034624,
                    "hidden": false,
                    "name": "cell_boundaries.csv.gz",
                    "parent": "/Users/priyaltripathi/spatialxe/.nf-test/tests/de9fb8c060dbe28872fd2f7f09f3598/output/image/untar/test_run/xenium_bundle",
                    "path": "/Users/priyaltripathi/spatialxe/.nf-test/tests/de9fb8c060dbe28872fd2f7f09f3598/output/image/untar/test_run/xenium_bundle/cell_boundaries.csv.gz",
                    "totalSpace": 245107195904,
                    "usableSpace": 10251034624
                },
                "cell_boundaries.parquet:md5,d41d8cd98f00b204e9800998ecf8427e",
                "cell_feature_matrix.h5:md5,d41d8cd98f00b204e9800998ecf8427e",
                {
                    "absolute": true,
                    "absolutePath": "/Users/priyaltripathi/spatialxe/.nf-test/tests/de9fb8c060dbe28872fd2f7f09f3598/output/image/untar/test_run/xenium_bundle/cell_feature_matrix.tar.gz",
                    "canonicalPath": "/Users/priyaltripathi/spatialxe/.nf-test/tests/de9fb8c060dbe28872fd2f7f09f3598/output/image/untar/test_run/xenium_bundle/cell_feature_matrix.tar.gz",
                    "directory": false,
                    "file": true,
                    "freeSpace": 10251034624,
                    "hidden": false,
                    "name": "cell_feature_matrix.tar.gz",
                    "parent": "/Users/priyaltripathi/spatialxe/.nf-test/tests/de9fb8c060dbe28872fd2f7f09f3598/output/image/untar/test_run/xenium_bundle",
                    "path": "/Users/priyaltripathi/spatialxe/.nf-test/tests/de9fb8c060dbe28872fd2f7f09f3598/output/image/untar/test_run/xenium_bundle/cell_feature_matrix.tar.gz",
                    "totalSpace": 245107195904,
                    "usableSpace": 10251034624
                },
                "cell_feature_matrix.zarr.zip:md5,d41d8cd98f00b204e9800998ecf8427e",
                {
                    "absolute": true,
                    "absolutePath": "/Users/priyaltripathi/spatialxe/.nf-test/tests/de9fb8c060dbe28872fd2f7f09f3598/output/image/untar/test_run/xenium_bundle/cells.csv.gz",
                    "canonicalPath": "/Users/priyaltripathi/spatialxe/.nf-test/tests/de9fb8c060dbe28872fd2f7f09f3598/output/image/untar/test_run/xenium_bundle/cells.csv.gz",
                    "directory": false,
                    "file": true,
                    "freeSpace": 10251034624,
                    "hidden": false,
                    "name": "cells.csv.gz",
                    "parent": "/Users/priyaltripathi/spatialxe/.nf-test/tests/de9fb8c060dbe28872fd2f7f09f3598/output/image/untar/test_run/xenium_bundle",
                    "path": "/Users/priyaltripathi/spatialxe/.nf-test/tests/de9fb8c060dbe28872fd2f7f09f3598/output/image/untar/test_run/xenium_bundle/cells.csv.gz",
                    "totalSpace": 245107195904,
                    "usableSpace": 10251034624
                },
                "cells.parquet:md5,d41d8cd98f00b204e9800998ecf8427e",
                "cells.zarr.zip:md5,d41d8cd98f00b204e9800998ecf8427e",
                "experiment.xenium:md5,d41d8cd98f00b204e9800998ecf8427e",
                "gene_panel.json:md5,d41d8cd98f00b204e9800998ecf8427e",
                "metrics_summary.csv:md5,d41d8cd98f00b204e9800998ecf8427e",
                "morphology.ome.tif:md5,d41d8cd98f00b204e9800998ecf8427e",
                "morphology_focus_0000.ome.tif:md5,d41d8cd98f00b204e9800998ecf8427e",
                {
                    "absolute": true,
                    "absolutePath": "/Users/priyaltripathi/spatialxe/.nf-test/tests/de9fb8c060dbe28872fd2f7f09f3598/output/image/untar/test_run/xenium_bundle/nucleus_boundaries.csv.gz",
                    "canonicalPath": "/Users/priyaltripathi/spatialxe/.nf-test/tests/de9fb8c060dbe28872fd2f7f09f3598/output/image/untar/test_run/xenium_bundle/nucleus_boundaries.csv.gz",
                    "directory": false,
                    "file": true,
                    "freeSpace": 10251034624,
                    "hidden": false,
                    "name": "nucleus_boundaries.csv.gz",
                    "parent": "/Users/priyaltripathi/spatialxe/.nf-test/tests/de9fb8c060dbe28872fd2f7f09f3598/output/image/untar/test_run/xenium_bundle",
                    "path": "/Users/priyaltripathi/spatialxe/.nf-test/tests/de9fb8c060dbe28872fd2f7f09f3598/output/image/untar/test_run/xenium_bundle/nucleus_boundaries.csv.gz",
                    "totalSpace": 245107195904,
                    "usableSpace": 10251034624
                },
                "nucleus_boundaries.parquet:md5,d41d8cd98f00b204e9800998ecf8427e",
                "transcripts.parquet:md5,d41d8cd98f00b204e9800998ecf8427e",
                "transcripts.zarr.zip:md5,d41d8cd98f00b204e9800998ecf8427e",
                "versions.yml:md5,fdc4db112522423a19362acb1fd64258",
                "resized_morphology.ome_cells_masks.tif.tif:md5,d41d8cd98f00b204e9800998ecf8427e",
                "versions.yml:md5,686bf4196185d2e13ae2e12221233b7e"
            ]
        ],
        "timestamp": "2026-03-13T15:48:20.350747",
        "meta": {
            "nf-test": "0.9.4",
            "nextflow": "25.10.4"
        }
    }
}