{
    "spoqc general": {
        "content": [
            {
                "0": [
                    [
                        "all_images.pdf:md5,de20ef7714f711f30a4cdf3fb2348b94",
                        "all_images.png:md5,5912c38fa825bbccd656c121e924f575",
                        "histogram_cell_area_all.pdf:md5,20eb0962ee740cc56eace5f756f7dfad",
                        "histogram_cell_area_all.png:md5,7a31e06a5dd5447fa5313e884c04ca64",
                        "histogram_cell_area_total.pdf:md5,db780b12e7ebcb8631052c96fd409afe",
                        "histogram_cell_area_total.png:md5,1f150310e9a72da0a1b1079e935df47d",
                        "histogram_log10_cell_area_all.pdf:md5,0a908a754f834c97fa658255c491c105",
                        "histogram_log10_cell_area_all.png:md5,d1b82f8425f3bebe4b7b364863b09bf3",
                        "histogram_log10_n_genes_by_counts_all.pdf:md5,af931c41dff6375532e47a256dbd7e83",
                        "histogram_log10_n_genes_by_counts_all.png:md5,9bbc38e2142a453401f521adaca2b3ad",
                        "histogram_log10_nucleus_area_all.pdf:md5,c069f43b39c314f766a9fa755d9491f1",
                        "histogram_log10_nucleus_area_all.png:md5,c78a5bbc3ca9e273fef99e8a2e5742a0",
                        "histogram_log10_total_counts_all.pdf:md5,5d1ca438566d62602a65ecbc5d478c1d",
                        "histogram_log10_total_counts_all.png:md5,399c087564e15055c5983f0860948148",
                        "histogram_log10_transcript_counts_all.pdf:md5,276e89094fb1541fb3e799dbb748bdda",
                        "histogram_log10_transcript_counts_all.png:md5,e5c9c3c5fcd47a8d4da4a8cc9abb4c0e",
                        "histogram_log_n_cells_by_counts.pdf:md5,c0f6993013df7e2209ccf28eb013eda5",
                        "histogram_log_n_cells_by_counts.png:md5,626ac7c078d7634ddbd9f17192e126d4",
                        "histogram_n_genes_by_counts_all.pdf:md5,bd50af61b7320b24eb378398d90d0496",
                        "histogram_n_genes_by_counts_all.png:md5,67f97d83fba131bd86e567e70fbab8da",
                        "histogram_n_genes_by_counts_total.pdf:md5,553e9d95864ff1d41691c296a3b47d35",
                        "histogram_n_genes_by_counts_total.png:md5,98a38bb40bbe3d5c53bbc76ca6c36001",
                        "histogram_nucleus_area_all.pdf:md5,a52aa47d1cd4d1bcc64cf2ad6d47fcbe",
                        "histogram_nucleus_area_all.png:md5,b79246836dc5d106bcc9b1ec5f1f7e8a",
                        "histogram_nucleus_area_total.pdf:md5,e36fde1c69409c0a7798be75ced228a9",
                        "histogram_nucleus_area_total.png:md5,69ea2931e6944ad2d4179e1819b41ac7",
                        "histogram_pct_counts_mt_all.pdf:md5,6f71bce5af37f6e898a15a37c2a49bca",
                        "histogram_pct_counts_mt_all.png:md5,e831093ebc8b314f06099c4774c3f750",
                        "histogram_pct_counts_mt_total.pdf:md5,d27a3837c595d7d2b7b0d21c0d0286f5",
                        "histogram_pct_counts_mt_total.png:md5,c1cf4aa823f010a84659af16aa916e15",
                        "histogram_pct_counts_ribo_all.pdf:md5,e933cda028c5317fe5e22c44d2d40d08",
                        "histogram_pct_counts_ribo_all.png:md5,014ce5d388a2903e144b74531c806488",
                        "histogram_pct_counts_ribo_total.pdf:md5,c241db5c1cb42aef741fb9b314918a51",
                        "histogram_pct_counts_ribo_total.png:md5,de05010aac435bcf3363eeec3bb82949",
                        "histogram_total_counts_all.pdf:md5,bc1e426e85d15e3f272a66720ad3bdaf",
                        "histogram_total_counts_all.png:md5,de8480a2a4cf721540339988f9a6ffaa",
                        "histogram_total_counts_total.pdf:md5,f6f37b01b7faeac751cda697ec82ba26",
                        "histogram_total_counts_total.png:md5,4a412bd8b8478efe5272caeeefabfee4",
                        "histogram_transcript_counts_all.pdf:md5,98e3810f9be143c942220432bccfebc6",
                        "histogram_transcript_counts_all.png:md5,e269f8c4bef1344bb13040daeeed4c41",
                        "histogram_transcript_counts_total.pdf:md5,e0b13ea0d235c59f76f204b89c1240eb",
                        "histogram_transcript_counts_total.png:md5,d3f7197047015e610031f655d4a12d97",
                        "image_cell_circles_1.pdf:md5,d111476c6b1a6a8057c2ec39c34edc4e",
                        "image_cell_circles_1.png:md5,373c2920d51d04a8079797aa01ed8316",
                        "invalid_nucleus_geomtry_0.pdf:md5,5e28c0243a579299163bc2bae51f4dc1",
                        "invalid_nucleus_geomtry_0.png:md5,eec306618d9039fc8c19c27ad8f1baf8",
                        "invalid_nucleus_geomtry_1.pdf:md5,891305db1ff4e6092c0f1f770b798dfb",
                        "invalid_nucleus_geomtry_1.png:md5,6d6fdc60922b7981811b75038fe3ba86",
                        "morphology_focus.pdf:md5,6384cbdc6e751115ca05b996a726f619",
                        "morphology_focus.png:md5,701bdd9b7773ea65ef26d75bb672cbfa",
                        "rawqc.txt:md5,6a52eda1877656e75913541fd1eb840d",
                        "rna_qc_sample_mqc.html:md5,bec3e9fe40f7174d823d3042d87c6fe4",
                        "scatterplot_densityplot_invalid_cell_geometry.pdf:md5,648cd404d901167c5bdb80f4ec5e41d8",
                        "scatterplot_densityplot_invalid_cell_geometry.png:md5,bdc9d42e388f9f372fc54cdac5da8165",
                        "scatterplot_densityplot_invalid_nucleus_geometry.pdf:md5,c7e21c645dcb1de3bc74877f171f20f0",
                        "scatterplot_densityplot_invalid_nucleus_geometry.png:md5,d5f30a72f51a8ed27b636b19e70c3639",
                        "scatterplot_pearsoncorr_n_genes_by_counts_cell_area.pdf:md5,d1af7952a8af7901d6be8b4ab5380a64",
                        "scatterplot_pearsoncorr_n_genes_by_counts_cell_area.png:md5,b2620ebb973e3f1a40e09ae808f95562",
                        "scatterplot_pearsoncorr_transcript_counts_cell_area.pdf:md5,106e090ad397753b63f0656f0d12b223",
                        "scatterplot_pearsoncorr_transcript_counts_cell_area.png:md5,e1c9247338e6ab421a7fa759d9e09949",
                        "scatterplot_total_counts_vs_n_genes_by_counts.pdf:md5,0c0d50fa5fe9ed63ffa908ad2460f91e",
                        "scatterplot_total_counts_vs_n_genes_by_counts.png:md5,7457ae981c880493a70674321afc53b0"
                    ]
                ],
                "1": [
                    "generalqc_output_hqcr.parquet:md5,a3017ea4df71cb5998a5fab0fcd83cd0"
                ],
                "2": [
                    [
                        "SPOQC_GENERAL",
                        "spoqc",
                        "0.1.0"
                    ]
                ],
                "report": [
                    [
                        "all_images.pdf:md5,de20ef7714f711f30a4cdf3fb2348b94",
                        "all_images.png:md5,5912c38fa825bbccd656c121e924f575",
                        "histogram_cell_area_all.pdf:md5,20eb0962ee740cc56eace5f756f7dfad",
                        "histogram_cell_area_all.png:md5,7a31e06a5dd5447fa5313e884c04ca64",
                        "histogram_cell_area_total.pdf:md5,db780b12e7ebcb8631052c96fd409afe",
                        "histogram_cell_area_total.png:md5,1f150310e9a72da0a1b1079e935df47d",
                        "histogram_log10_cell_area_all.pdf:md5,0a908a754f834c97fa658255c491c105",
                        "histogram_log10_cell_area_all.png:md5,d1b82f8425f3bebe4b7b364863b09bf3",
                        "histogram_log10_n_genes_by_counts_all.pdf:md5,af931c41dff6375532e47a256dbd7e83",
                        "histogram_log10_n_genes_by_counts_all.png:md5,9bbc38e2142a453401f521adaca2b3ad",
                        "histogram_log10_nucleus_area_all.pdf:md5,c069f43b39c314f766a9fa755d9491f1",
                        "histogram_log10_nucleus_area_all.png:md5,c78a5bbc3ca9e273fef99e8a2e5742a0",
                        "histogram_log10_total_counts_all.pdf:md5,5d1ca438566d62602a65ecbc5d478c1d",
                        "histogram_log10_total_counts_all.png:md5,399c087564e15055c5983f0860948148",
                        "histogram_log10_transcript_counts_all.pdf:md5,276e89094fb1541fb3e799dbb748bdda",
                        "histogram_log10_transcript_counts_all.png:md5,e5c9c3c5fcd47a8d4da4a8cc9abb4c0e",
                        "histogram_log_n_cells_by_counts.pdf:md5,c0f6993013df7e2209ccf28eb013eda5",
                        "histogram_log_n_cells_by_counts.png:md5,626ac7c078d7634ddbd9f17192e126d4",
                        "histogram_n_genes_by_counts_all.pdf:md5,bd50af61b7320b24eb378398d90d0496",
                        "histogram_n_genes_by_counts_all.png:md5,67f97d83fba131bd86e567e70fbab8da",
                        "histogram_n_genes_by_counts_total.pdf:md5,553e9d95864ff1d41691c296a3b47d35",
                        "histogram_n_genes_by_counts_total.png:md5,98a38bb40bbe3d5c53bbc76ca6c36001",
                        "histogram_nucleus_area_all.pdf:md5,a52aa47d1cd4d1bcc64cf2ad6d47fcbe",
                        "histogram_nucleus_area_all.png:md5,b79246836dc5d106bcc9b1ec5f1f7e8a",
                        "histogram_nucleus_area_total.pdf:md5,e36fde1c69409c0a7798be75ced228a9",
                        "histogram_nucleus_area_total.png:md5,69ea2931e6944ad2d4179e1819b41ac7",
                        "histogram_pct_counts_mt_all.pdf:md5,6f71bce5af37f6e898a15a37c2a49bca",
                        "histogram_pct_counts_mt_all.png:md5,e831093ebc8b314f06099c4774c3f750",
                        "histogram_pct_counts_mt_total.pdf:md5,d27a3837c595d7d2b7b0d21c0d0286f5",
                        "histogram_pct_counts_mt_total.png:md5,c1cf4aa823f010a84659af16aa916e15",
                        "histogram_pct_counts_ribo_all.pdf:md5,e933cda028c5317fe5e22c44d2d40d08",
                        "histogram_pct_counts_ribo_all.png:md5,014ce5d388a2903e144b74531c806488",
                        "histogram_pct_counts_ribo_total.pdf:md5,c241db5c1cb42aef741fb9b314918a51",
                        "histogram_pct_counts_ribo_total.png:md5,de05010aac435bcf3363eeec3bb82949",
                        "histogram_total_counts_all.pdf:md5,bc1e426e85d15e3f272a66720ad3bdaf",
                        "histogram_total_counts_all.png:md5,de8480a2a4cf721540339988f9a6ffaa",
                        "histogram_total_counts_total.pdf:md5,f6f37b01b7faeac751cda697ec82ba26",
                        "histogram_total_counts_total.png:md5,4a412bd8b8478efe5272caeeefabfee4",
                        "histogram_transcript_counts_all.pdf:md5,98e3810f9be143c942220432bccfebc6",
                        "histogram_transcript_counts_all.png:md5,e269f8c4bef1344bb13040daeeed4c41",
                        "histogram_transcript_counts_total.pdf:md5,e0b13ea0d235c59f76f204b89c1240eb",
                        "histogram_transcript_counts_total.png:md5,d3f7197047015e610031f655d4a12d97",
                        "image_cell_circles_1.pdf:md5,d111476c6b1a6a8057c2ec39c34edc4e",
                        "image_cell_circles_1.png:md5,373c2920d51d04a8079797aa01ed8316",
                        "invalid_nucleus_geomtry_0.pdf:md5,5e28c0243a579299163bc2bae51f4dc1",
                        "invalid_nucleus_geomtry_0.png:md5,eec306618d9039fc8c19c27ad8f1baf8",
                        "invalid_nucleus_geomtry_1.pdf:md5,891305db1ff4e6092c0f1f770b798dfb",
                        "invalid_nucleus_geomtry_1.png:md5,6d6fdc60922b7981811b75038fe3ba86",
                        "morphology_focus.pdf:md5,6384cbdc6e751115ca05b996a726f619",
                        "morphology_focus.png:md5,701bdd9b7773ea65ef26d75bb672cbfa",
                        "rawqc.txt:md5,6a52eda1877656e75913541fd1eb840d",
                        "rna_qc_sample_mqc.html:md5,bec3e9fe40f7174d823d3042d87c6fe4",
                        "scatterplot_densityplot_invalid_cell_geometry.pdf:md5,648cd404d901167c5bdb80f4ec5e41d8",
                        "scatterplot_densityplot_invalid_cell_geometry.png:md5,bdc9d42e388f9f372fc54cdac5da8165",
                        "scatterplot_densityplot_invalid_nucleus_geometry.pdf:md5,c7e21c645dcb1de3bc74877f171f20f0",
                        "scatterplot_densityplot_invalid_nucleus_geometry.png:md5,d5f30a72f51a8ed27b636b19e70c3639",
                        "scatterplot_pearsoncorr_n_genes_by_counts_cell_area.pdf:md5,d1af7952a8af7901d6be8b4ab5380a64",
                        "scatterplot_pearsoncorr_n_genes_by_counts_cell_area.png:md5,b2620ebb973e3f1a40e09ae808f95562",
                        "scatterplot_pearsoncorr_transcript_counts_cell_area.pdf:md5,106e090ad397753b63f0656f0d12b223",
                        "scatterplot_pearsoncorr_transcript_counts_cell_area.png:md5,e1c9247338e6ab421a7fa759d9e09949",
                        "scatterplot_total_counts_vs_n_genes_by_counts.pdf:md5,0c0d50fa5fe9ed63ffa908ad2460f91e",
                        "scatterplot_total_counts_vs_n_genes_by_counts.png:md5,7457ae981c880493a70674321afc53b0"
                    ]
                ],
                "tmp": [
                    "generalqc_output_hqcr.parquet:md5,a3017ea4df71cb5998a5fab0fcd83cd0"
                ],
                "versions_spoqc": [
                    [
                        "SPOQC_GENERAL",
                        "spoqc",
                        "0.1.0"
                    ]
                ]
            }
        ],
        "timestamp": "2026-07-17T14:57:22.386363399",
        "meta": {
            "nf-test": "0.9.5",
            "nextflow": "26.04.2"
        }
    },
    "spoqc general stub": {
        "content": [
            {
                "0": [
                    [
                        
                    ]
                ],
                "1": [
                    "generalqc_output_hqcr.parquet:md5,d41d8cd98f00b204e9800998ecf8427e"
                ],
                "2": [
                    [
                        "SPOQC_GENERAL",
                        "spoqc",
                        "0.1.0"
                    ]
                ],
                "report": [
                    [
                        
                    ]
                ],
                "tmp": [
                    "generalqc_output_hqcr.parquet:md5,d41d8cd98f00b204e9800998ecf8427e"
                ],
                "versions_spoqc": [
                    [
                        "SPOQC_GENERAL",
                        "spoqc",
                        "0.1.0"
                    ]
                ]
            }
        ],
        "timestamp": "2026-07-17T14:58:18.170026992",
        "meta": {
            "nf-test": "0.9.5",
            "nextflow": "26.04.2"
        }
    }
}