{
    "versions_stub": {
        "content": [
            [
                [
                    "BAYSOR_PREVIEW",
                    "baysor",
                    "0.7.1"
                ]
            ]
        ],
        "meta": {
            "nf-test": "0.9.3",
            "nextflow": "25.10.2"
        },
        "timestamp": "2026-03-21T03:58:47.202659888"
    },
    "versions": {
        "content": [
            [
                [
                    "BAYSOR_PREVIEW",
                    "baysor",
                    "0.7.1"
                ]
            ]
        ],
        "meta": {
            "nf-test": "0.9.3",
            "nextflow": "25.10.2"
        },
        "timestamp": "2026-03-21T03:58:35.006511807"
    }
}