{
    "spoqc marker stub": {
        "content": [
            {
                "0": [
                    [
                        
                    ]
                ],
                "1": [
                    [
                        "SPOQC_MARKER",
                        "spoqc",
                        "0.1.0"
                    ]
                ],
                "report": [
                    [
                        
                    ]
                ],
                "versions_spoqc": [
                    [
                        "SPOQC_MARKER",
                        "spoqc",
                        "0.1.0"
                    ]
                ]
            }
        ],
        "timestamp": "2026-07-17T12:56:34.628759478",
        "meta": {
            "nf-test": "0.9.5",
            "nextflow": "26.04.2"
        }
    },
    "spoqc marker": {
        "content": [
            {
                "0": [
                    [
                        
                    ]
                ],
                "1": [
                    [
                        "SPOQC_MARKER",
                        "spoqc",
                        "0.1.0"
                    ]
                ],
                "report": [
                    [
                        
                    ]
                ],
                "versions_spoqc": [
                    [
                        "SPOQC_MARKER",
                        "spoqc",
                        "0.1.0"
                    ]
                ]
            }
        ],
        "timestamp": "2026-07-17T12:55:47.263826449",
        "meta": {
            "nf-test": "0.9.5",
            "nextflow": "26.04.2"
        }
    }
}