{
    "spoqc cellcycle stub": {
        "content": [
            {
                "0": [
                    [
                        
                    ]
                ],
                "1": [
                    [
                        "SPOQC_CELLCYCLE",
                        "spoqc",
                        "0.1.0"
                    ]
                ],
                "report": [
                    [
                        
                    ]
                ],
                "versions_spoqc": [
                    [
                        "SPOQC_CELLCYCLE",
                        "spoqc",
                        "0.1.0"
                    ]
                ]
            }
        ],
        "timestamp": "2026-07-17T14:45:43.268583283",
        "meta": {
            "nf-test": "0.9.5",
            "nextflow": "26.04.2"
        }
    },
    "spoqc cellcycle": {
        "content": [
            {
                "0": [
                    [
                        
                    ]
                ],
                "1": [
                    [
                        "SPOQC_CELLCYCLE",
                        "spoqc",
                        "0.1.0"
                    ]
                ],
                "report": [
                    [
                        
                    ]
                ],
                "versions_spoqc": [
                    [
                        "SPOQC_CELLCYCLE",
                        "spoqc",
                        "0.1.0"
                    ]
                ]
            }
        ],
        "timestamp": "2026-07-17T14:45:02.827129321",
        "meta": {
            "nf-test": "0.9.5",
            "nextflow": "26.04.2"
        }
    }
}