{
    "spoqc combine_masks": {
        "content": [
            {
                "0": [
                    [
                        "hist_hqcr_beliefs.pdf:md5,69b77471249b7a405b8522ed9a347391",
                        "hist_hqcr_beliefs.png:md5,3a7746baf4723f1008547b002b651f1d",
                        "hist_hqcr_beliefs_log.pdf:md5,f47a40ff090e370da51d6dfc262d87e5",
                        "hist_hqcr_beliefs_log.png:md5,a98e76cc94764d0a046200b37998c8a7",
                        "hist_hqcr_beliefs_smoothed.pdf:md5,32645eff0d2604c1b67d99b9c0032ca7",
                        "hist_hqcr_beliefs_smoothed.png:md5,3395d3ae57433500748f6401b12322f6",
                        "hist_hqcr_beliefs_smoothed_log.pdf:md5,e669767632aa5c0b5b8ddda4531ac5b4",
                        "hist_hqcr_beliefs_smoothed_log.png:md5,9b3c5c1a401027c6e764ab31e339d0ee",
                        "hist_hqpr_0_beliefs.pdf:md5,7fabfb1afd1cd9af93a3e2f1a1e4377d",
                        "hist_hqpr_0_beliefs.png:md5,a7693a5d033107b291c278b105ea6f4e",
                        "hist_hqpr_0_beliefs_log.pdf:md5,a325ad7a1efccc31c1ffb0f2ce5f3b3c",
                        "hist_hqpr_0_beliefs_log.png:md5,c899d57df781dd10673c80632d9ee715",
                        "hist_hqpr_0_beliefs_smoothed.pdf:md5,2b5ab82d39885129970d648b1cb9a291",
                        "hist_hqpr_0_beliefs_smoothed.png:md5,6efc5d58e12fc4aaeb4c143a1b076ff1",
                        "hist_hqpr_0_beliefs_smoothed_log.pdf:md5,41d7c071b5d4b8c68efaaa038d060d8d",
                        "hist_hqpr_0_beliefs_smoothed_log.png:md5,93939d00fb99aa474fbe42a672a0a9e5",
                        "hist_hqtr_beliefs.pdf:md5,e0d1f3b80f7239ff83984f56d2f9d1d4",
                        "hist_hqtr_beliefs.png:md5,53886ce15347465e08d5980c465da7cb",
                        "hist_hqtr_beliefs_log.pdf:md5,da1f63c3664dbb4d6d12f5945eb0a611",
                        "hist_hqtr_beliefs_log.png:md5,81543bf7b6ae1ed7b025f3387e336d80",
                        "hist_hqtr_beliefs_smoothed.pdf:md5,a47c289f36047b93ef29b421c0d4a590",
                        "hist_hqtr_beliefs_smoothed.png:md5,2424ccf40d4a42627486749ac873eabd",
                        "hist_hqtr_beliefs_smoothed_log.pdf:md5,eca8fd5cceb5161ad3f5465dd517b766",
                        "hist_hqtr_beliefs_smoothed_log.png:md5,85b965b5c8dd13ae548d61aaab1b5cdd",
                        "imageplot_combined_beliefs.pdf:md5,9623d7716613eedf2bee7c593032d375",
                        "imageplot_combined_beliefs.png:md5,26ce9e613d6dd41621cf2a0d93460836",
                        "imageplot_combined_beliefs_smoothed.pdf:md5,923ca27cd8af367688d184a242103704",
                        "imageplot_combined_beliefs_smoothed.png:md5,54e7ffcd834410e41a9dc51cd5cc4701",
                        "imageplot_combined_masks.pdf:md5,66577e15c205a5a39c5bebd846a1d78e",
                        "imageplot_combined_masks.png:md5,c06cf0b1a5670f2f8f9c76c8661793e3",
                        "imageplot_combined_masks_smoothed.pdf:md5,4c97da79bba5ca39cebfd5926d09c87e",
                        "imageplot_combined_masks_smoothed.png:md5,2328c1d27aa20f53c75f60f3df92652d",
                        "imageplot_hqcr_beliefs.pdf:md5,3d62935e586362eea7d94dca7b3f095b",
                        "imageplot_hqcr_beliefs.png:md5,a7d362f8beb87f7cf2740999b9e6cd9a",
                        "imageplot_hqcr_beliefs_smoothed.pdf:md5,2fe072a6cf83fcee827f4a4485a8ba91",
                        "imageplot_hqcr_beliefs_smoothed.png:md5,ed3df02707091698ec2cbad1aab6e519",
                        "imageplot_hqcr_mask.pdf:md5,b5c15e5a89b7af63ddf429b97f0635f2",
                        "imageplot_hqcr_mask.png:md5,d74ceb4ff49b38b9994f4e2c0725628b",
                        "imageplot_hqcr_mask_smoothed.pdf:md5,7e719f96146aa52b75ac06649a0a566c",
                        "imageplot_hqcr_mask_smoothed.png:md5,5630facae5f3883105bd6f7a37202775",
                        "imageplot_hqpr_0_beliefs.pdf:md5,d40783f1f7cc6a3343e53cde3046bf6f",
                        "imageplot_hqpr_0_beliefs.png:md5,52d69bdc2b54c4281b587232cfe6c100",
                        "imageplot_hqpr_0_beliefs_smoothed.pdf:md5,712a5733519cc3a4889091cd220c9b43",
                        "imageplot_hqpr_0_beliefs_smoothed.png:md5,767778b1e5303ac3bae23f757ad74b07",
                        "imageplot_hqpr_0_mask.pdf:md5,a2b77553d33189e0c923c0eed4f7d0de",
                        "imageplot_hqpr_0_mask.png:md5,65a43aade02139d13bca30ae56a4e6a8",
                        "imageplot_hqpr_0_mask_smoothed.pdf:md5,d57915b61dde13294fa10069bb82a0d3",
                        "imageplot_hqpr_0_mask_smoothed.png:md5,dd2b6daaa8ff0db709c0cf43dd1824b3",
                        "imageplot_hqtr_beliefs.pdf:md5,49ad6142d89d1ae1c9d0644a3ac55fab",
                        "imageplot_hqtr_beliefs.png:md5,ea0f35afa8ca6c2c7a45b787094dee7a",
                        "imageplot_hqtr_beliefs_smoothed.pdf:md5,67a86045d38b2a404a0e54368891827f",
                        "imageplot_hqtr_beliefs_smoothed.png:md5,e84cd77b82e7835a39aa4119639d88a1",
                        "imageplot_hqtr_mask.pdf:md5,7b98e1ba3b1281a949b3b1845b411b0c",
                        "imageplot_hqtr_mask.png:md5,e28e7105777a325edfc52904fd1349b1",
                        "imageplot_hqtr_mask_smoothed.pdf:md5,34a2c04e356572c42d71f857ad2da108",
                        "imageplot_hqtr_mask_smoothed.png:md5,31ae83e46fb00f1800f1f7cc221e0d9e",
                        "venn_combined_masks.pdf:md5,6017c02a46720a7406d9acc55bcb4c87",
                        "venn_combined_masks.png:md5,3bf89c8df326e85bdbd44615504ccb7a",
                        "venn_combined_masks_smoothed.pdf:md5,91ae8758adf0b77fde99f6b3dbcf84fd",
                        "venn_combined_masks_smoothed.png:md5,3bf89c8df326e85bdbd44615504ccb7a"
                    ]
                ],
                "1": [
                    [
                        "SPOQC_COMBINE_MASKS",
                        "spoqc",
                        "0.1.0"
                    ]
                ],
                "report": [
                    [
                        "hist_hqcr_beliefs.pdf:md5,69b77471249b7a405b8522ed9a347391",
                        "hist_hqcr_beliefs.png:md5,3a7746baf4723f1008547b002b651f1d",
                        "hist_hqcr_beliefs_log.pdf:md5,f47a40ff090e370da51d6dfc262d87e5",
                        "hist_hqcr_beliefs_log.png:md5,a98e76cc94764d0a046200b37998c8a7",
                        "hist_hqcr_beliefs_smoothed.pdf:md5,32645eff0d2604c1b67d99b9c0032ca7",
                        "hist_hqcr_beliefs_smoothed.png:md5,3395d3ae57433500748f6401b12322f6",
                        "hist_hqcr_beliefs_smoothed_log.pdf:md5,e669767632aa5c0b5b8ddda4531ac5b4",
                        "hist_hqcr_beliefs_smoothed_log.png:md5,9b3c5c1a401027c6e764ab31e339d0ee",
                        "hist_hqpr_0_beliefs.pdf:md5,7fabfb1afd1cd9af93a3e2f1a1e4377d",
                        "hist_hqpr_0_beliefs.png:md5,a7693a5d033107b291c278b105ea6f4e",
                        "hist_hqpr_0_beliefs_log.pdf:md5,a325ad7a1efccc31c1ffb0f2ce5f3b3c",
                        "hist_hqpr_0_beliefs_log.png:md5,c899d57df781dd10673c80632d9ee715",
                        "hist_hqpr_0_beliefs_smoothed.pdf:md5,2b5ab82d39885129970d648b1cb9a291",
                        "hist_hqpr_0_beliefs_smoothed.png:md5,6efc5d58e12fc4aaeb4c143a1b076ff1",
                        "hist_hqpr_0_beliefs_smoothed_log.pdf:md5,41d7c071b5d4b8c68efaaa038d060d8d",
                        "hist_hqpr_0_beliefs_smoothed_log.png:md5,93939d00fb99aa474fbe42a672a0a9e5",
                        "hist_hqtr_beliefs.pdf:md5,e0d1f3b80f7239ff83984f56d2f9d1d4",
                        "hist_hqtr_beliefs.png:md5,53886ce15347465e08d5980c465da7cb",
                        "hist_hqtr_beliefs_log.pdf:md5,da1f63c3664dbb4d6d12f5945eb0a611",
                        "hist_hqtr_beliefs_log.png:md5,81543bf7b6ae1ed7b025f3387e336d80",
                        "hist_hqtr_beliefs_smoothed.pdf:md5,a47c289f36047b93ef29b421c0d4a590",
                        "hist_hqtr_beliefs_smoothed.png:md5,2424ccf40d4a42627486749ac873eabd",
                        "hist_hqtr_beliefs_smoothed_log.pdf:md5,eca8fd5cceb5161ad3f5465dd517b766",
                        "hist_hqtr_beliefs_smoothed_log.png:md5,85b965b5c8dd13ae548d61aaab1b5cdd",
                        "imageplot_combined_beliefs.pdf:md5,9623d7716613eedf2bee7c593032d375",
                        "imageplot_combined_beliefs.png:md5,26ce9e613d6dd41621cf2a0d93460836",
                        "imageplot_combined_beliefs_smoothed.pdf:md5,923ca27cd8af367688d184a242103704",
                        "imageplot_combined_beliefs_smoothed.png:md5,54e7ffcd834410e41a9dc51cd5cc4701",
                        "imageplot_combined_masks.pdf:md5,66577e15c205a5a39c5bebd846a1d78e",
                        "imageplot_combined_masks.png:md5,c06cf0b1a5670f2f8f9c76c8661793e3",
                        "imageplot_combined_masks_smoothed.pdf:md5,4c97da79bba5ca39cebfd5926d09c87e",
                        "imageplot_combined_masks_smoothed.png:md5,2328c1d27aa20f53c75f60f3df92652d",
                        "imageplot_hqcr_beliefs.pdf:md5,3d62935e586362eea7d94dca7b3f095b",
                        "imageplot_hqcr_beliefs.png:md5,a7d362f8beb87f7cf2740999b9e6cd9a",
                        "imageplot_hqcr_beliefs_smoothed.pdf:md5,2fe072a6cf83fcee827f4a4485a8ba91",
                        "imageplot_hqcr_beliefs_smoothed.png:md5,ed3df02707091698ec2cbad1aab6e519",
                        "imageplot_hqcr_mask.pdf:md5,b5c15e5a89b7af63ddf429b97f0635f2",
                        "imageplot_hqcr_mask.png:md5,d74ceb4ff49b38b9994f4e2c0725628b",
                        "imageplot_hqcr_mask_smoothed.pdf:md5,7e719f96146aa52b75ac06649a0a566c",
                        "imageplot_hqcr_mask_smoothed.png:md5,5630facae5f3883105bd6f7a37202775",
                        "imageplot_hqpr_0_beliefs.pdf:md5,d40783f1f7cc6a3343e53cde3046bf6f",
                        "imageplot_hqpr_0_beliefs.png:md5,52d69bdc2b54c4281b587232cfe6c100",
                        "imageplot_hqpr_0_beliefs_smoothed.pdf:md5,712a5733519cc3a4889091cd220c9b43",
                        "imageplot_hqpr_0_beliefs_smoothed.png:md5,767778b1e5303ac3bae23f757ad74b07",
                        "imageplot_hqpr_0_mask.pdf:md5,a2b77553d33189e0c923c0eed4f7d0de",
                        "imageplot_hqpr_0_mask.png:md5,65a43aade02139d13bca30ae56a4e6a8",
                        "imageplot_hqpr_0_mask_smoothed.pdf:md5,d57915b61dde13294fa10069bb82a0d3",
                        "imageplot_hqpr_0_mask_smoothed.png:md5,dd2b6daaa8ff0db709c0cf43dd1824b3",
                        "imageplot_hqtr_beliefs.pdf:md5,49ad6142d89d1ae1c9d0644a3ac55fab",
                        "imageplot_hqtr_beliefs.png:md5,ea0f35afa8ca6c2c7a45b787094dee7a",
                        "imageplot_hqtr_beliefs_smoothed.pdf:md5,67a86045d38b2a404a0e54368891827f",
                        "imageplot_hqtr_beliefs_smoothed.png:md5,e84cd77b82e7835a39aa4119639d88a1",
                        "imageplot_hqtr_mask.pdf:md5,7b98e1ba3b1281a949b3b1845b411b0c",
                        "imageplot_hqtr_mask.png:md5,e28e7105777a325edfc52904fd1349b1",
                        "imageplot_hqtr_mask_smoothed.pdf:md5,34a2c04e356572c42d71f857ad2da108",
                        "imageplot_hqtr_mask_smoothed.png:md5,31ae83e46fb00f1800f1f7cc221e0d9e",
                        "venn_combined_masks.pdf:md5,6017c02a46720a7406d9acc55bcb4c87",
                        "venn_combined_masks.png:md5,3bf89c8df326e85bdbd44615504ccb7a",
                        "venn_combined_masks_smoothed.pdf:md5,91ae8758adf0b77fde99f6b3dbcf84fd",
                        "venn_combined_masks_smoothed.png:md5,3bf89c8df326e85bdbd44615504ccb7a"
                    ]
                ],
                "versions_spoqc": [
                    [
                        "SPOQC_COMBINE_MASKS",
                        "spoqc",
                        "0.1.0"
                    ]
                ]
            }
        ],
        "timestamp": "2026-07-24T16:24:18.207358613",
        "meta": {
            "nf-test": "0.9.5",
            "nextflow": "26.04.6"
        }
    },
    "spoqc combine_masks stub": {
        "content": [
            {
                "0": [
                    [
                        
                    ]
                ],
                "1": [
                    [
                        "SPOQC_COMBINE_MASKS",
                        "spoqc",
                        "0.1.0"
                    ]
                ],
                "report": [
                    [
                        
                    ]
                ],
                "versions_spoqc": [
                    [
                        "SPOQC_COMBINE_MASKS",
                        "spoqc",
                        "0.1.0"
                    ]
                ]
            }
        ],
        "timestamp": "2026-07-24T16:28:46.723348781",
        "meta": {
            "nf-test": "0.9.5",
            "nextflow": "26.04.6"
        }
    }
}