{
    "spoqc cell stub": {
        "content": [
            {
                "0": [
                    [
                        
                    ]
                ],
                "1": [
                    "cellqc_output_hqcr.parquet:md5,d41d8cd98f00b204e9800998ecf8427e"
                ],
                "2": [
                    [
                        "SPOQC_CELL",
                        "spoqc",
                        "0.1.0"
                    ]
                ],
                "report": [
                    [
                        
                    ]
                ],
                "tmp": [
                    "cellqc_output_hqcr.parquet:md5,d41d8cd98f00b204e9800998ecf8427e"
                ],
                "versions_spoqc": [
                    [
                        "SPOQC_CELL",
                        "spoqc",
                        "0.1.0"
                    ]
                ]
            }
        ],
        "timestamp": "2026-07-17T13:00:12.099206554",
        "meta": {
            "nf-test": "0.9.5",
            "nextflow": "26.04.2"
        }
    },
    "spoqc cell": {
        "content": [
            {
                "0": [
                    [
                        "barplot_nuceli_counts.pdf:md5,ccee627fb0353ee62623fd65ec9b8184",
                        "barplot_nuceli_counts.png:md5,98a1fad5d1ecb62b8a91aaaacfbfda75",
                        "convexity.html:md5,6aae1d269ea67d77d0bafc71ff94f9d1",
                        "histogram_convexity_mean_nuceli.pdf:md5,1405b71c4b16b89441291c89021e952a",
                        "histogram_convexity_mean_nuceli.png:md5,76ac936444fab010f9ceb094693cafa7",
                        "histogram_convexity_metric_cell.pdf:md5,d825be1c7bc48b201c9a02a655420ecd",
                        "histogram_convexity_metric_cell.png:md5,66238f5bda3f7f94e0deeae73b0ab658",
                        "nuceli_counts.html:md5,6fc68f4f5ff5ed6e341c4c031af5818c",
                        "scatterplot_border_cell.pdf:md5,af5e92aba751c293fb80ef64949e45df",
                        "scatterplot_border_cell.png:md5,556b58943ceeed6cc760ca3e9f870393",
                        "scatterplot_convexity_cell.pdf:md5,585d37752dd3723632baa6b6d2a7e5f3",
                        "scatterplot_convexity_cell.png:md5,9332f51937b24e682477f42912a0dcff",
                        "scatterplot_convexity_nuclei.pdf:md5,031eeaea57b296f5f9e10f67b31fe634",
                        "scatterplot_convexity_nuclei.png:md5,0e4b4639dc5981d91015b356f0240fac",
                        "scatterplot_densityplot_convexity_cell_convexity_metric_cell.pdf:md5,ea66f913aad1972a8d645b0821b2caec",
                        "scatterplot_densityplot_convexity_cell_convexity_metric_cell.png:md5,dcd3a680d9b0b5e802cf1cf02db17406",
                        "scatterplot_densityplot_convexity_nuclei_convexity_mean_nuceli.pdf:md5,cb1bd0628273010cf0458c944ffcca0f",
                        "scatterplot_densityplot_convexity_nuclei_convexity_mean_nuceli.png:md5,e590a3adcbdf129043849ca29289bc76",
                        "scatterplot_densityplot_convexity_nuclei_convexity_metric_cell.pdf:md5,ea8869b3a47aebd9a822cafd7513fab3",
                        "scatterplot_densityplot_convexity_nuclei_convexity_metric_cell.png:md5,5c49f8109eae3becff284f5a86cacdc8",
                        "scatterplot_densityplot_num_low_qc_transcript.pdf:md5,f883230c6b246a8b33e8bbebd38a5cfa",
                        "scatterplot_densityplot_num_low_qc_transcript.png:md5,ab3ff506a40ae6622e303b4d07962b8f",
                        "scatterplot_island.pdf:md5,352e1cb0a3bcfb9145ea17aeb1dbb9b6",
                        "scatterplot_island.png:md5,973be2eda9f529799ccb7cc7155a1069",
                        "scatterplot_multi_nuceli.pdf:md5,128822abbf51d400e730012bfb255b82",
                        "scatterplot_multi_nuceli.png:md5,3feff03f60e34c77f07211af463d7a00",
                        "scatterplot_nucleus_free.pdf:md5,42a9b9b7ee9256e907d4291b8dac62e8",
                        "scatterplot_nucleus_free.png:md5,0b4e4491b304d3e521e8930d9d07525f"
                    ]
                ],
                "1": [
                    "cellqc_output_hqcr.parquet:md5,f25587320d95f04dd03ba36459246b69"
                ],
                "2": [
                    [
                        "SPOQC_CELL",
                        "spoqc",
                        "0.1.0"
                    ]
                ],
                "report": [
                    [
                        "barplot_nuceli_counts.pdf:md5,ccee627fb0353ee62623fd65ec9b8184",
                        "barplot_nuceli_counts.png:md5,98a1fad5d1ecb62b8a91aaaacfbfda75",
                        "convexity.html:md5,6aae1d269ea67d77d0bafc71ff94f9d1",
                        "histogram_convexity_mean_nuceli.pdf:md5,1405b71c4b16b89441291c89021e952a",
                        "histogram_convexity_mean_nuceli.png:md5,76ac936444fab010f9ceb094693cafa7",
                        "histogram_convexity_metric_cell.pdf:md5,d825be1c7bc48b201c9a02a655420ecd",
                        "histogram_convexity_metric_cell.png:md5,66238f5bda3f7f94e0deeae73b0ab658",
                        "nuceli_counts.html:md5,6fc68f4f5ff5ed6e341c4c031af5818c",
                        "scatterplot_border_cell.pdf:md5,af5e92aba751c293fb80ef64949e45df",
                        "scatterplot_border_cell.png:md5,556b58943ceeed6cc760ca3e9f870393",
                        "scatterplot_convexity_cell.pdf:md5,585d37752dd3723632baa6b6d2a7e5f3",
                        "scatterplot_convexity_cell.png:md5,9332f51937b24e682477f42912a0dcff",
                        "scatterplot_convexity_nuclei.pdf:md5,031eeaea57b296f5f9e10f67b31fe634",
                        "scatterplot_convexity_nuclei.png:md5,0e4b4639dc5981d91015b356f0240fac",
                        "scatterplot_densityplot_convexity_cell_convexity_metric_cell.pdf:md5,ea66f913aad1972a8d645b0821b2caec",
                        "scatterplot_densityplot_convexity_cell_convexity_metric_cell.png:md5,dcd3a680d9b0b5e802cf1cf02db17406",
                        "scatterplot_densityplot_convexity_nuclei_convexity_mean_nuceli.pdf:md5,cb1bd0628273010cf0458c944ffcca0f",
                        "scatterplot_densityplot_convexity_nuclei_convexity_mean_nuceli.png:md5,e590a3adcbdf129043849ca29289bc76",
                        "scatterplot_densityplot_convexity_nuclei_convexity_metric_cell.pdf:md5,ea8869b3a47aebd9a822cafd7513fab3",
                        "scatterplot_densityplot_convexity_nuclei_convexity_metric_cell.png:md5,5c49f8109eae3becff284f5a86cacdc8",
                        "scatterplot_densityplot_num_low_qc_transcript.pdf:md5,f883230c6b246a8b33e8bbebd38a5cfa",
                        "scatterplot_densityplot_num_low_qc_transcript.png:md5,ab3ff506a40ae6622e303b4d07962b8f",
                        "scatterplot_island.pdf:md5,352e1cb0a3bcfb9145ea17aeb1dbb9b6",
                        "scatterplot_island.png:md5,973be2eda9f529799ccb7cc7155a1069",
                        "scatterplot_multi_nuceli.pdf:md5,128822abbf51d400e730012bfb255b82",
                        "scatterplot_multi_nuceli.png:md5,3feff03f60e34c77f07211af463d7a00",
                        "scatterplot_nucleus_free.pdf:md5,42a9b9b7ee9256e907d4291b8dac62e8",
                        "scatterplot_nucleus_free.png:md5,0b4e4491b304d3e521e8930d9d07525f"
                    ]
                ],
                "tmp": [
                    "cellqc_output_hqcr.parquet:md5,f25587320d95f04dd03ba36459246b69"
                ],
                "versions_spoqc": [
                    [
                        "SPOQC_CELL",
                        "spoqc",
                        "0.1.0"
                    ]
                ]
            }
        ],
        "timestamp": "2026-07-17T12:59:43.573520544",
        "meta": {
            "nf-test": "0.9.5",
            "nextflow": "26.04.2"
        }
    }
}