{
    "spoqc analysis_overview stub": {
        "content": [
            {
                "0": [
                    [
                        
                    ]
                ],
                "1": [
                    "rna_qc_annotated.h5ad:md5,d41d8cd98f00b204e9800998ecf8427e"
                ],
                "2": [
                    [
                        "SPOQC_ANALYSIS_OVERVIEW",
                        "spoqc",
                        "0.1.0"
                    ]
                ],
                "h5ad": [
                    "rna_qc_annotated.h5ad:md5,d41d8cd98f00b204e9800998ecf8427e"
                ],
                "report": [
                    [
                        
                    ]
                ],
                "versions_spoqc": [
                    [
                        "SPOQC_ANALYSIS_OVERVIEW",
                        "spoqc",
                        "0.1.0"
                    ]
                ]
            }
        ],
        "timestamp": "2026-07-27T12:28:56.456640414",
        "meta": {
            "nf-test": "0.9.5",
            "nextflow": "26.04.6"
        }
    },
    "spoqc analysis_overview": {
        "content": [
            {
                "0": [
                    [
                        [
                            "barplot_pct_control_probe_counts.pdf:md5,c10c296949b21ee7cdc6cb98e4168e15",
                            "barplot_pct_control_probe_counts.png:md5,1c061ae928414def7ccb44b06f461310",
                            "barplot_pct_doublet_celltype.pdf:md5,0554b568cb87ff767c9f1bf56ea7b177",
                            "barplot_pct_doublet_celltype.png:md5,72c983424a2bb6545f4d61888eb7d519",
                            "barplot_pct_doublet_leiden.pdf:md5,70e279d27311d5c28c6ea59373aca127",
                            "barplot_pct_doublet_leiden.png:md5,d69265fbf9a68fb53a3252d5c2a7f033",
                            "barplot_pct_nuceli_count.pdf:md5,0dcce958b0dab48687b6197f68e9aeaf",
                            "barplot_pct_nuceli_count.png:md5,47eb25e5cf6cfbcb4bbf57b782b54e6f",
                            "barplot_pct_nucleus_free_celltype.pdf:md5,8eeb76de94d726e1407db92d7d790bb6",
                            "barplot_pct_nucleus_free_celltype.png:md5,e34bbe728177aac787734dd1aabfbb60",
                            "barplot_pct_nucleus_free_leiden.pdf:md5,65955793fb71c098536ebe3c2482cbe2",
                            "barplot_pct_nucleus_free_leiden.png:md5,a7c34054c89bda6969bbe96bcb056f0c"
                        ],
                        [
                            "boxplot_border_scores.pdf:md5,ebe62ba34c897c3ced90376c14237a7e",
                            "boxplot_border_scores.png:md5,eba54caab682c2b8975b0da9bdf17149",
                            "boxplot_canorm_transcript_counts.pdf:md5,1294df2a7a2a9e38a5d9c8eea9cd9cf5",
                            "boxplot_canorm_transcript_counts.png:md5,a8c897fc78781d2708ac8afaca311dd1",
                            "boxplot_cell_overlap_area.pdf:md5,52cd95308a9580c51a804f32927b6cce",
                            "boxplot_cell_overlap_area.png:md5,49a3ba3216fda561427ee42395de954c",
                            "boxplot_convexity_metric_cell.pdf:md5,3ba4620613b0c5aa52948eb6f2e96dd1",
                            "boxplot_convexity_metric_cell.png:md5,f527875fca1733d068f80df2cfbfd62a",
                            "boxplot_convexity_min_nuceli.pdf:md5,251b8700ae8f71428d8d2ef173524f82",
                            "boxplot_convexity_min_nuceli.png:md5,68e7c14e6e4a0c466698cc5aeb7d74b4",
                            "boxplot_doublet.pdf:md5,6ccef6d05c21481e55ee7d8309c6e88c",
                            "boxplot_doublet.png:md5,2f783234187c6334f08a07c8797b8b8a",
                            "boxplot_edge_strength_hqpr_0.pdf:md5,7ff02cd44a3b71d0e3f6e0b9981a686e",
                            "boxplot_edge_strength_hqpr_0.png:md5,5e0d0248c1b8345fe3af8ea60def5f54",
                            "boxplot_edge_strength_hqtr.pdf:md5,e788393a93a7eeae9832158ae76a10f2",
                            "boxplot_edge_strength_hqtr.png:md5,02d3185d57b4a3cad84aae51c0424be9",
                            "boxplot_energy_hqpr_0.pdf:md5,efee297156f0b3f27923704b86fe13bb",
                            "boxplot_energy_hqpr_0.png:md5,56a4678afbab211097db840561e0c243",
                            "boxplot_energy_hqtr.pdf:md5,a710d710cc7425b6584c8992944e0e87",
                            "boxplot_energy_hqtr.png:md5,870473dd831ed7dd1aaa713f58a5f211",
                            "boxplot_entropy_hqpr_0.pdf:md5,d4c9880212da246d495196a1e0b41659",
                            "boxplot_entropy_hqpr_0.png:md5,c0a71f94efa9b9516274763feb8cc55e",
                            "boxplot_entropy_hqtr.pdf:md5,36337b0298f08c26f6b4b7f65b7b0e73",
                            "boxplot_entropy_hqtr.png:md5,93e725ada4851fdfff8e3ae8e47a65b0",
                            "boxplot_homogenity_hqpr_0.pdf:md5,675bc989ee6b4ce61cec46962eb67b98",
                            "boxplot_homogenity_hqpr_0.png:md5,51caae7b86dfafdbb14f6b50a4f553e0",
                            "boxplot_homogenity_hqtr.pdf:md5,d8cda1dabe850750c6f326578023a76d",
                            "boxplot_homogenity_hqtr.png:md5,434e1009e16715daa542a5fd9e82e3c0",
                            "boxplot_hqcr_beliefs.pdf:md5,1efd6983e28a83b6029f07a3aea09dda",
                            "boxplot_hqcr_beliefs.png:md5,f6ddfc958102da1b819c437dcaace5c1",
                            "boxplot_hqcr_beliefs_smoothed.pdf:md5,c69511547034e5ae4442fa615cdcd4a3",
                            "boxplot_hqcr_beliefs_smoothed.png:md5,54b20ef3b1048f9d6456189aafe2dc63",
                            "boxplot_hqcr_mask.pdf:md5,e397af6d1e99d4e34dbd5d4aab0c4144",
                            "boxplot_hqcr_mask.png:md5,576959e1384ec7e9878b68044ebbadbd",
                            "boxplot_hqcr_mask_mean.pdf:md5,e2aff048a2f61a91803c4ccad1907c96",
                            "boxplot_hqcr_mask_mean.png:md5,3fac7c07a8645fc09ae3fd2d98b35cd5",
                            "boxplot_hqcr_mask_mean_smoothed.pdf:md5,1d149d72fbb8c47c7e0254f90d666859",
                            "boxplot_hqcr_mask_mean_smoothed.png:md5,2806ed42c91b3396809eda27b2d55cf0",
                            "boxplot_hqcr_mask_smoothed.pdf:md5,01b1bb2d316c3ed2306094904e771e50",
                            "boxplot_hqcr_mask_smoothed.png:md5,782b9082f33d6281aa12a048d258086b",
                            "boxplot_hqpr_0_beliefs.pdf:md5,254f177d5a50766746cb88931d3819e1",
                            "boxplot_hqpr_0_beliefs.png:md5,74a23924c6859dd91be3cbd84a1ba504",
                            "boxplot_hqpr_0_beliefs_mean_informative.pdf:md5,4a61fd94bc8cd031b94169f60ad421cb",
                            "boxplot_hqpr_0_beliefs_mean_informative.png:md5,da50acd8a1e8976a20e5842989b8c7a7",
                            "boxplot_hqpr_0_beliefs_mean_informative_smoothed.pdf:md5,bff789defb4bc48dba4fe960c6c7aff6",
                            "boxplot_hqpr_0_beliefs_mean_informative_smoothed.png:md5,40e43a509a0c9dc90e4a347487da813a",
                            "boxplot_hqpr_0_beliefs_smoothed.pdf:md5,bf154ed039a161f9461ad71bf064b00d",
                            "boxplot_hqpr_0_beliefs_smoothed.png:md5,cb206ee8955ba41dbff69464c6d4b329",
                            "boxplot_hqpr_0_intensity.pdf:md5,84e583a26fd7dd78d44cbc3fa7a69a48",
                            "boxplot_hqpr_0_intensity.png:md5,7457acdbd600e4fc22a12923dd25653a",
                            "boxplot_hqpr_0_mask.pdf:md5,124b2183fe6c0e8df7792a98ba4141c0",
                            "boxplot_hqpr_0_mask.png:md5,ff510135bf98b8ce924a2810a0c679fd",
                            "boxplot_hqpr_0_mask_mean.pdf:md5,96f6245cd5b995a76ec41a21e165fcd6",
                            "boxplot_hqpr_0_mask_mean.png:md5,d12c6b98222b2fb522b6973158f86b4a",
                            "boxplot_hqpr_0_mask_mean_smoothed.pdf:md5,b44dca58072e0618c37c8e9f985025a6",
                            "boxplot_hqpr_0_mask_mean_smoothed.png:md5,eb426042fe4ff759c5fb8a190133d190",
                            "boxplot_hqpr_0_mask_smoothed.pdf:md5,c91971e7cb945154dc703538801ae4d0",
                            "boxplot_hqpr_0_mask_smoothed.png:md5,527d9e79dbf4c1732a88d9ecfbe61c27",
                            "boxplot_hqtr_ac_density.pdf:md5,73b468ba0c66123946f82da60465a3e5",
                            "boxplot_hqtr_ac_density.png:md5,95cd6d31b1b6095b4c6a757b9eb70406",
                            "boxplot_hqtr_beliefs.pdf:md5,16b612717f3c071a23fb47a51dba51c4",
                            "boxplot_hqtr_beliefs.png:md5,823d5147bf71eccaca0bc270e9c3a4dd",
                            "boxplot_hqtr_beliefs_mean_informative.pdf:md5,271e2ae5bb9472f2d16483b6ff6881d9",
                            "boxplot_hqtr_beliefs_mean_informative.png:md5,1de2dc54e27c01b7681b3c92b4686c4e",
                            "boxplot_hqtr_beliefs_mean_informative_smoothed.pdf:md5,27b9073df0ff25ffaacbf133e7805f04",
                            "boxplot_hqtr_beliefs_mean_informative_smoothed.png:md5,782dc4e6791cd5af526b4026dd89bf88",
                            "boxplot_hqtr_beliefs_smoothed.pdf:md5,8e6f7e96c65f0b878d8db0eba3a0a619",
                            "boxplot_hqtr_beliefs_smoothed.png:md5,69cf2fae72446827af657485babc1659",
                            "boxplot_hqtr_intensity.pdf:md5,d28499076f85e27c079cf634754b5e92",
                            "boxplot_hqtr_intensity.png:md5,9135fc4f8f19a70c7e8efdfe6b8b8ab2",
                            "boxplot_hqtr_mask.pdf:md5,a98a5ef2e75e9895270d6b251acdde57",
                            "boxplot_hqtr_mask.png:md5,a1fedd6f13140fce12e1d9074e5c02ca",
                            "boxplot_hqtr_mask_mean.pdf:md5,e567324bee88314934a5a4a09da30994",
                            "boxplot_hqtr_mask_mean.png:md5,ed251ee346a0047353814ebe15d9eb38",
                            "boxplot_hqtr_mask_mean_smoothed.pdf:md5,4c7d3c8535641600e31058280c244fc0",
                            "boxplot_hqtr_mask_mean_smoothed.png:md5,9e6858b97a53edc836f278d39a7e4d85",
                            "boxplot_hqtr_mask_smoothed.pdf:md5,846e75f4c875605d0cc1c79cee1b0792",
                            "boxplot_hqtr_mask_smoothed.png:md5,ad353aeb70945f5f88e1e397bceff2eb",
                            "boxplot_hqtr_qv_density.pdf:md5,26cb0cecaec15a88eb10e7a465dbadf2",
                            "boxplot_hqtr_qv_density.png:md5,f9adab5fc0cc63d4ac8ec6feb97137be",
                            "boxplot_island_score.pdf:md5,6d290d1eeffc55b344002da8de9d2be7",
                            "boxplot_island_score.png:md5,3c74846ea560bbd53c2e0acf452b0614",
                            "boxplot_log10p1_convexhull_outside_trnascripts.pdf:md5,f0a95efd7696fb078619e699294e4c5e",
                            "boxplot_log10p1_convexhull_outside_trnascripts.png:md5,81a3369ce9f5fbffcb8a15d17f6289f3",
                            "boxplot_n_genes_by_counts.pdf:md5,8c9f5038df7e9c66c5740e0a9f92c26c",
                            "boxplot_n_genes_by_counts.png:md5,4429c8ea5730bea2bd7ab35cc89bbed6",
                            "boxplot_nucleus_free.pdf:md5,792b6bf3a9889078ebc4c8ca17f394b9",
                            "boxplot_nucleus_free.png:md5,de71d28cba82fc2ad25e89dbfe445064",
                            "boxplot_num_low_qc_transcript.pdf:md5,9b13fb7e7fdcf9d1330e030962094ad0",
                            "boxplot_num_low_qc_transcript.png:md5,a42de8d77a07a42311c6e13585ce29d4",
                            "boxplot_relevance_hqpr_0.pdf:md5,aa91536b687a3419c4b550f53b5176e8",
                            "boxplot_relevance_hqpr_0.png:md5,fd419c94379bc82a5b7d8f429d528cfb",
                            "boxplot_relevance_hqtr.pdf:md5,f707c4df74f03b27820f36f99543d1b1",
                            "boxplot_relevance_hqtr.png:md5,3bb67bd3ef76315e39d80459be6b614d",
                            "boxplot_thinness_score.pdf:md5,b343d861a49f44fc58bb9f12cbddede0",
                            "boxplot_thinness_score.png:md5,15dd0cf8fcf3fecb7120a87da55481ee",
                            "boxplot_uniformity_hqpr_0.pdf:md5,006aacd60b499e9bfe09632aa238910b",
                            "boxplot_uniformity_hqpr_0.png:md5,48ea5ea36c23e676ea5607f8622a1fd1",
                            "boxplot_uniformity_hqtr.pdf:md5,a128f85bf64c9806abdc05bc287742c5",
                            "boxplot_uniformity_hqtr.png:md5,e0db6184508e96ff72630be64cc02892"
                        ],
                        "done.txt:md5,94767608bce372c20975e82f4f4437ae",
                        [
                            "fractions_celltype_leiden.pdf:md5,aa8bfd5ce2526d4b2e621b679421bab7",
                            "fractions_celltype_leiden.png:md5,40b51afe8c5a312a51b5a6227f1f6349"
                        ],
                        [
                            "hist_border_scores.pdf:md5,5d6a78d7c9200132049bfd336db82b2d",
                            "hist_border_scores.png:md5,f2d6e7863181a35750c2513653d83410",
                            "hist_canorm_transcript_counts.pdf:md5,c7c4bc85067a8e00f23919690b0d4b7e",
                            "hist_canorm_transcript_counts.png:md5,09bbb0025d3d09990e7514f2e84cb1e0",
                            "hist_cell_overlap_area.pdf:md5,74f9803eb076d0d439781124c0be5a94",
                            "hist_cell_overlap_area.png:md5,85fc0fb6beae8eec6b177800e48b602e",
                            "hist_control_probe_counts.pdf:md5,b2592d45b537021f18aadc666ce045de",
                            "hist_control_probe_counts.png:md5,69e0e406a927b1548b6b21ef72c696cd",
                            "hist_convexhull_outside_trnascripts.pdf:md5,e4a5f4639ca538e13a6dc41dda5748f8",
                            "hist_convexhull_outside_trnascripts.png:md5,dd01c063b7f1f4f515bd3bfbb2fd0118",
                            "hist_convexity_metric_cell.pdf:md5,926da21d2fa54b46df75f4346d21ac23",
                            "hist_convexity_metric_cell.png:md5,544e006f1d2e76ec0c0feeabbd3159ae",
                            "hist_convexity_min_nuceli.pdf:md5,17d3f8b5d80d42e0ca97a6cd439590e0",
                            "hist_convexity_min_nuceli.png:md5,18dab42557c3795683ac77f5481553f5",
                            "hist_doublet.pdf:md5,310d4de2270ff7c6c2b2b1f6ea29b8d6",
                            "hist_doublet.png:md5,5e45ec0a2338354d16693ce3c43881d0",
                            "hist_edge_strength_hqpr_0.pdf:md5,da26ae9b509852772a14f898b17a94b6",
                            "hist_edge_strength_hqpr_0.png:md5,e42c070c1797183890915c1a56ed5ec7",
                            "hist_edge_strength_hqtr.pdf:md5,dc20e27ff4724f05dfd3448f6761c820",
                            "hist_edge_strength_hqtr.png:md5,92550c5e99798872a130ab1453127f43",
                            "hist_energy_hqpr_0.pdf:md5,7585dbd6893b2c2130d5f342b34924b3",
                            "hist_energy_hqpr_0.png:md5,5e80713857f292799d50dfc8a8d33b4c",
                            "hist_energy_hqtr.pdf:md5,a21ecd433b190a98879bbe62f967b86d",
                            "hist_energy_hqtr.png:md5,461b65abd3bd2fcd3705fd1cab5115f3",
                            "hist_entropy_hqpr_0.pdf:md5,cbf5739069d8e8351226eeb55a0d83bc",
                            "hist_entropy_hqpr_0.png:md5,cb114866187e58369e5976c7bff58391",
                            "hist_entropy_hqtr.pdf:md5,0e8d39d2dfc1a7b652dad24e7d28092a",
                            "hist_entropy_hqtr.png:md5,ddb15a699225cf10809b1c7d218bb835",
                            "hist_homogenity_hqpr_0.pdf:md5,760fdea3636ac2c72b8b9721aac2ff01",
                            "hist_homogenity_hqpr_0.png:md5,c3627117e051617ecddeaca6ec5d244e",
                            "hist_homogenity_hqtr.pdf:md5,b4e42b13ebd1bc5f0a079bb0cf8da9f4",
                            "hist_homogenity_hqtr.png:md5,663d07033a83f53fd7e2a8b557a53e85",
                            "hist_hqcr_beliefs.pdf:md5,7797f6e11cd9d67e1b32df39bb03edb5",
                            "hist_hqcr_beliefs.png:md5,c9c68a0e8e32687abf220fc262c95a50",
                            "hist_hqcr_beliefs_smoothed.pdf:md5,785ba36e65e5b43bbd17f4b6efe1b9e0",
                            "hist_hqcr_beliefs_smoothed.png:md5,6d446bfb2da407b59643f5bf7296b2f4",
                            "hist_hqcr_mask.pdf:md5,d1731fc5251010811daf0790e70b8b15",
                            "hist_hqcr_mask.png:md5,b1d903141f2c9826391f3081974873af",
                            "hist_hqcr_mask_mean.pdf:md5,bb659ed3d8f6bc27b0af0ac78543067a",
                            "hist_hqcr_mask_mean.png:md5,7f8794cedaa7bd32df00fb0076744db6",
                            "hist_hqcr_mask_mean_smoothed.pdf:md5,d5ecbe865dde04f022ce6cc65f58f0c8",
                            "hist_hqcr_mask_mean_smoothed.png:md5,abd348f27649b226e858b577afdf1abc",
                            "hist_hqcr_mask_smoothed.pdf:md5,d6c1f01c099b5892c476d3923f8772ad",
                            "hist_hqcr_mask_smoothed.png:md5,a431a1854a625ab13475eaa97154c4d4",
                            "hist_hqpr_0_beliefs.pdf:md5,f2f660b5ed6d1bd1beec19a800e51e85",
                            "hist_hqpr_0_beliefs.png:md5,6d37d2792822eba19aa10f0f705a7cee",
                            "hist_hqpr_0_beliefs_mean_informative.pdf:md5,f0d04d62b000bd7220127dae4e0e2cea",
                            "hist_hqpr_0_beliefs_mean_informative.png:md5,5c284926f11ad4ac108af6ba9fc3a63c",
                            "hist_hqpr_0_beliefs_mean_informative_smoothed.pdf:md5,ddfb91a01495911b7fd4fbb3fc69539b",
                            "hist_hqpr_0_beliefs_mean_informative_smoothed.png:md5,6e0e393546564f1cd67c7738ec72e020",
                            "hist_hqpr_0_beliefs_smoothed.pdf:md5,b62cac01d14168b5278e723718b46539",
                            "hist_hqpr_0_beliefs_smoothed.png:md5,344ca4901be08cf6e25110c4f202a9f7",
                            "hist_hqpr_0_intensity.pdf:md5,fbc5cc26d42249306e9dec453004c7e4",
                            "hist_hqpr_0_intensity.png:md5,181c6e397945be434c726558d9471f7d",
                            "hist_hqpr_0_mask.pdf:md5,d7a4a4358d5c7c4cbdb94b2e4077fc5e",
                            "hist_hqpr_0_mask.png:md5,2f7eafc0461660f49af67f7839f92320",
                            "hist_hqpr_0_mask_mean.pdf:md5,075d916e1bd9d798d8832c41d4ca1f1b",
                            "hist_hqpr_0_mask_mean.png:md5,b049699e77335266b48ed9cac72b3052",
                            "hist_hqpr_0_mask_mean_smoothed.pdf:md5,ceb71475b99eea017ffc08f2ed262081",
                            "hist_hqpr_0_mask_mean_smoothed.png:md5,781b38e748e49b9c29f2d39b719c650d",
                            "hist_hqpr_0_mask_smoothed.pdf:md5,b7a501f714d41300c3194748c7d9cec7",
                            "hist_hqpr_0_mask_smoothed.png:md5,b608a90106cfacb403dbf0c0ea4a8d3c",
                            "hist_hqtr_ac_density.pdf:md5,b1936173877100b6c414c942f6d583f1",
                            "hist_hqtr_ac_density.png:md5,b578148a059018b9b755ed22eb467322",
                            "hist_hqtr_beliefs.pdf:md5,168034a28f1d04e43db2f1d844d36b86",
                            "hist_hqtr_beliefs.png:md5,e7bbde30d09f8fc0478432587f288732",
                            "hist_hqtr_beliefs_mean_informative.pdf:md5,0652ebdd898362636169266c70956693",
                            "hist_hqtr_beliefs_mean_informative.png:md5,f42ed639afadf6f3b352da83dd98886a",
                            "hist_hqtr_beliefs_mean_informative_smoothed.pdf:md5,066e3c9208a3c5d38ae17014c5efd256",
                            "hist_hqtr_beliefs_mean_informative_smoothed.png:md5,9ac6072bf415103b3930f53558ad0ca9",
                            "hist_hqtr_beliefs_smoothed.pdf:md5,596a0e90382359c9d53c66b8d16c856d",
                            "hist_hqtr_beliefs_smoothed.png:md5,9e724e7f94fc2d6f69dbd8e19c754963",
                            "hist_hqtr_intensity.pdf:md5,c262de1b8931f5ad0b091eadae86ab37",
                            "hist_hqtr_intensity.png:md5,6ddae4ddd09161f99ce83e42375c95f5",
                            "hist_hqtr_mask.pdf:md5,5679a879793abdda3b2165267507832f",
                            "hist_hqtr_mask.png:md5,e80713703ec47af195c17322b6078275",
                            "hist_hqtr_mask_mean.pdf:md5,18ced7749fb2c9c8f4d14fea928a28f7",
                            "hist_hqtr_mask_mean.png:md5,2c5919ce4567e3f765f7d4579fb2713a",
                            "hist_hqtr_mask_mean_smoothed.pdf:md5,718e70b8c87c5503f0f9a6f312654d91",
                            "hist_hqtr_mask_mean_smoothed.png:md5,44f4cd5b33e7bfebeedf9d6659229bae",
                            "hist_hqtr_mask_smoothed.pdf:md5,1a347c45b91612236a10330387601d00",
                            "hist_hqtr_mask_smoothed.png:md5,d9d7b89779a7701c10d8ff803789a63d",
                            "hist_hqtr_qv_density.pdf:md5,f414a39cd40800fda1010bc8de65cb25",
                            "hist_hqtr_qv_density.png:md5,cbdc50825890f34f9af1e9fed6d78e6c",
                            "hist_island_score.pdf:md5,50f41c34607a6a1cef41fe1ffd3db3c5",
                            "hist_island_score.png:md5,1ab75c0fafba7ab00562df761cbfdf1f",
                            "hist_n_genes_by_counts.pdf:md5,9aafd430e26d5d8ef879a8e02de53a94",
                            "hist_n_genes_by_counts.png:md5,12afb445760ca039f5d8a7c23c7866cb",
                            "hist_nuceli_count.pdf:md5,4385492fc16a980511109b49ce2f23a2",
                            "hist_nuceli_count.png:md5,fc232c6e84edad547b45f8422379d27a",
                            "hist_nucleus_free.pdf:md5,f01f379b1941bc9aa6128e041c069c61",
                            "hist_nucleus_free.png:md5,05b416b0d05a1bd42e91adb317f0fe54",
                            "hist_num_low_qc_transcript.pdf:md5,4d626dbe459d098a5ce016081759fbec",
                            "hist_num_low_qc_transcript.png:md5,24e8d809935d54a1d5ba9915409874da",
                            "hist_relevance_hqpr_0.pdf:md5,75bbaa655332473cc4e06a4fb4c8d1ac",
                            "hist_relevance_hqpr_0.png:md5,f4d5ed0f32f645ebba66e1596b5d5caa",
                            "hist_relevance_hqtr.pdf:md5,98116788377ff32f44d69bc00965bbd0",
                            "hist_relevance_hqtr.png:md5,6070d3fcb44bc0d3aee1bdbc69032377",
                            "hist_thinness_score.pdf:md5,9008c48c43b00db9fb9fb0a7ea4d94db",
                            "hist_thinness_score.png:md5,4b0a5769b24e12b509cead4a74d3f4fe",
                            "hist_uniformity_hqpr_0.pdf:md5,4a2d0a76bb06279c76d0e11008d6275d",
                            "hist_uniformity_hqpr_0.png:md5,70b1a589bd15e26fdca881bce4677e8f",
                            "hist_uniformity_hqtr.pdf:md5,d055acc57705a3a53bd5015e33cbe9e7",
                            "hist_uniformity_hqtr.png:md5,e13cfaf9dc05752edf1f5c79991504cb"
                        ],
                        "res.txt:md5,29ac1dfbe3e806224ea4bb77e9e78f5b",
                        [
                            "scatterplot_annotation_leiden0.pdf:md5,5ea9dc725e5a2037c82f1f418656fc11",
                            "scatterplot_annotation_leiden0.png:md5,5acc08a3db915abfa8760dc7aec8ed74",
                            "scatterplot_annotation_leiden1.pdf:md5,ec952bb16cc9916277def87fd5d1beb1",
                            "scatterplot_annotation_leiden1.png:md5,9c83898a1ed1f2bbe02c4fc24c560d82",
                            "scatterplot_annotation_leiden10.pdf:md5,c2e86860aebf1cd456394f5a73c0c261",
                            "scatterplot_annotation_leiden10.png:md5,fe66953b34d74dec254167b898b6e947",
                            "scatterplot_annotation_leiden2.pdf:md5,3b9bc625f9c4ba1b6cb834e6ea76d987",
                            "scatterplot_annotation_leiden2.png:md5,d7e5fb5b95c8891ebd808d116bdf6f55",
                            "scatterplot_annotation_leiden3.pdf:md5,3be26a7a0898cd6a46485e51626ca723",
                            "scatterplot_annotation_leiden3.png:md5,b4e83a5f28d16b753af433e8cb0f199c",
                            "scatterplot_annotation_leiden4.pdf:md5,03f29c8892d9a94b9baf180db36c7431",
                            "scatterplot_annotation_leiden4.png:md5,1ad3cf78c75d74dd20ef3684b920f159",
                            "scatterplot_annotation_leiden5.pdf:md5,2abc1e49b8deb0eca074fea70f8a0de5",
                            "scatterplot_annotation_leiden5.png:md5,5e6c9e5fca0e5d4e8556e54592f113bd",
                            "scatterplot_annotation_leiden6.pdf:md5,8d62e504e254c9bd442daa2207281556",
                            "scatterplot_annotation_leiden6.png:md5,70bbc0247de36a3dd477fcaee5381d0c",
                            "scatterplot_annotation_leiden7.pdf:md5,514954ab5f39bbe0b498d1b594110f78",
                            "scatterplot_annotation_leiden7.png:md5,8c211821ff484d3773bb629b9f6f26f4",
                            "scatterplot_annotation_leiden8.pdf:md5,3272840c13c01eb74ebaf29605a0c295",
                            "scatterplot_annotation_leiden8.png:md5,e9446e886e51fdd7e1ce1410bd9d26a6",
                            "scatterplot_annotation_leiden9.pdf:md5,f2f2b6e383fd12b039b7d26080dae4bf",
                            "scatterplot_annotation_leiden9.png:md5,359c595bf7094f508584c4fb8a9f624e",
                            "scatterplot_hqcr_filtered_out.pdf:md5,b3e33877e216d03c85c35f5faccf2cb1",
                            "scatterplot_hqcr_filtered_out.png:md5,1eeaa3ca36298b3a2bcfbe5aec47c7dc",
                            "scatterplot_hqcr_mask.pdf:md5,3fcf36202c0de9e9753368962e07523d",
                            "scatterplot_hqcr_mask.png:md5,fae96dafe8e36175c3ea719a2965ef9d",
                            "scatterplot_hqcr_mask_smoothed.pdf:md5,cfd188897cf509cc25c8327bffc00cbe",
                            "scatterplot_hqcr_mask_smoothed.png:md5,fae96dafe8e36175c3ea719a2965ef9d",
                            "scatterplot_hqpr_0_mask.pdf:md5,d23311ffd90177aa8f59433c16e51faa",
                            "scatterplot_hqpr_0_mask.png:md5,18f4a563e821630c3be97762a4526f1b",
                            "scatterplot_hqpr_0_mask_smoothed.pdf:md5,d79786c129d9d5daf0a77dfcdfb75628",
                            "scatterplot_hqpr_0_mask_smoothed.png:md5,18f4a563e821630c3be97762a4526f1b",
                            "scatterplot_hqpr_filtered_out.pdf:md5,db74359fba8aec771f1ce44f2ce93ab1",
                            "scatterplot_hqpr_filtered_out.png:md5,da7df9996d88d1f3551358dca26d0849",
                            "scatterplot_hqr_filtered_out.pdf:md5,b0a2cdb7a71f6f2fc9ca00a4732e7ff3",
                            "scatterplot_hqr_filtered_out.png:md5,b631aa2897fbba2322c8eb6b85057d75",
                            "scatterplot_hqtr_filtered_out.pdf:md5,87ab4ca0b1e6bf8309bd3ccfb1abf12a",
                            "scatterplot_hqtr_filtered_out.png:md5,02f264f5638982cf869e7a5d232717ed",
                            "scatterplot_hqtr_mask.pdf:md5,f354bcdfdee1b73b90c708774ed9ea11",
                            "scatterplot_hqtr_mask.png:md5,446e0bffdc23ca2380b6cd9ba4f41e9c",
                            "scatterplot_hqtr_mask_smoothed.pdf:md5,959f98fcb124d86764938e4ebaf1f8c9",
                            "scatterplot_hqtr_mask_smoothed.png:md5,446e0bffdc23ca2380b6cd9ba4f41e9c",
                            "scatterplot_leiden_cluster_0.pdf:md5,36048a386fa7edccfdcdac6b131c0eba",
                            "scatterplot_leiden_cluster_0.png:md5,939154ce576f15a3aa24c4cb4241f88c",
                            "scatterplot_leiden_cluster_1.pdf:md5,0288d88ba1940a6a1230d5663a863653",
                            "scatterplot_leiden_cluster_1.png:md5,9c50ad8bcefe7ac79adaecc09c37221f",
                            "scatterplot_leiden_cluster_2.pdf:md5,0f6726d31eca959c7b16282f214e779c",
                            "scatterplot_leiden_cluster_2.png:md5,ee5475d428ff71d5260ff28374bb1aeb"
                        ],
                        [
                            "test_resolutions_leiden_clustering_num_clusters.pdf:md5,5a6ab0c348a1823b4d611f0dae576f58",
                            "test_resolutions_leiden_clustering_num_clusters.png:md5,be29391d11d92c2cf35ae1f0b6f9e471",
                            "test_resolutions_leiden_clustering_ss.pdf:md5,4421ad52669340fa1afb7b8287d02896",
                            "test_resolutions_leiden_clustering_ss.png:md5,ca9b941bb5dcae11367b44bfd8d26b1b"
                        ],
                        [
                            "umap_plot_celltype.pdf:md5,00e2130e546db65f8ec3d369b869195c",
                            "umap_plot_celltype.png:md5,8fc12e908ac848732490ad56fe5613c5",
                            "umap_plot_hqcr_filtered_out.pdf:md5,f4edf11f4f309658a7919c3b96ac6d5e",
                            "umap_plot_hqcr_filtered_out.png:md5,ee46a7861d7e1b2522c64d5d41aba0b2",
                            "umap_plot_hqpr_filtered_out.pdf:md5,95d709ee90563963a8febc5d8a61f81e",
                            "umap_plot_hqpr_filtered_out.png:md5,08c717eb37925cd0fb19255620489fc4",
                            "umap_plot_hqr_filtered_out.pdf:md5,e47c3e876ff1d07efc1e71f15c618fdf",
                            "umap_plot_hqr_filtered_out.png:md5,e2b72b7abc9e5b6ef3d53376181782d0",
                            "umap_plot_hqtr_filtered_out.pdf:md5,79b0686cc7579849d6108cfb42443768",
                            "umap_plot_hqtr_filtered_out.png:md5,5d6c233842034b2b560ad92a3a697495",
                            "umap_plot_leiden.pdf:md5,0c4112460a683597759885e79a18f864",
                            "umap_plot_leiden.png:md5,eeeb028d51a4358e1a0a129f9a363c98"
                        ],
                        [
                            "violin_border_scores.pdf:md5,8fd798c15b9acff81c57e3c62de9ccdb",
                            "violin_border_scores.png:md5,45672aa972a0bc481da7fb9caaf0b131",
                            "violin_canorm_transcript_counts.pdf:md5,60e411be2824b5cbee9546ea52bcbac3",
                            "violin_canorm_transcript_counts.png:md5,e41e96c3d8aa06ef2859580dff677493",
                            "violin_cell_overlap_area.pdf:md5,cad85cb91966a9adf9880eb13fe6c742",
                            "violin_cell_overlap_area.png:md5,ca757f1649741758213647b7bcfa9345",
                            "violin_convexity_metric_cell.pdf:md5,dcde82f669ee5a4bc0fb07134e589ce7",
                            "violin_convexity_metric_cell.png:md5,60a2fa955b0d1238f1203be2b3820d38",
                            "violin_convexity_min_nuceli.pdf:md5,74573be3fa5774b959e8f7da7a24b9cc",
                            "violin_convexity_min_nuceli.png:md5,ea5a91c6aeccf215d10b8e364cd953cb",
                            "violin_doublet.pdf:md5,9d0f73a2b7df5fd8dcd8981e15132435",
                            "violin_doublet.png:md5,8a6e22472f52131645afb98cf50dfbec",
                            "violin_edge_strength_hqpr_0.pdf:md5,8d822ffdb0fdee0ae15edf8378cad197",
                            "violin_edge_strength_hqpr_0.png:md5,87b31d812dd9b0f969cfcee458f80562",
                            "violin_edge_strength_hqtr.pdf:md5,659f4fb09d867a1530e1ca3a70a4babc",
                            "violin_edge_strength_hqtr.png:md5,abb1387e8ba3146ea26b6dba7a66da35",
                            "violin_energy_hqpr_0.pdf:md5,dcaf1e47d8c1f28155f424c73afe15b0",
                            "violin_energy_hqpr_0.png:md5,fb96e8009ceae5ed339dfdf0a76900cf",
                            "violin_energy_hqtr.pdf:md5,7958cac6c53488ac7910443fab92914a",
                            "violin_energy_hqtr.png:md5,24cb1106eadfc34440492fee138ca864",
                            "violin_entropy_hqpr_0.pdf:md5,4e21b577577cd33fe679bcd767c13a8b",
                            "violin_entropy_hqpr_0.png:md5,298f1a7a31f7692ae8c345a66f24bea4",
                            "violin_entropy_hqtr.pdf:md5,0ad1132c69fbc3263cbb939722cecc4b",
                            "violin_entropy_hqtr.png:md5,79ab9575f48a687ffe8524a1647cf36a",
                            "violin_homogenity_hqpr_0.pdf:md5,e47d112ae38278798ab0825d20d20cc3",
                            "violin_homogenity_hqpr_0.png:md5,6f6775df53ef8bdeeaab727ffb751545",
                            "violin_homogenity_hqtr.pdf:md5,f8f9c73b8a8e45ff7e8ec242838995d6",
                            "violin_homogenity_hqtr.png:md5,1badd55e68a39fa919d291ea84f02c10",
                            "violin_hqcr_beliefs.pdf:md5,07c6bb48a1605d3f15da5bc2a25d6422",
                            "violin_hqcr_beliefs.png:md5,6a5456a930ca53d74a2896d490bfea56",
                            "violin_hqcr_beliefs_smoothed.pdf:md5,7ea5215d3bd4e67cbff300c67d64a3ba",
                            "violin_hqcr_beliefs_smoothed.png:md5,6fa50238fa1e440fe4a47bde6f7c7a15",
                            "violin_hqcr_mask.pdf:md5,ad0aaee2784ef88fd1d10a2df0c340ac",
                            "violin_hqcr_mask.png:md5,5bb4292c1ae0d603c615dabb8839566f",
                            "violin_hqcr_mask_mean.pdf:md5,baca1854b92890e59810ced41d2a3852",
                            "violin_hqcr_mask_mean.png:md5,81338872b9932e1d37a23f18c3777cb9",
                            "violin_hqcr_mask_mean_smoothed.pdf:md5,9e009ba9aaab44d07fb87ec7a291efd7",
                            "violin_hqcr_mask_mean_smoothed.png:md5,527db7b32ca4d9c3f3dfb8a22487fed6",
                            "violin_hqcr_mask_smoothed.pdf:md5,cb38f8839c66024e8301e2906000c096",
                            "violin_hqcr_mask_smoothed.png:md5,e0b905cbf3664217349b1a98adfe6756",
                            "violin_hqpr_0_beliefs.pdf:md5,b49f03bd9ad27e5f25289d25ca4e5154",
                            "violin_hqpr_0_beliefs.png:md5,ea24f8ba17d32c91b84d71e5c410dd27",
                            "violin_hqpr_0_beliefs_mean_informative.pdf:md5,753dc1b008ab98ba8e877cce4bc31259",
                            "violin_hqpr_0_beliefs_mean_informative.png:md5,6226feaf893d4b872f3bf2b089b505d6",
                            "violin_hqpr_0_beliefs_mean_informative_smoothed.pdf:md5,033b6752a5d6ec21c5eb3285e10909d3",
                            "violin_hqpr_0_beliefs_mean_informative_smoothed.png:md5,f5343f3a108f3e1f5cc2d54b8248fda2",
                            "violin_hqpr_0_beliefs_smoothed.pdf:md5,7a16595d5f1461a67e74e2a998cf9db7",
                            "violin_hqpr_0_beliefs_smoothed.png:md5,2734efec97f57036d1829bcedef3154a",
                            "violin_hqpr_0_intensity.pdf:md5,d113c022361278740db51b10311a7663",
                            "violin_hqpr_0_intensity.png:md5,f202ec311857940104459d094140804f",
                            "violin_hqpr_0_mask.pdf:md5,a72e64260aca781bdaccebd67fd7bce9",
                            "violin_hqpr_0_mask.png:md5,d1b8bdcabaaf5414dc1a9968ea95d7fa",
                            "violin_hqpr_0_mask_mean.pdf:md5,ea0285a3732b407ff5d5d46615faa0a3",
                            "violin_hqpr_0_mask_mean.png:md5,de8b5d8f95adabda346af8914f728b37",
                            "violin_hqpr_0_mask_mean_smoothed.pdf:md5,3f5c235e45b633d31d7fed24ff1100c3",
                            "violin_hqpr_0_mask_mean_smoothed.png:md5,e17242ec803688df7ecb4732a096158d",
                            "violin_hqpr_0_mask_smoothed.pdf:md5,8a57c7eb97c2bb85453d4a85a3c7cfbe",
                            "violin_hqpr_0_mask_smoothed.png:md5,7e32bdb154930f5a8c823debe950d185",
                            "violin_hqtr_ac_density.pdf:md5,a94ba257b4f64ededb010cb733990b00",
                            "violin_hqtr_ac_density.png:md5,6491df113810dd7a5f7538a9f2697e4a",
                            "violin_hqtr_beliefs.pdf:md5,5b0816dfacb8af6be15b8b6c51fdbe49",
                            "violin_hqtr_beliefs.png:md5,bf14be65bc394f5f8efd72c013746be8",
                            "violin_hqtr_beliefs_mean_informative.pdf:md5,ca94df1fca91434a30096c8b7dae8e2a",
                            "violin_hqtr_beliefs_mean_informative.png:md5,7c82fc79a0da09b2ec6e05d699d70dbe",
                            "violin_hqtr_beliefs_mean_informative_smoothed.pdf:md5,809f67895f3a3ce4ca291e3b501d0056",
                            "violin_hqtr_beliefs_mean_informative_smoothed.png:md5,3a3921f7e6a8f5bed07ca9a159d44195",
                            "violin_hqtr_beliefs_smoothed.pdf:md5,0497b4c7c4597d378c3606c838e640e6",
                            "violin_hqtr_beliefs_smoothed.png:md5,2f7deab4d68891cace7fc9f3acaabafb",
                            "violin_hqtr_intensity.pdf:md5,30068de06da3edf7dfa62d679ff26790",
                            "violin_hqtr_intensity.png:md5,6d28b6ebdc291c3f3217fe93f9b32833",
                            "violin_hqtr_mask.pdf:md5,06d0894c1c013027df0be546f0296846",
                            "violin_hqtr_mask.png:md5,7d3e033b8a981f7500bcc44863d39bbb",
                            "violin_hqtr_mask_mean.pdf:md5,b482baf878f9d071147520704bb6da7e",
                            "violin_hqtr_mask_mean.png:md5,0697ed90598771bd1546090ae855b6c4",
                            "violin_hqtr_mask_mean_smoothed.pdf:md5,7552e44e2ea06cd4daad136f1e255920",
                            "violin_hqtr_mask_mean_smoothed.png:md5,d4ff9c127d3aba54e4b3783b8ee7b6ff",
                            "violin_hqtr_mask_smoothed.pdf:md5,1bd22b31fa419fa4c47a2ee400dac1ce",
                            "violin_hqtr_mask_smoothed.png:md5,ff502d066472035dbda5382afcd601a7",
                            "violin_hqtr_qv_density.pdf:md5,fb4d5d742bda4f1199d489d1f0dbfb37",
                            "violin_hqtr_qv_density.png:md5,a49aea219e9ed73e2c46cc38681e1a5b",
                            "violin_island_score.pdf:md5,16d688011265cb0656be4e98fe3b863c",
                            "violin_island_score.png:md5,2945be90f18d8edc7fc126b683f76e61",
                            "violin_log10p1_convexhull_outside_trnascripts.pdf:md5,2a01637ad1a62585c1e681e67e5d8f69",
                            "violin_log10p1_convexhull_outside_trnascripts.png:md5,ae4d980edae00024f6c25c274e0c9005",
                            "violin_n_genes_by_counts.pdf:md5,30958d426d38042225052270974c27c4",
                            "violin_n_genes_by_counts.png:md5,3ef710aeabb7d10b725a55a1dd691f4d",
                            "violin_nucleus_free.pdf:md5,2f2b90c744d896831dcda5ae787f8be0",
                            "violin_nucleus_free.png:md5,0aedccce22d7aa400d77d31cc9024550",
                            "violin_num_low_qc_transcript.pdf:md5,4d16b6007467327a4fb7b853efd6f311",
                            "violin_num_low_qc_transcript.png:md5,c19c1c1f5d7d958af541c189b723a0ec",
                            "violin_relevance_hqpr_0.pdf:md5,4b378c1e822ae0160d1aebec3cf2cd84",
                            "violin_relevance_hqpr_0.png:md5,b1f65ea68609e9bb991870d47df5b8bd",
                            "violin_relevance_hqtr.pdf:md5,ccf85adf0c258b445c23b0f1dc1cbf0f",
                            "violin_relevance_hqtr.png:md5,d7dccac4126d40d558f5a03ef7cda229",
                            "violin_thinness_score.pdf:md5,f7c73a689a04710805102e0e128ec791",
                            "violin_thinness_score.png:md5,e6376d161c749529dcb41cec3f332da7",
                            "violin_uniformity_hqpr_0.pdf:md5,c61f0d4d63ea39d14994674422af83c4",
                            "violin_uniformity_hqpr_0.png:md5,67a677e2bc72157d352b9e8800907f24",
                            "violin_uniformity_hqtr.pdf:md5,16be31dc9dad5c9608cdd3a30ecfc1e2",
                            "violin_uniformity_hqtr.png:md5,13554e3b9b4187d64c7a872088055473"
                        ]
                    ]
                ],
                "1": [
                    "rna_qc_annotated.h5ad:md5,8127da763cbef764f9053a650eb23db3"
                ],
                "2": [
                    [
                        "SPOQC_ANALYSIS_OVERVIEW",
                        "spoqc",
                        "0.1.0"
                    ]
                ],
                "h5ad": [
                    "rna_qc_annotated.h5ad:md5,8127da763cbef764f9053a650eb23db3"
                ],
                "report": [
                    [
                        [
                            "barplot_pct_control_probe_counts.pdf:md5,c10c296949b21ee7cdc6cb98e4168e15",
                            "barplot_pct_control_probe_counts.png:md5,1c061ae928414def7ccb44b06f461310",
                            "barplot_pct_doublet_celltype.pdf:md5,0554b568cb87ff767c9f1bf56ea7b177",
                            "barplot_pct_doublet_celltype.png:md5,72c983424a2bb6545f4d61888eb7d519",
                            "barplot_pct_doublet_leiden.pdf:md5,70e279d27311d5c28c6ea59373aca127",
                            "barplot_pct_doublet_leiden.png:md5,d69265fbf9a68fb53a3252d5c2a7f033",
                            "barplot_pct_nuceli_count.pdf:md5,0dcce958b0dab48687b6197f68e9aeaf",
                            "barplot_pct_nuceli_count.png:md5,47eb25e5cf6cfbcb4bbf57b782b54e6f",
                            "barplot_pct_nucleus_free_celltype.pdf:md5,8eeb76de94d726e1407db92d7d790bb6",
                            "barplot_pct_nucleus_free_celltype.png:md5,e34bbe728177aac787734dd1aabfbb60",
                            "barplot_pct_nucleus_free_leiden.pdf:md5,65955793fb71c098536ebe3c2482cbe2",
                            "barplot_pct_nucleus_free_leiden.png:md5,a7c34054c89bda6969bbe96bcb056f0c"
                        ],
                        [
                            "boxplot_border_scores.pdf:md5,ebe62ba34c897c3ced90376c14237a7e",
                            "boxplot_border_scores.png:md5,eba54caab682c2b8975b0da9bdf17149",
                            "boxplot_canorm_transcript_counts.pdf:md5,1294df2a7a2a9e38a5d9c8eea9cd9cf5",
                            "boxplot_canorm_transcript_counts.png:md5,a8c897fc78781d2708ac8afaca311dd1",
                            "boxplot_cell_overlap_area.pdf:md5,52cd95308a9580c51a804f32927b6cce",
                            "boxplot_cell_overlap_area.png:md5,49a3ba3216fda561427ee42395de954c",
                            "boxplot_convexity_metric_cell.pdf:md5,3ba4620613b0c5aa52948eb6f2e96dd1",
                            "boxplot_convexity_metric_cell.png:md5,f527875fca1733d068f80df2cfbfd62a",
                            "boxplot_convexity_min_nuceli.pdf:md5,251b8700ae8f71428d8d2ef173524f82",
                            "boxplot_convexity_min_nuceli.png:md5,68e7c14e6e4a0c466698cc5aeb7d74b4",
                            "boxplot_doublet.pdf:md5,6ccef6d05c21481e55ee7d8309c6e88c",
                            "boxplot_doublet.png:md5,2f783234187c6334f08a07c8797b8b8a",
                            "boxplot_edge_strength_hqpr_0.pdf:md5,7ff02cd44a3b71d0e3f6e0b9981a686e",
                            "boxplot_edge_strength_hqpr_0.png:md5,5e0d0248c1b8345fe3af8ea60def5f54",
                            "boxplot_edge_strength_hqtr.pdf:md5,e788393a93a7eeae9832158ae76a10f2",
                            "boxplot_edge_strength_hqtr.png:md5,02d3185d57b4a3cad84aae51c0424be9",
                            "boxplot_energy_hqpr_0.pdf:md5,efee297156f0b3f27923704b86fe13bb",
                            "boxplot_energy_hqpr_0.png:md5,56a4678afbab211097db840561e0c243",
                            "boxplot_energy_hqtr.pdf:md5,a710d710cc7425b6584c8992944e0e87",
                            "boxplot_energy_hqtr.png:md5,870473dd831ed7dd1aaa713f58a5f211",
                            "boxplot_entropy_hqpr_0.pdf:md5,d4c9880212da246d495196a1e0b41659",
                            "boxplot_entropy_hqpr_0.png:md5,c0a71f94efa9b9516274763feb8cc55e",
                            "boxplot_entropy_hqtr.pdf:md5,36337b0298f08c26f6b4b7f65b7b0e73",
                            "boxplot_entropy_hqtr.png:md5,93e725ada4851fdfff8e3ae8e47a65b0",
                            "boxplot_homogenity_hqpr_0.pdf:md5,675bc989ee6b4ce61cec46962eb67b98",
                            "boxplot_homogenity_hqpr_0.png:md5,51caae7b86dfafdbb14f6b50a4f553e0",
                            "boxplot_homogenity_hqtr.pdf:md5,d8cda1dabe850750c6f326578023a76d",
                            "boxplot_homogenity_hqtr.png:md5,434e1009e16715daa542a5fd9e82e3c0",
                            "boxplot_hqcr_beliefs.pdf:md5,1efd6983e28a83b6029f07a3aea09dda",
                            "boxplot_hqcr_beliefs.png:md5,f6ddfc958102da1b819c437dcaace5c1",
                            "boxplot_hqcr_beliefs_smoothed.pdf:md5,c69511547034e5ae4442fa615cdcd4a3",
                            "boxplot_hqcr_beliefs_smoothed.png:md5,54b20ef3b1048f9d6456189aafe2dc63",
                            "boxplot_hqcr_mask.pdf:md5,e397af6d1e99d4e34dbd5d4aab0c4144",
                            "boxplot_hqcr_mask.png:md5,576959e1384ec7e9878b68044ebbadbd",
                            "boxplot_hqcr_mask_mean.pdf:md5,e2aff048a2f61a91803c4ccad1907c96",
                            "boxplot_hqcr_mask_mean.png:md5,3fac7c07a8645fc09ae3fd2d98b35cd5",
                            "boxplot_hqcr_mask_mean_smoothed.pdf:md5,1d149d72fbb8c47c7e0254f90d666859",
                            "boxplot_hqcr_mask_mean_smoothed.png:md5,2806ed42c91b3396809eda27b2d55cf0",
                            "boxplot_hqcr_mask_smoothed.pdf:md5,01b1bb2d316c3ed2306094904e771e50",
                            "boxplot_hqcr_mask_smoothed.png:md5,782b9082f33d6281aa12a048d258086b",
                            "boxplot_hqpr_0_beliefs.pdf:md5,254f177d5a50766746cb88931d3819e1",
                            "boxplot_hqpr_0_beliefs.png:md5,74a23924c6859dd91be3cbd84a1ba504",
                            "boxplot_hqpr_0_beliefs_mean_informative.pdf:md5,4a61fd94bc8cd031b94169f60ad421cb",
                            "boxplot_hqpr_0_beliefs_mean_informative.png:md5,da50acd8a1e8976a20e5842989b8c7a7",
                            "boxplot_hqpr_0_beliefs_mean_informative_smoothed.pdf:md5,bff789defb4bc48dba4fe960c6c7aff6",
                            "boxplot_hqpr_0_beliefs_mean_informative_smoothed.png:md5,40e43a509a0c9dc90e4a347487da813a",
                            "boxplot_hqpr_0_beliefs_smoothed.pdf:md5,bf154ed039a161f9461ad71bf064b00d",
                            "boxplot_hqpr_0_beliefs_smoothed.png:md5,cb206ee8955ba41dbff69464c6d4b329",
                            "boxplot_hqpr_0_intensity.pdf:md5,84e583a26fd7dd78d44cbc3fa7a69a48",
                            "boxplot_hqpr_0_intensity.png:md5,7457acdbd600e4fc22a12923dd25653a",
                            "boxplot_hqpr_0_mask.pdf:md5,124b2183fe6c0e8df7792a98ba4141c0",
                            "boxplot_hqpr_0_mask.png:md5,ff510135bf98b8ce924a2810a0c679fd",
                            "boxplot_hqpr_0_mask_mean.pdf:md5,96f6245cd5b995a76ec41a21e165fcd6",
                            "boxplot_hqpr_0_mask_mean.png:md5,d12c6b98222b2fb522b6973158f86b4a",
                            "boxplot_hqpr_0_mask_mean_smoothed.pdf:md5,b44dca58072e0618c37c8e9f985025a6",
                            "boxplot_hqpr_0_mask_mean_smoothed.png:md5,eb426042fe4ff759c5fb8a190133d190",
                            "boxplot_hqpr_0_mask_smoothed.pdf:md5,c91971e7cb945154dc703538801ae4d0",
                            "boxplot_hqpr_0_mask_smoothed.png:md5,527d9e79dbf4c1732a88d9ecfbe61c27",
                            "boxplot_hqtr_ac_density.pdf:md5,73b468ba0c66123946f82da60465a3e5",
                            "boxplot_hqtr_ac_density.png:md5,95cd6d31b1b6095b4c6a757b9eb70406",
                            "boxplot_hqtr_beliefs.pdf:md5,16b612717f3c071a23fb47a51dba51c4",
                            "boxplot_hqtr_beliefs.png:md5,823d5147bf71eccaca0bc270e9c3a4dd",
                            "boxplot_hqtr_beliefs_mean_informative.pdf:md5,271e2ae5bb9472f2d16483b6ff6881d9",
                            "boxplot_hqtr_beliefs_mean_informative.png:md5,1de2dc54e27c01b7681b3c92b4686c4e",
                            "boxplot_hqtr_beliefs_mean_informative_smoothed.pdf:md5,27b9073df0ff25ffaacbf133e7805f04",
                            "boxplot_hqtr_beliefs_mean_informative_smoothed.png:md5,782dc4e6791cd5af526b4026dd89bf88",
                            "boxplot_hqtr_beliefs_smoothed.pdf:md5,8e6f7e96c65f0b878d8db0eba3a0a619",
                            "boxplot_hqtr_beliefs_smoothed.png:md5,69cf2fae72446827af657485babc1659",
                            "boxplot_hqtr_intensity.pdf:md5,d28499076f85e27c079cf634754b5e92",
                            "boxplot_hqtr_intensity.png:md5,9135fc4f8f19a70c7e8efdfe6b8b8ab2",
                            "boxplot_hqtr_mask.pdf:md5,a98a5ef2e75e9895270d6b251acdde57",
                            "boxplot_hqtr_mask.png:md5,a1fedd6f13140fce12e1d9074e5c02ca",
                            "boxplot_hqtr_mask_mean.pdf:md5,e567324bee88314934a5a4a09da30994",
                            "boxplot_hqtr_mask_mean.png:md5,ed251ee346a0047353814ebe15d9eb38",
                            "boxplot_hqtr_mask_mean_smoothed.pdf:md5,4c7d3c8535641600e31058280c244fc0",
                            "boxplot_hqtr_mask_mean_smoothed.png:md5,9e6858b97a53edc836f278d39a7e4d85",
                            "boxplot_hqtr_mask_smoothed.pdf:md5,846e75f4c875605d0cc1c79cee1b0792",
                            "boxplot_hqtr_mask_smoothed.png:md5,ad353aeb70945f5f88e1e397bceff2eb",
                            "boxplot_hqtr_qv_density.pdf:md5,26cb0cecaec15a88eb10e7a465dbadf2",
                            "boxplot_hqtr_qv_density.png:md5,f9adab5fc0cc63d4ac8ec6feb97137be",
                            "boxplot_island_score.pdf:md5,6d290d1eeffc55b344002da8de9d2be7",
                            "boxplot_island_score.png:md5,3c74846ea560bbd53c2e0acf452b0614",
                            "boxplot_log10p1_convexhull_outside_trnascripts.pdf:md5,f0a95efd7696fb078619e699294e4c5e",
                            "boxplot_log10p1_convexhull_outside_trnascripts.png:md5,81a3369ce9f5fbffcb8a15d17f6289f3",
                            "boxplot_n_genes_by_counts.pdf:md5,8c9f5038df7e9c66c5740e0a9f92c26c",
                            "boxplot_n_genes_by_counts.png:md5,4429c8ea5730bea2bd7ab35cc89bbed6",
                            "boxplot_nucleus_free.pdf:md5,792b6bf3a9889078ebc4c8ca17f394b9",
                            "boxplot_nucleus_free.png:md5,de71d28cba82fc2ad25e89dbfe445064",
                            "boxplot_num_low_qc_transcript.pdf:md5,9b13fb7e7fdcf9d1330e030962094ad0",
                            "boxplot_num_low_qc_transcript.png:md5,a42de8d77a07a42311c6e13585ce29d4",
                            "boxplot_relevance_hqpr_0.pdf:md5,aa91536b687a3419c4b550f53b5176e8",
                            "boxplot_relevance_hqpr_0.png:md5,fd419c94379bc82a5b7d8f429d528cfb",
                            "boxplot_relevance_hqtr.pdf:md5,f707c4df74f03b27820f36f99543d1b1",
                            "boxplot_relevance_hqtr.png:md5,3bb67bd3ef76315e39d80459be6b614d",
                            "boxplot_thinness_score.pdf:md5,b343d861a49f44fc58bb9f12cbddede0",
                            "boxplot_thinness_score.png:md5,15dd0cf8fcf3fecb7120a87da55481ee",
                            "boxplot_uniformity_hqpr_0.pdf:md5,006aacd60b499e9bfe09632aa238910b",
                            "boxplot_uniformity_hqpr_0.png:md5,48ea5ea36c23e676ea5607f8622a1fd1",
                            "boxplot_uniformity_hqtr.pdf:md5,a128f85bf64c9806abdc05bc287742c5",
                            "boxplot_uniformity_hqtr.png:md5,e0db6184508e96ff72630be64cc02892"
                        ],
                        "done.txt:md5,94767608bce372c20975e82f4f4437ae",
                        [
                            "fractions_celltype_leiden.pdf:md5,aa8bfd5ce2526d4b2e621b679421bab7",
                            "fractions_celltype_leiden.png:md5,40b51afe8c5a312a51b5a6227f1f6349"
                        ],
                        [
                            "hist_border_scores.pdf:md5,5d6a78d7c9200132049bfd336db82b2d",
                            "hist_border_scores.png:md5,f2d6e7863181a35750c2513653d83410",
                            "hist_canorm_transcript_counts.pdf:md5,c7c4bc85067a8e00f23919690b0d4b7e",
                            "hist_canorm_transcript_counts.png:md5,09bbb0025d3d09990e7514f2e84cb1e0",
                            "hist_cell_overlap_area.pdf:md5,74f9803eb076d0d439781124c0be5a94",
                            "hist_cell_overlap_area.png:md5,85fc0fb6beae8eec6b177800e48b602e",
                            "hist_control_probe_counts.pdf:md5,b2592d45b537021f18aadc666ce045de",
                            "hist_control_probe_counts.png:md5,69e0e406a927b1548b6b21ef72c696cd",
                            "hist_convexhull_outside_trnascripts.pdf:md5,e4a5f4639ca538e13a6dc41dda5748f8",
                            "hist_convexhull_outside_trnascripts.png:md5,dd01c063b7f1f4f515bd3bfbb2fd0118",
                            "hist_convexity_metric_cell.pdf:md5,926da21d2fa54b46df75f4346d21ac23",
                            "hist_convexity_metric_cell.png:md5,544e006f1d2e76ec0c0feeabbd3159ae",
                            "hist_convexity_min_nuceli.pdf:md5,17d3f8b5d80d42e0ca97a6cd439590e0",
                            "hist_convexity_min_nuceli.png:md5,18dab42557c3795683ac77f5481553f5",
                            "hist_doublet.pdf:md5,310d4de2270ff7c6c2b2b1f6ea29b8d6",
                            "hist_doublet.png:md5,5e45ec0a2338354d16693ce3c43881d0",
                            "hist_edge_strength_hqpr_0.pdf:md5,da26ae9b509852772a14f898b17a94b6",
                            "hist_edge_strength_hqpr_0.png:md5,e42c070c1797183890915c1a56ed5ec7",
                            "hist_edge_strength_hqtr.pdf:md5,dc20e27ff4724f05dfd3448f6761c820",
                            "hist_edge_strength_hqtr.png:md5,92550c5e99798872a130ab1453127f43",
                            "hist_energy_hqpr_0.pdf:md5,7585dbd6893b2c2130d5f342b34924b3",
                            "hist_energy_hqpr_0.png:md5,5e80713857f292799d50dfc8a8d33b4c",
                            "hist_energy_hqtr.pdf:md5,a21ecd433b190a98879bbe62f967b86d",
                            "hist_energy_hqtr.png:md5,461b65abd3bd2fcd3705fd1cab5115f3",
                            "hist_entropy_hqpr_0.pdf:md5,cbf5739069d8e8351226eeb55a0d83bc",
                            "hist_entropy_hqpr_0.png:md5,cb114866187e58369e5976c7bff58391",
                            "hist_entropy_hqtr.pdf:md5,0e8d39d2dfc1a7b652dad24e7d28092a",
                            "hist_entropy_hqtr.png:md5,ddb15a699225cf10809b1c7d218bb835",
                            "hist_homogenity_hqpr_0.pdf:md5,760fdea3636ac2c72b8b9721aac2ff01",
                            "hist_homogenity_hqpr_0.png:md5,c3627117e051617ecddeaca6ec5d244e",
                            "hist_homogenity_hqtr.pdf:md5,b4e42b13ebd1bc5f0a079bb0cf8da9f4",
                            "hist_homogenity_hqtr.png:md5,663d07033a83f53fd7e2a8b557a53e85",
                            "hist_hqcr_beliefs.pdf:md5,7797f6e11cd9d67e1b32df39bb03edb5",
                            "hist_hqcr_beliefs.png:md5,c9c68a0e8e32687abf220fc262c95a50",
                            "hist_hqcr_beliefs_smoothed.pdf:md5,785ba36e65e5b43bbd17f4b6efe1b9e0",
                            "hist_hqcr_beliefs_smoothed.png:md5,6d446bfb2da407b59643f5bf7296b2f4",
                            "hist_hqcr_mask.pdf:md5,d1731fc5251010811daf0790e70b8b15",
                            "hist_hqcr_mask.png:md5,b1d903141f2c9826391f3081974873af",
                            "hist_hqcr_mask_mean.pdf:md5,bb659ed3d8f6bc27b0af0ac78543067a",
                            "hist_hqcr_mask_mean.png:md5,7f8794cedaa7bd32df00fb0076744db6",
                            "hist_hqcr_mask_mean_smoothed.pdf:md5,d5ecbe865dde04f022ce6cc65f58f0c8",
                            "hist_hqcr_mask_mean_smoothed.png:md5,abd348f27649b226e858b577afdf1abc",
                            "hist_hqcr_mask_smoothed.pdf:md5,d6c1f01c099b5892c476d3923f8772ad",
                            "hist_hqcr_mask_smoothed.png:md5,a431a1854a625ab13475eaa97154c4d4",
                            "hist_hqpr_0_beliefs.pdf:md5,f2f660b5ed6d1bd1beec19a800e51e85",
                            "hist_hqpr_0_beliefs.png:md5,6d37d2792822eba19aa10f0f705a7cee",
                            "hist_hqpr_0_beliefs_mean_informative.pdf:md5,f0d04d62b000bd7220127dae4e0e2cea",
                            "hist_hqpr_0_beliefs_mean_informative.png:md5,5c284926f11ad4ac108af6ba9fc3a63c",
                            "hist_hqpr_0_beliefs_mean_informative_smoothed.pdf:md5,ddfb91a01495911b7fd4fbb3fc69539b",
                            "hist_hqpr_0_beliefs_mean_informative_smoothed.png:md5,6e0e393546564f1cd67c7738ec72e020",
                            "hist_hqpr_0_beliefs_smoothed.pdf:md5,b62cac01d14168b5278e723718b46539",
                            "hist_hqpr_0_beliefs_smoothed.png:md5,344ca4901be08cf6e25110c4f202a9f7",
                            "hist_hqpr_0_intensity.pdf:md5,fbc5cc26d42249306e9dec453004c7e4",
                            "hist_hqpr_0_intensity.png:md5,181c6e397945be434c726558d9471f7d",
                            "hist_hqpr_0_mask.pdf:md5,d7a4a4358d5c7c4cbdb94b2e4077fc5e",
                            "hist_hqpr_0_mask.png:md5,2f7eafc0461660f49af67f7839f92320",
                            "hist_hqpr_0_mask_mean.pdf:md5,075d916e1bd9d798d8832c41d4ca1f1b",
                            "hist_hqpr_0_mask_mean.png:md5,b049699e77335266b48ed9cac72b3052",
                            "hist_hqpr_0_mask_mean_smoothed.pdf:md5,ceb71475b99eea017ffc08f2ed262081",
                            "hist_hqpr_0_mask_mean_smoothed.png:md5,781b38e748e49b9c29f2d39b719c650d",
                            "hist_hqpr_0_mask_smoothed.pdf:md5,b7a501f714d41300c3194748c7d9cec7",
                            "hist_hqpr_0_mask_smoothed.png:md5,b608a90106cfacb403dbf0c0ea4a8d3c",
                            "hist_hqtr_ac_density.pdf:md5,b1936173877100b6c414c942f6d583f1",
                            "hist_hqtr_ac_density.png:md5,b578148a059018b9b755ed22eb467322",
                            "hist_hqtr_beliefs.pdf:md5,168034a28f1d04e43db2f1d844d36b86",
                            "hist_hqtr_beliefs.png:md5,e7bbde30d09f8fc0478432587f288732",
                            "hist_hqtr_beliefs_mean_informative.pdf:md5,0652ebdd898362636169266c70956693",
                            "hist_hqtr_beliefs_mean_informative.png:md5,f42ed639afadf6f3b352da83dd98886a",
                            "hist_hqtr_beliefs_mean_informative_smoothed.pdf:md5,066e3c9208a3c5d38ae17014c5efd256",
                            "hist_hqtr_beliefs_mean_informative_smoothed.png:md5,9ac6072bf415103b3930f53558ad0ca9",
                            "hist_hqtr_beliefs_smoothed.pdf:md5,596a0e90382359c9d53c66b8d16c856d",
                            "hist_hqtr_beliefs_smoothed.png:md5,9e724e7f94fc2d6f69dbd8e19c754963",
                            "hist_hqtr_intensity.pdf:md5,c262de1b8931f5ad0b091eadae86ab37",
                            "hist_hqtr_intensity.png:md5,6ddae4ddd09161f99ce83e42375c95f5",
                            "hist_hqtr_mask.pdf:md5,5679a879793abdda3b2165267507832f",
                            "hist_hqtr_mask.png:md5,e80713703ec47af195c17322b6078275",
                            "hist_hqtr_mask_mean.pdf:md5,18ced7749fb2c9c8f4d14fea928a28f7",
                            "hist_hqtr_mask_mean.png:md5,2c5919ce4567e3f765f7d4579fb2713a",
                            "hist_hqtr_mask_mean_smoothed.pdf:md5,718e70b8c87c5503f0f9a6f312654d91",
                            "hist_hqtr_mask_mean_smoothed.png:md5,44f4cd5b33e7bfebeedf9d6659229bae",
                            "hist_hqtr_mask_smoothed.pdf:md5,1a347c45b91612236a10330387601d00",
                            "hist_hqtr_mask_smoothed.png:md5,d9d7b89779a7701c10d8ff803789a63d",
                            "hist_hqtr_qv_density.pdf:md5,f414a39cd40800fda1010bc8de65cb25",
                            "hist_hqtr_qv_density.png:md5,cbdc50825890f34f9af1e9fed6d78e6c",
                            "hist_island_score.pdf:md5,50f41c34607a6a1cef41fe1ffd3db3c5",
                            "hist_island_score.png:md5,1ab75c0fafba7ab00562df761cbfdf1f",
                            "hist_n_genes_by_counts.pdf:md5,9aafd430e26d5d8ef879a8e02de53a94",
                            "hist_n_genes_by_counts.png:md5,12afb445760ca039f5d8a7c23c7866cb",
                            "hist_nuceli_count.pdf:md5,4385492fc16a980511109b49ce2f23a2",
                            "hist_nuceli_count.png:md5,fc232c6e84edad547b45f8422379d27a",
                            "hist_nucleus_free.pdf:md5,f01f379b1941bc9aa6128e041c069c61",
                            "hist_nucleus_free.png:md5,05b416b0d05a1bd42e91adb317f0fe54",
                            "hist_num_low_qc_transcript.pdf:md5,4d626dbe459d098a5ce016081759fbec",
                            "hist_num_low_qc_transcript.png:md5,24e8d809935d54a1d5ba9915409874da",
                            "hist_relevance_hqpr_0.pdf:md5,75bbaa655332473cc4e06a4fb4c8d1ac",
                            "hist_relevance_hqpr_0.png:md5,f4d5ed0f32f645ebba66e1596b5d5caa",
                            "hist_relevance_hqtr.pdf:md5,98116788377ff32f44d69bc00965bbd0",
                            "hist_relevance_hqtr.png:md5,6070d3fcb44bc0d3aee1bdbc69032377",
                            "hist_thinness_score.pdf:md5,9008c48c43b00db9fb9fb0a7ea4d94db",
                            "hist_thinness_score.png:md5,4b0a5769b24e12b509cead4a74d3f4fe",
                            "hist_uniformity_hqpr_0.pdf:md5,4a2d0a76bb06279c76d0e11008d6275d",
                            "hist_uniformity_hqpr_0.png:md5,70b1a589bd15e26fdca881bce4677e8f",
                            "hist_uniformity_hqtr.pdf:md5,d055acc57705a3a53bd5015e33cbe9e7",
                            "hist_uniformity_hqtr.png:md5,e13cfaf9dc05752edf1f5c79991504cb"
                        ],
                        "res.txt:md5,29ac1dfbe3e806224ea4bb77e9e78f5b",
                        [
                            "scatterplot_annotation_leiden0.pdf:md5,5ea9dc725e5a2037c82f1f418656fc11",
                            "scatterplot_annotation_leiden0.png:md5,5acc08a3db915abfa8760dc7aec8ed74",
                            "scatterplot_annotation_leiden1.pdf:md5,ec952bb16cc9916277def87fd5d1beb1",
                            "scatterplot_annotation_leiden1.png:md5,9c83898a1ed1f2bbe02c4fc24c560d82",
                            "scatterplot_annotation_leiden10.pdf:md5,c2e86860aebf1cd456394f5a73c0c261",
                            "scatterplot_annotation_leiden10.png:md5,fe66953b34d74dec254167b898b6e947",
                            "scatterplot_annotation_leiden2.pdf:md5,3b9bc625f9c4ba1b6cb834e6ea76d987",
                            "scatterplot_annotation_leiden2.png:md5,d7e5fb5b95c8891ebd808d116bdf6f55",
                            "scatterplot_annotation_leiden3.pdf:md5,3be26a7a0898cd6a46485e51626ca723",
                            "scatterplot_annotation_leiden3.png:md5,b4e83a5f28d16b753af433e8cb0f199c",
                            "scatterplot_annotation_leiden4.pdf:md5,03f29c8892d9a94b9baf180db36c7431",
                            "scatterplot_annotation_leiden4.png:md5,1ad3cf78c75d74dd20ef3684b920f159",
                            "scatterplot_annotation_leiden5.pdf:md5,2abc1e49b8deb0eca074fea70f8a0de5",
                            "scatterplot_annotation_leiden5.png:md5,5e6c9e5fca0e5d4e8556e54592f113bd",
                            "scatterplot_annotation_leiden6.pdf:md5,8d62e504e254c9bd442daa2207281556",
                            "scatterplot_annotation_leiden6.png:md5,70bbc0247de36a3dd477fcaee5381d0c",
                            "scatterplot_annotation_leiden7.pdf:md5,514954ab5f39bbe0b498d1b594110f78",
                            "scatterplot_annotation_leiden7.png:md5,8c211821ff484d3773bb629b9f6f26f4",
                            "scatterplot_annotation_leiden8.pdf:md5,3272840c13c01eb74ebaf29605a0c295",
                            "scatterplot_annotation_leiden8.png:md5,e9446e886e51fdd7e1ce1410bd9d26a6",
                            "scatterplot_annotation_leiden9.pdf:md5,f2f2b6e383fd12b039b7d26080dae4bf",
                            "scatterplot_annotation_leiden9.png:md5,359c595bf7094f508584c4fb8a9f624e",
                            "scatterplot_hqcr_filtered_out.pdf:md5,b3e33877e216d03c85c35f5faccf2cb1",
                            "scatterplot_hqcr_filtered_out.png:md5,1eeaa3ca36298b3a2bcfbe5aec47c7dc",
                            "scatterplot_hqcr_mask.pdf:md5,3fcf36202c0de9e9753368962e07523d",
                            "scatterplot_hqcr_mask.png:md5,fae96dafe8e36175c3ea719a2965ef9d",
                            "scatterplot_hqcr_mask_smoothed.pdf:md5,cfd188897cf509cc25c8327bffc00cbe",
                            "scatterplot_hqcr_mask_smoothed.png:md5,fae96dafe8e36175c3ea719a2965ef9d",
                            "scatterplot_hqpr_0_mask.pdf:md5,d23311ffd90177aa8f59433c16e51faa",
                            "scatterplot_hqpr_0_mask.png:md5,18f4a563e821630c3be97762a4526f1b",
                            "scatterplot_hqpr_0_mask_smoothed.pdf:md5,d79786c129d9d5daf0a77dfcdfb75628",
                            "scatterplot_hqpr_0_mask_smoothed.png:md5,18f4a563e821630c3be97762a4526f1b",
                            "scatterplot_hqpr_filtered_out.pdf:md5,db74359fba8aec771f1ce44f2ce93ab1",
                            "scatterplot_hqpr_filtered_out.png:md5,da7df9996d88d1f3551358dca26d0849",
                            "scatterplot_hqr_filtered_out.pdf:md5,b0a2cdb7a71f6f2fc9ca00a4732e7ff3",
                            "scatterplot_hqr_filtered_out.png:md5,b631aa2897fbba2322c8eb6b85057d75",
                            "scatterplot_hqtr_filtered_out.pdf:md5,87ab4ca0b1e6bf8309bd3ccfb1abf12a",
                            "scatterplot_hqtr_filtered_out.png:md5,02f264f5638982cf869e7a5d232717ed",
                            "scatterplot_hqtr_mask.pdf:md5,f354bcdfdee1b73b90c708774ed9ea11",
                            "scatterplot_hqtr_mask.png:md5,446e0bffdc23ca2380b6cd9ba4f41e9c",
                            "scatterplot_hqtr_mask_smoothed.pdf:md5,959f98fcb124d86764938e4ebaf1f8c9",
                            "scatterplot_hqtr_mask_smoothed.png:md5,446e0bffdc23ca2380b6cd9ba4f41e9c",
                            "scatterplot_leiden_cluster_0.pdf:md5,36048a386fa7edccfdcdac6b131c0eba",
                            "scatterplot_leiden_cluster_0.png:md5,939154ce576f15a3aa24c4cb4241f88c",
                            "scatterplot_leiden_cluster_1.pdf:md5,0288d88ba1940a6a1230d5663a863653",
                            "scatterplot_leiden_cluster_1.png:md5,9c50ad8bcefe7ac79adaecc09c37221f",
                            "scatterplot_leiden_cluster_2.pdf:md5,0f6726d31eca959c7b16282f214e779c",
                            "scatterplot_leiden_cluster_2.png:md5,ee5475d428ff71d5260ff28374bb1aeb"
                        ],
                        [
                            "test_resolutions_leiden_clustering_num_clusters.pdf:md5,5a6ab0c348a1823b4d611f0dae576f58",
                            "test_resolutions_leiden_clustering_num_clusters.png:md5,be29391d11d92c2cf35ae1f0b6f9e471",
                            "test_resolutions_leiden_clustering_ss.pdf:md5,4421ad52669340fa1afb7b8287d02896",
                            "test_resolutions_leiden_clustering_ss.png:md5,ca9b941bb5dcae11367b44bfd8d26b1b"
                        ],
                        [
                            "umap_plot_celltype.pdf:md5,00e2130e546db65f8ec3d369b869195c",
                            "umap_plot_celltype.png:md5,8fc12e908ac848732490ad56fe5613c5",
                            "umap_plot_hqcr_filtered_out.pdf:md5,f4edf11f4f309658a7919c3b96ac6d5e",
                            "umap_plot_hqcr_filtered_out.png:md5,ee46a7861d7e1b2522c64d5d41aba0b2",
                            "umap_plot_hqpr_filtered_out.pdf:md5,95d709ee90563963a8febc5d8a61f81e",
                            "umap_plot_hqpr_filtered_out.png:md5,08c717eb37925cd0fb19255620489fc4",
                            "umap_plot_hqr_filtered_out.pdf:md5,e47c3e876ff1d07efc1e71f15c618fdf",
                            "umap_plot_hqr_filtered_out.png:md5,e2b72b7abc9e5b6ef3d53376181782d0",
                            "umap_plot_hqtr_filtered_out.pdf:md5,79b0686cc7579849d6108cfb42443768",
                            "umap_plot_hqtr_filtered_out.png:md5,5d6c233842034b2b560ad92a3a697495",
                            "umap_plot_leiden.pdf:md5,0c4112460a683597759885e79a18f864",
                            "umap_plot_leiden.png:md5,eeeb028d51a4358e1a0a129f9a363c98"
                        ],
                        [
                            "violin_border_scores.pdf:md5,8fd798c15b9acff81c57e3c62de9ccdb",
                            "violin_border_scores.png:md5,45672aa972a0bc481da7fb9caaf0b131",
                            "violin_canorm_transcript_counts.pdf:md5,60e411be2824b5cbee9546ea52bcbac3",
                            "violin_canorm_transcript_counts.png:md5,e41e96c3d8aa06ef2859580dff677493",
                            "violin_cell_overlap_area.pdf:md5,cad85cb91966a9adf9880eb13fe6c742",
                            "violin_cell_overlap_area.png:md5,ca757f1649741758213647b7bcfa9345",
                            "violin_convexity_metric_cell.pdf:md5,dcde82f669ee5a4bc0fb07134e589ce7",
                            "violin_convexity_metric_cell.png:md5,60a2fa955b0d1238f1203be2b3820d38",
                            "violin_convexity_min_nuceli.pdf:md5,74573be3fa5774b959e8f7da7a24b9cc",
                            "violin_convexity_min_nuceli.png:md5,ea5a91c6aeccf215d10b8e364cd953cb",
                            "violin_doublet.pdf:md5,9d0f73a2b7df5fd8dcd8981e15132435",
                            "violin_doublet.png:md5,8a6e22472f52131645afb98cf50dfbec",
                            "violin_edge_strength_hqpr_0.pdf:md5,8d822ffdb0fdee0ae15edf8378cad197",
                            "violin_edge_strength_hqpr_0.png:md5,87b31d812dd9b0f969cfcee458f80562",
                            "violin_edge_strength_hqtr.pdf:md5,659f4fb09d867a1530e1ca3a70a4babc",
                            "violin_edge_strength_hqtr.png:md5,abb1387e8ba3146ea26b6dba7a66da35",
                            "violin_energy_hqpr_0.pdf:md5,dcaf1e47d8c1f28155f424c73afe15b0",
                            "violin_energy_hqpr_0.png:md5,fb96e8009ceae5ed339dfdf0a76900cf",
                            "violin_energy_hqtr.pdf:md5,7958cac6c53488ac7910443fab92914a",
                            "violin_energy_hqtr.png:md5,24cb1106eadfc34440492fee138ca864",
                            "violin_entropy_hqpr_0.pdf:md5,4e21b577577cd33fe679bcd767c13a8b",
                            "violin_entropy_hqpr_0.png:md5,298f1a7a31f7692ae8c345a66f24bea4",
                            "violin_entropy_hqtr.pdf:md5,0ad1132c69fbc3263cbb939722cecc4b",
                            "violin_entropy_hqtr.png:md5,79ab9575f48a687ffe8524a1647cf36a",
                            "violin_homogenity_hqpr_0.pdf:md5,e47d112ae38278798ab0825d20d20cc3",
                            "violin_homogenity_hqpr_0.png:md5,6f6775df53ef8bdeeaab727ffb751545",
                            "violin_homogenity_hqtr.pdf:md5,f8f9c73b8a8e45ff7e8ec242838995d6",
                            "violin_homogenity_hqtr.png:md5,1badd55e68a39fa919d291ea84f02c10",
                            "violin_hqcr_beliefs.pdf:md5,07c6bb48a1605d3f15da5bc2a25d6422",
                            "violin_hqcr_beliefs.png:md5,6a5456a930ca53d74a2896d490bfea56",
                            "violin_hqcr_beliefs_smoothed.pdf:md5,7ea5215d3bd4e67cbff300c67d64a3ba",
                            "violin_hqcr_beliefs_smoothed.png:md5,6fa50238fa1e440fe4a47bde6f7c7a15",
                            "violin_hqcr_mask.pdf:md5,ad0aaee2784ef88fd1d10a2df0c340ac",
                            "violin_hqcr_mask.png:md5,5bb4292c1ae0d603c615dabb8839566f",
                            "violin_hqcr_mask_mean.pdf:md5,baca1854b92890e59810ced41d2a3852",
                            "violin_hqcr_mask_mean.png:md5,81338872b9932e1d37a23f18c3777cb9",
                            "violin_hqcr_mask_mean_smoothed.pdf:md5,9e009ba9aaab44d07fb87ec7a291efd7",
                            "violin_hqcr_mask_mean_smoothed.png:md5,527db7b32ca4d9c3f3dfb8a22487fed6",
                            "violin_hqcr_mask_smoothed.pdf:md5,cb38f8839c66024e8301e2906000c096",
                            "violin_hqcr_mask_smoothed.png:md5,e0b905cbf3664217349b1a98adfe6756",
                            "violin_hqpr_0_beliefs.pdf:md5,b49f03bd9ad27e5f25289d25ca4e5154",
                            "violin_hqpr_0_beliefs.png:md5,ea24f8ba17d32c91b84d71e5c410dd27",
                            "violin_hqpr_0_beliefs_mean_informative.pdf:md5,753dc1b008ab98ba8e877cce4bc31259",
                            "violin_hqpr_0_beliefs_mean_informative.png:md5,6226feaf893d4b872f3bf2b089b505d6",
                            "violin_hqpr_0_beliefs_mean_informative_smoothed.pdf:md5,033b6752a5d6ec21c5eb3285e10909d3",
                            "violin_hqpr_0_beliefs_mean_informative_smoothed.png:md5,f5343f3a108f3e1f5cc2d54b8248fda2",
                            "violin_hqpr_0_beliefs_smoothed.pdf:md5,7a16595d5f1461a67e74e2a998cf9db7",
                            "violin_hqpr_0_beliefs_smoothed.png:md5,2734efec97f57036d1829bcedef3154a",
                            "violin_hqpr_0_intensity.pdf:md5,d113c022361278740db51b10311a7663",
                            "violin_hqpr_0_intensity.png:md5,f202ec311857940104459d094140804f",
                            "violin_hqpr_0_mask.pdf:md5,a72e64260aca781bdaccebd67fd7bce9",
                            "violin_hqpr_0_mask.png:md5,d1b8bdcabaaf5414dc1a9968ea95d7fa",
                            "violin_hqpr_0_mask_mean.pdf:md5,ea0285a3732b407ff5d5d46615faa0a3",
                            "violin_hqpr_0_mask_mean.png:md5,de8b5d8f95adabda346af8914f728b37",
                            "violin_hqpr_0_mask_mean_smoothed.pdf:md5,3f5c235e45b633d31d7fed24ff1100c3",
                            "violin_hqpr_0_mask_mean_smoothed.png:md5,e17242ec803688df7ecb4732a096158d",
                            "violin_hqpr_0_mask_smoothed.pdf:md5,8a57c7eb97c2bb85453d4a85a3c7cfbe",
                            "violin_hqpr_0_mask_smoothed.png:md5,7e32bdb154930f5a8c823debe950d185",
                            "violin_hqtr_ac_density.pdf:md5,a94ba257b4f64ededb010cb733990b00",
                            "violin_hqtr_ac_density.png:md5,6491df113810dd7a5f7538a9f2697e4a",
                            "violin_hqtr_beliefs.pdf:md5,5b0816dfacb8af6be15b8b6c51fdbe49",
                            "violin_hqtr_beliefs.png:md5,bf14be65bc394f5f8efd72c013746be8",
                            "violin_hqtr_beliefs_mean_informative.pdf:md5,ca94df1fca91434a30096c8b7dae8e2a",
                            "violin_hqtr_beliefs_mean_informative.png:md5,7c82fc79a0da09b2ec6e05d699d70dbe",
                            "violin_hqtr_beliefs_mean_informative_smoothed.pdf:md5,809f67895f3a3ce4ca291e3b501d0056",
                            "violin_hqtr_beliefs_mean_informative_smoothed.png:md5,3a3921f7e6a8f5bed07ca9a159d44195",
                            "violin_hqtr_beliefs_smoothed.pdf:md5,0497b4c7c4597d378c3606c838e640e6",
                            "violin_hqtr_beliefs_smoothed.png:md5,2f7deab4d68891cace7fc9f3acaabafb",
                            "violin_hqtr_intensity.pdf:md5,30068de06da3edf7dfa62d679ff26790",
                            "violin_hqtr_intensity.png:md5,6d28b6ebdc291c3f3217fe93f9b32833",
                            "violin_hqtr_mask.pdf:md5,06d0894c1c013027df0be546f0296846",
                            "violin_hqtr_mask.png:md5,7d3e033b8a981f7500bcc44863d39bbb",
                            "violin_hqtr_mask_mean.pdf:md5,b482baf878f9d071147520704bb6da7e",
                            "violin_hqtr_mask_mean.png:md5,0697ed90598771bd1546090ae855b6c4",
                            "violin_hqtr_mask_mean_smoothed.pdf:md5,7552e44e2ea06cd4daad136f1e255920",
                            "violin_hqtr_mask_mean_smoothed.png:md5,d4ff9c127d3aba54e4b3783b8ee7b6ff",
                            "violin_hqtr_mask_smoothed.pdf:md5,1bd22b31fa419fa4c47a2ee400dac1ce",
                            "violin_hqtr_mask_smoothed.png:md5,ff502d066472035dbda5382afcd601a7",
                            "violin_hqtr_qv_density.pdf:md5,fb4d5d742bda4f1199d489d1f0dbfb37",
                            "violin_hqtr_qv_density.png:md5,a49aea219e9ed73e2c46cc38681e1a5b",
                            "violin_island_score.pdf:md5,16d688011265cb0656be4e98fe3b863c",
                            "violin_island_score.png:md5,2945be90f18d8edc7fc126b683f76e61",
                            "violin_log10p1_convexhull_outside_trnascripts.pdf:md5,2a01637ad1a62585c1e681e67e5d8f69",
                            "violin_log10p1_convexhull_outside_trnascripts.png:md5,ae4d980edae00024f6c25c274e0c9005",
                            "violin_n_genes_by_counts.pdf:md5,30958d426d38042225052270974c27c4",
                            "violin_n_genes_by_counts.png:md5,3ef710aeabb7d10b725a55a1dd691f4d",
                            "violin_nucleus_free.pdf:md5,2f2b90c744d896831dcda5ae787f8be0",
                            "violin_nucleus_free.png:md5,0aedccce22d7aa400d77d31cc9024550",
                            "violin_num_low_qc_transcript.pdf:md5,4d16b6007467327a4fb7b853efd6f311",
                            "violin_num_low_qc_transcript.png:md5,c19c1c1f5d7d958af541c189b723a0ec",
                            "violin_relevance_hqpr_0.pdf:md5,4b378c1e822ae0160d1aebec3cf2cd84",
                            "violin_relevance_hqpr_0.png:md5,b1f65ea68609e9bb991870d47df5b8bd",
                            "violin_relevance_hqtr.pdf:md5,ccf85adf0c258b445c23b0f1dc1cbf0f",
                            "violin_relevance_hqtr.png:md5,d7dccac4126d40d558f5a03ef7cda229",
                            "violin_thinness_score.pdf:md5,f7c73a689a04710805102e0e128ec791",
                            "violin_thinness_score.png:md5,e6376d161c749529dcb41cec3f332da7",
                            "violin_uniformity_hqpr_0.pdf:md5,c61f0d4d63ea39d14994674422af83c4",
                            "violin_uniformity_hqpr_0.png:md5,67a677e2bc72157d352b9e8800907f24",
                            "violin_uniformity_hqtr.pdf:md5,16be31dc9dad5c9608cdd3a30ecfc1e2",
                            "violin_uniformity_hqtr.png:md5,13554e3b9b4187d64c7a872088055473"
                        ]
                    ]
                ],
                "versions_spoqc": [
                    [
                        "SPOQC_ANALYSIS_OVERVIEW",
                        "spoqc",
                        "0.1.0"
                    ]
                ]
            }
        ],
        "timestamp": "2026-07-27T12:24:04.154664499",
        "meta": {
            "nf-test": "0.9.5",
            "nextflow": "26.04.6"
        }
    }
}