{
    "spoqc model": {
        "content": [
            {
                "0": [
                    [
                        "pca_evaluation_moransi.html:md5,5985fb2996ae50cefd22e9bfb5346685",
                        "pca_evaluation_moransi.pdf:md5,564f2b3e7431ea21147101a8ba6263e3",
                        "pca_evaluation_moransi.png:md5,09d46a2b1e5837f14bf9bd3a7f97f638",
                        "pca_evaluation_spatial_variance.html:md5,b4e2e32d388f63a83f40c1ca452621ec",
                        "pca_evaluation_spatial_variance.pdf:md5,bbb08f0bc7efe51f2bb56b26e6f76d20",
                        "pca_evaluation_spatial_variance.png:md5,4beea07d5bef9ec077de2e4348db5e7c",
                        "pca_variance_ratio.pdf:md5,aa955e87ba8033ab30226cd3b58c77cf",
                        "pca_variance_ratio.png:md5,a00ca7193799c208cabccd356eb52346",
                        "scatterplot_PC1.pdf:md5,db6414414e78be6517fcdbd232641ca5",
                        "scatterplot_PC1.png:md5,f73a9bcf6cf1a49288730919d3b02528",
                        "scatterplot_PC10.pdf:md5,2001525c2ca856e40cb3c322cade0bff",
                        "scatterplot_PC10.png:md5,4ce30ef44603e8172ef2de0020fef3bd",
                        "scatterplot_PC2.pdf:md5,5d32a7ae66bc24bb573a33bf0ee3294e",
                        "scatterplot_PC2.png:md5,ecebaf9b702b4d956339538aa9417187",
                        "scatterplot_PC3.pdf:md5,c6c34d1a1bd5a9cb3bc9fa5432fd3ef0",
                        "scatterplot_PC3.png:md5,1c6dbf24a2a469077172da1063e961f2",
                        "scatterplot_PC4.pdf:md5,42e03759c281318f921d987a4667e7bd",
                        "scatterplot_PC4.png:md5,80db0337a35c6aaf98600e26bb9230ef",
                        "scatterplot_PC5.pdf:md5,b9ef430eaa88e4a36c61c59b1fb8a1a1",
                        "scatterplot_PC5.png:md5,bd6f1a42fc51bc7d8e7505819d14c813",
                        "scatterplot_PC6.pdf:md5,347257354ffde80b3cd919592f0a8d3d",
                        "scatterplot_PC6.png:md5,b5a2f58e11cc31ecb1f8fcb0df512aaa",
                        "scatterplot_PC7.pdf:md5,c3aa77bde442ef1da922e373bc4e4b68",
                        "scatterplot_PC7.png:md5,17c8fcf3100b8949a8e51128a1667ac9",
                        "scatterplot_PC8.pdf:md5,c0371936a172c1abefebacd0b1042d0f",
                        "scatterplot_PC8.png:md5,dc6861fad9be9d138a848b05fee3c034",
                        "scatterplot_PC9.pdf:md5,e4de130d318ef1c704d1566eda67e816",
                        "scatterplot_PC9.png:md5,ff7db372a21bae84694bb44160e95506",
                        "scatterplot_PCs.pdf:md5,8f60c4fc13976bb4b203e660b392022a",
                        "scatterplot_PCs.png:md5,ac2d0fcefdc49690197d29a358b34d33"
                    ]
                ],
                "1": [
                    [
                        "SPOQC_MODEL",
                        "spoqc",
                        "0.1.0"
                    ]
                ],
                "report": [
                    [
                        "pca_evaluation_moransi.html:md5,5985fb2996ae50cefd22e9bfb5346685",
                        "pca_evaluation_moransi.pdf:md5,564f2b3e7431ea21147101a8ba6263e3",
                        "pca_evaluation_moransi.png:md5,09d46a2b1e5837f14bf9bd3a7f97f638",
                        "pca_evaluation_spatial_variance.html:md5,b4e2e32d388f63a83f40c1ca452621ec",
                        "pca_evaluation_spatial_variance.pdf:md5,bbb08f0bc7efe51f2bb56b26e6f76d20",
                        "pca_evaluation_spatial_variance.png:md5,4beea07d5bef9ec077de2e4348db5e7c",
                        "pca_variance_ratio.pdf:md5,aa955e87ba8033ab30226cd3b58c77cf",
                        "pca_variance_ratio.png:md5,a00ca7193799c208cabccd356eb52346",
                        "scatterplot_PC1.pdf:md5,db6414414e78be6517fcdbd232641ca5",
                        "scatterplot_PC1.png:md5,f73a9bcf6cf1a49288730919d3b02528",
                        "scatterplot_PC10.pdf:md5,2001525c2ca856e40cb3c322cade0bff",
                        "scatterplot_PC10.png:md5,4ce30ef44603e8172ef2de0020fef3bd",
                        "scatterplot_PC2.pdf:md5,5d32a7ae66bc24bb573a33bf0ee3294e",
                        "scatterplot_PC2.png:md5,ecebaf9b702b4d956339538aa9417187",
                        "scatterplot_PC3.pdf:md5,c6c34d1a1bd5a9cb3bc9fa5432fd3ef0",
                        "scatterplot_PC3.png:md5,1c6dbf24a2a469077172da1063e961f2",
                        "scatterplot_PC4.pdf:md5,42e03759c281318f921d987a4667e7bd",
                        "scatterplot_PC4.png:md5,80db0337a35c6aaf98600e26bb9230ef",
                        "scatterplot_PC5.pdf:md5,b9ef430eaa88e4a36c61c59b1fb8a1a1",
                        "scatterplot_PC5.png:md5,bd6f1a42fc51bc7d8e7505819d14c813",
                        "scatterplot_PC6.pdf:md5,347257354ffde80b3cd919592f0a8d3d",
                        "scatterplot_PC6.png:md5,b5a2f58e11cc31ecb1f8fcb0df512aaa",
                        "scatterplot_PC7.pdf:md5,c3aa77bde442ef1da922e373bc4e4b68",
                        "scatterplot_PC7.png:md5,17c8fcf3100b8949a8e51128a1667ac9",
                        "scatterplot_PC8.pdf:md5,c0371936a172c1abefebacd0b1042d0f",
                        "scatterplot_PC8.png:md5,dc6861fad9be9d138a848b05fee3c034",
                        "scatterplot_PC9.pdf:md5,e4de130d318ef1c704d1566eda67e816",
                        "scatterplot_PC9.png:md5,ff7db372a21bae84694bb44160e95506",
                        "scatterplot_PCs.pdf:md5,8f60c4fc13976bb4b203e660b392022a",
                        "scatterplot_PCs.png:md5,ac2d0fcefdc49690197d29a358b34d33"
                    ]
                ],
                "versions_spoqc": [
                    [
                        "SPOQC_MODEL",
                        "spoqc",
                        "0.1.0"
                    ]
                ]
            }
        ],
        "timestamp": "2026-07-17T12:35:39.094505471",
        "meta": {
            "nf-test": "0.9.5",
            "nextflow": "26.04.2"
        }
    },
    "spoqc model stub": {
        "content": [
            {
                "0": [
                    [
                        
                    ]
                ],
                "1": [
                    [
                        "SPOQC_MODEL",
                        "spoqc",
                        "0.1.0"
                    ]
                ],
                "report": [
                    [
                        
                    ]
                ],
                "versions_spoqc": [
                    [
                        "SPOQC_MODEL",
                        "spoqc",
                        "0.1.0"
                    ]
                ]
            }
        ],
        "timestamp": "2026-07-17T12:36:09.483357844",
        "meta": {
            "nf-test": "0.9.5",
            "nextflow": "26.04.2"
        }
    }
}