{
    "spoqc hqtr_metrices": {
        "content": [
            {
                "0": [
                    [
                        "imageplot_edge_strength.pdf:md5,9599384b7a64caab98cc28cc3b5a00ae",
                        "imageplot_edge_strength.png:md5,1a79238bfd477c5d5a4ccddfa596199a",
                        "imageplot_energy.pdf:md5,6c56e1d053368525a3f42f7afcf8ac80",
                        "imageplot_energy.png:md5,d8c4811572d372a1452bdc3ab99e4f96",
                        "imageplot_entropy.pdf:md5,6d581f730684e884e0442047897c0985",
                        "imageplot_entropy.png:md5,2ac28d5d4aed181ccd7fdddb055b406d",
                        "imageplot_homogeneity.pdf:md5,8c4fbe50994a15fc4dc6e91dce0c08c0",
                        "imageplot_homogeneity.png:md5,de775742085d6015a2dc640e5f26360b",
                        "imageplot_input_transcript_densities.pdf:md5,f308b34eeaa98e572b405155b6a29236",
                        "imageplot_input_transcript_densities.png:md5,c8de28ebe997ee1aac7c95435eb58616",
                        "imageplot_lbp.pdf:md5,a30f69d7ce3e7f0c9069d808d13c2b25",
                        "imageplot_lbp.png:md5,169bdf320f0f98492b2d70428b6d9235",
                        "imageplot_relevance.pdf:md5,c38db826228e82d9daecae412a35eca3",
                        "imageplot_relevance.png:md5,c2f89c32a6e8167366891ec7ed3b9af3",
                        "imageplot_transcript_density.pdf:md5,ca85b801ec085ad52cbcd92c6f69dd7c",
                        "imageplot_transcript_density.png:md5,c58e0e9153c7df341c110b5da31ad8ec",
                        "imageplot_uniformity.pdf:md5,5731131e25028af6760f5a037ecb9578",
                        "imageplot_uniformity.png:md5,8c7cc34758f2991d4d670f55218688af",
                        "scatterplot_None_transcript_points.pdf:md5,8a0180f3bb86a7ab5fbdb5bd13d940a8",
                        "scatterplot_None_transcript_points.png:md5,56a45885aa9247e23ae8bc6f48273a1e"
                    ]
                ],
                "1": [
                    [
                        "edge_strength_output_hqtr.parquet:md5,5556706ab306a1f8e8e840a1971f63e7",
                        "energy_output_hqtr.parquet:md5,5c11d94be6c4d16855060bea07f1f4dd",
                        "entropy_output_hqtr.parquet:md5,aaf71de4e33e7e33e3e04a20a9016f49",
                        "homogenity_output_hqtr.parquet:md5,dd9091d77d18ddfb1e948aa8f4c82a68",
                        "lbp_output_hqtr.parquet:md5,80d3beaf45c91cb2d0983ebed51d6c08",
                        "relevance_output_hqtr.parquet:md5,e7151cc27f5ef414711fd6b2577569f9",
                        "transcript_density_output_hqtr.parquet:md5,1e224f6f51570383e69d8a548a25dc9a",
                        "uniformity_output_hqtr.parquet:md5,d8d6a78f40c0d5eb49ad7df31a61bb9a"
                    ]
                ],
                "2": [
                    [
                        "SPOQC_HQTR_METRICES",
                        "spoqc",
                        "0.1.0"
                    ]
                ],
                "metrices": [
                    [
                        "edge_strength_output_hqtr.parquet:md5,5556706ab306a1f8e8e840a1971f63e7",
                        "energy_output_hqtr.parquet:md5,5c11d94be6c4d16855060bea07f1f4dd",
                        "entropy_output_hqtr.parquet:md5,aaf71de4e33e7e33e3e04a20a9016f49",
                        "homogenity_output_hqtr.parquet:md5,dd9091d77d18ddfb1e948aa8f4c82a68",
                        "lbp_output_hqtr.parquet:md5,80d3beaf45c91cb2d0983ebed51d6c08",
                        "relevance_output_hqtr.parquet:md5,e7151cc27f5ef414711fd6b2577569f9",
                        "transcript_density_output_hqtr.parquet:md5,1e224f6f51570383e69d8a548a25dc9a",
                        "uniformity_output_hqtr.parquet:md5,d8d6a78f40c0d5eb49ad7df31a61bb9a"
                    ]
                ],
                "report": [
                    [
                        "imageplot_edge_strength.pdf:md5,9599384b7a64caab98cc28cc3b5a00ae",
                        "imageplot_edge_strength.png:md5,1a79238bfd477c5d5a4ccddfa596199a",
                        "imageplot_energy.pdf:md5,6c56e1d053368525a3f42f7afcf8ac80",
                        "imageplot_energy.png:md5,d8c4811572d372a1452bdc3ab99e4f96",
                        "imageplot_entropy.pdf:md5,6d581f730684e884e0442047897c0985",
                        "imageplot_entropy.png:md5,2ac28d5d4aed181ccd7fdddb055b406d",
                        "imageplot_homogeneity.pdf:md5,8c4fbe50994a15fc4dc6e91dce0c08c0",
                        "imageplot_homogeneity.png:md5,de775742085d6015a2dc640e5f26360b",
                        "imageplot_input_transcript_densities.pdf:md5,f308b34eeaa98e572b405155b6a29236",
                        "imageplot_input_transcript_densities.png:md5,c8de28ebe997ee1aac7c95435eb58616",
                        "imageplot_lbp.pdf:md5,a30f69d7ce3e7f0c9069d808d13c2b25",
                        "imageplot_lbp.png:md5,169bdf320f0f98492b2d70428b6d9235",
                        "imageplot_relevance.pdf:md5,c38db826228e82d9daecae412a35eca3",
                        "imageplot_relevance.png:md5,c2f89c32a6e8167366891ec7ed3b9af3",
                        "imageplot_transcript_density.pdf:md5,ca85b801ec085ad52cbcd92c6f69dd7c",
                        "imageplot_transcript_density.png:md5,c58e0e9153c7df341c110b5da31ad8ec",
                        "imageplot_uniformity.pdf:md5,5731131e25028af6760f5a037ecb9578",
                        "imageplot_uniformity.png:md5,8c7cc34758f2991d4d670f55218688af",
                        "scatterplot_None_transcript_points.pdf:md5,8a0180f3bb86a7ab5fbdb5bd13d940a8",
                        "scatterplot_None_transcript_points.png:md5,56a45885aa9247e23ae8bc6f48273a1e"
                    ]
                ],
                "versions_spoqc": [
                    [
                        "SPOQC_HQTR_METRICES",
                        "spoqc",
                        "0.1.0"
                    ]
                ]
            }
        ],
        "timestamp": "2026-07-24T14:56:04.405457898",
        "meta": {
            "nf-test": "0.9.5",
            "nextflow": "26.04.6"
        }
    },
    "spoqc hqtr_metrices stub": {
        "content": [
            {
                "0": [
                    [
                        
                    ]
                ],
                "1": [
                    [
                        
                    ]
                ],
                "2": [
                    [
                        "SPOQC_HQTR_METRICES",
                        "spoqc",
                        "0.1.0"
                    ]
                ],
                "metrices": [
                    [
                        
                    ]
                ],
                "report": [
                    [
                        
                    ]
                ],
                "versions_spoqc": [
                    [
                        "SPOQC_HQTR_METRICES",
                        "spoqc",
                        "0.1.0"
                    ]
                ]
            }
        ],
        "timestamp": "2026-07-24T14:56:34.861318349",
        "meta": {
            "nf-test": "0.9.5",
            "nextflow": "26.04.6"
        }
    }
}