{
    "spoqc hqpr_metrices": {
        "content": [
            {
                "0": [
                    [
                        0,
                        [
                            "histogram_intensity.html:md5,0915eb925700860501dec60475d03f3b",
                            "histogram_intensity.pdf:md5,09307dead1739faaee31b92d0dc7ee6f",
                            "histogram_intensity.png:md5,482b1ca4886de8338877d0dac80959b9",
                            "imageplot_edge_strength.pdf:md5,f3d6252c0c1c01af04546a2e23e5e723",
                            "imageplot_edge_strength.png:md5,d534a95aa20000d39c64939d849249fb",
                            "imageplot_energy.pdf:md5,01efdbabe9fc5375dd634e33b8f5f62c",
                            "imageplot_energy.png:md5,35e387989d3725b523e4e13bff9f0812",
                            "imageplot_entropy.pdf:md5,36910909c840a6fd89990a3f4279f982",
                            "imageplot_entropy.png:md5,d7f0bf9377b966ff8ab84e8425464dae",
                            "imageplot_homogeneity.pdf:md5,26cf60be963743026970805303105a6f",
                            "imageplot_homogeneity.png:md5,828069014867ef013d8c16db4c9c5221",
                            "imageplot_input_pixel_intensities.pdf:md5,5592361c0c84aaf4a91f75aec9bc50bd",
                            "imageplot_input_pixel_intensities.png:md5,8647016873331abfa1547a87a3074707",
                            "imageplot_lbp.pdf:md5,a733f894c42bec7ab28590683afd1750",
                            "imageplot_lbp.png:md5,dee14b6ad6621c7777e800ea3dd43d37",
                            "imageplot_relevance.pdf:md5,e86f7e4635b6052509dae9a48b4ed2cd",
                            "imageplot_relevance.png:md5,ccad99ad568b427f598f9c9d2c4568ca",
                            "imageplot_snr.pdf:md5,3dbe51ac4731dc0792a845bc927d9565",
                            "imageplot_snr.png:md5,461a487c9341508e8cbe41c57877245d",
                            "imageplot_uniformity.pdf:md5,9362b2acbe287984a2c68c85228cdd6d",
                            "imageplot_uniformity.png:md5,bdda7fbab01e2da5b2618f11af64f9be"
                        ]
                    ]
                ],
                "1": [
                    [
                        0,
                        [
                            "edge_strength_output_hqpr_0.parquet:md5,6f3367bd9b0543acd08ebfcf43adee65",
                            "energy_output_hqpr_0.parquet:md5,8cf66c66c4195d788bced98240328573",
                            "entropy_output_hqpr_0.parquet:md5,640e8aa7b3fefb6258970d349c755e23",
                            "homogenity_output_hqpr_0.parquet:md5,09e3821111d7d0520d96c34dd69168ea",
                            "intensity_output_hqpr_0.parquet:md5,0ae1df8114d4f48df849fb9e864be30c",
                            "lbp_output_hqpr_0.parquet:md5,b633380b655988e42797c683bf993e9a",
                            "relevance_output_hqpr_0.parquet:md5,322d027123305419cb1faf2ae4edde02",
                            "uniformity_output_hqpr_0.parquet:md5,98aab013fea58afc7745a8335639f091"
                        ]
                    ]
                ],
                "2": [
                    "staining_log.txt:md5,027134c9cbcd1750b1cbbc13726205c7"
                ],
                "3": [
                    [
                        "SPOQC_HQPR_METRICES",
                        "spoqc",
                        "0.1.0"
                    ]
                ],
                "metrices": [
                    [
                        0,
                        [
                            "edge_strength_output_hqpr_0.parquet:md5,6f3367bd9b0543acd08ebfcf43adee65",
                            "energy_output_hqpr_0.parquet:md5,8cf66c66c4195d788bced98240328573",
                            "entropy_output_hqpr_0.parquet:md5,640e8aa7b3fefb6258970d349c755e23",
                            "homogenity_output_hqpr_0.parquet:md5,09e3821111d7d0520d96c34dd69168ea",
                            "intensity_output_hqpr_0.parquet:md5,0ae1df8114d4f48df849fb9e864be30c",
                            "lbp_output_hqpr_0.parquet:md5,b633380b655988e42797c683bf993e9a",
                            "relevance_output_hqpr_0.parquet:md5,322d027123305419cb1faf2ae4edde02",
                            "uniformity_output_hqpr_0.parquet:md5,98aab013fea58afc7745a8335639f091"
                        ]
                    ]
                ],
                "report": [
                    [
                        0,
                        [
                            "histogram_intensity.html:md5,0915eb925700860501dec60475d03f3b",
                            "histogram_intensity.pdf:md5,09307dead1739faaee31b92d0dc7ee6f",
                            "histogram_intensity.png:md5,482b1ca4886de8338877d0dac80959b9",
                            "imageplot_edge_strength.pdf:md5,f3d6252c0c1c01af04546a2e23e5e723",
                            "imageplot_edge_strength.png:md5,d534a95aa20000d39c64939d849249fb",
                            "imageplot_energy.pdf:md5,01efdbabe9fc5375dd634e33b8f5f62c",
                            "imageplot_energy.png:md5,35e387989d3725b523e4e13bff9f0812",
                            "imageplot_entropy.pdf:md5,36910909c840a6fd89990a3f4279f982",
                            "imageplot_entropy.png:md5,d7f0bf9377b966ff8ab84e8425464dae",
                            "imageplot_homogeneity.pdf:md5,26cf60be963743026970805303105a6f",
                            "imageplot_homogeneity.png:md5,828069014867ef013d8c16db4c9c5221",
                            "imageplot_input_pixel_intensities.pdf:md5,5592361c0c84aaf4a91f75aec9bc50bd",
                            "imageplot_input_pixel_intensities.png:md5,8647016873331abfa1547a87a3074707",
                            "imageplot_lbp.pdf:md5,a733f894c42bec7ab28590683afd1750",
                            "imageplot_lbp.png:md5,dee14b6ad6621c7777e800ea3dd43d37",
                            "imageplot_relevance.pdf:md5,e86f7e4635b6052509dae9a48b4ed2cd",
                            "imageplot_relevance.png:md5,ccad99ad568b427f598f9c9d2c4568ca",
                            "imageplot_snr.pdf:md5,3dbe51ac4731dc0792a845bc927d9565",
                            "imageplot_snr.png:md5,461a487c9341508e8cbe41c57877245d",
                            "imageplot_uniformity.pdf:md5,9362b2acbe287984a2c68c85228cdd6d",
                            "imageplot_uniformity.png:md5,bdda7fbab01e2da5b2618f11af64f9be"
                        ]
                    ]
                ],
                "staininglog": [
                    "staining_log.txt:md5,027134c9cbcd1750b1cbbc13726205c7"
                ],
                "versions_spoqc": [
                    [
                        "SPOQC_HQPR_METRICES",
                        "spoqc",
                        "0.1.0"
                    ]
                ]
            }
        ],
        "timestamp": "2026-07-17T15:38:42.950860434",
        "meta": {
            "nf-test": "0.9.5",
            "nextflow": "26.04.2"
        }
    },
    "spoqc hqpr_metrices stub": {
        "content": [
            {
                "0": [
                    [
                        0,
                        [
                            
                        ]
                    ]
                ],
                "1": [
                    [
                        0,
                        [
                            
                        ]
                    ]
                ],
                "2": [
                    "staining_log.txt:md5,d41d8cd98f00b204e9800998ecf8427e"
                ],
                "3": [
                    [
                        "SPOQC_HQPR_METRICES",
                        "spoqc",
                        "0.1.0"
                    ]
                ],
                "metrices": [
                    [
                        0,
                        [
                            
                        ]
                    ]
                ],
                "report": [
                    [
                        0,
                        [
                            
                        ]
                    ]
                ],
                "staininglog": [
                    "staining_log.txt:md5,d41d8cd98f00b204e9800998ecf8427e"
                ],
                "versions_spoqc": [
                    [
                        "SPOQC_HQPR_METRICES",
                        "spoqc",
                        "0.1.0"
                    ]
                ]
            }
        ],
        "timestamp": "2026-07-17T15:39:30.899401756",
        "meta": {
            "nf-test": "0.9.5",
            "nextflow": "26.04.2"
        }
    }
}