{
    "spoqc hqtr_celltype stub": {
        "content": [
            {
                "0": [
                    [
                        
                    ]
                ],
                "1": [
                    [
                        "SPOQC_HQTR_CELLTYPE",
                        "spoqc",
                        "0.1.0"
                    ]
                ],
                "report": [
                    [
                        
                    ]
                ],
                "versions_spoqc": [
                    [
                        "SPOQC_HQTR_CELLTYPE",
                        "spoqc",
                        "0.1.0"
                    ]
                ]
            }
        ],
        "timestamp": "2026-07-24T15:36:56.8736574",
        "meta": {
            "nf-test": "0.9.5",
            "nextflow": "26.04.6"
        }
    },
    "spoqc hqtr_celltype": {
        "content": [
            {
                "0": [
                    [
                        "barplot_celltypes_hqtr.pdf:md5,7b25cce908a2ad64f18275f6dc7708ac",
                        "barplot_celltypes_hqtr.png:md5,04e7d3285987cff6e42f5acce8905847",
                        "barplot_celltypes_pct_hqtr.pdf:md5,2022d85eb1a53b78dbf52afcfddd9b95",
                        "barplot_celltypes_pct_hqtr.png:md5,62d0fb4a62169d24b6709f8742a1abee",
                        "celltype_qc_analysis.html:md5,2940aae784d534efcf674ca5b8a07b98",
                        "imageplot_intensity_check_rotation.pdf:md5,27c349e73d12fb77a7029495ff25dbed",
                        "imageplot_intensity_check_rotation.png:md5,2000e663aaafdb993d141254afbd808a",
                        "scatterplot_hqtr_class.pdf:md5,a98dce3d2862d05b82848001fa2b3691",
                        "scatterplot_hqtr_class.png:md5,dcc1805374b94372f4929311268680b1",
                        "split_violinplot_as_score_cell.pdf:md5,887c41ad015c7a308159451118439d29",
                        "split_violinplot_as_score_cell.png:md5,ab8b8f9c95758d60d471fdefd3d77335",
                        "split_violinplot_as_score_nucleus.pdf:md5,db85d1e97dd9776755ca6619f1dfd5c0",
                        "split_violinplot_as_score_nucleus.png:md5,8c791232d2584022c5f2bacc531272ce",
                        "split_violinplot_intensity_cell.pdf:md5,99456492d525d50c84148da82bbb011c",
                        "split_violinplot_intensity_cell.png:md5,15c8df4354e8d0992d0afd574feaedd7",
                        "split_violinplot_intensity_nucleus.pdf:md5,f42f6d341ff1f76b9f0ae4fa8560f295",
                        "split_violinplot_intensity_nucleus.png:md5,97e6158f353137b31c4362ebb97ea61f",
                        "split_violinplot_s_score_cell.pdf:md5,85f4337f9b6b1389b95090e3481c445e",
                        "split_violinplot_s_score_cell.png:md5,7abbba87557179e0160c6ad05a996e97",
                        "split_violinplot_s_score_nucleus.pdf:md5,1e843b1479040e5877a2ef5be321251f",
                        "split_violinplot_s_score_nucleus.png:md5,b81338f42cf9056f3034fab4fe15d732"
                    ]
                ],
                "1": [
                    [
                        "SPOQC_HQTR_CELLTYPE",
                        "spoqc",
                        "0.1.0"
                    ]
                ],
                "report": [
                    [
                        "barplot_celltypes_hqtr.pdf:md5,7b25cce908a2ad64f18275f6dc7708ac",
                        "barplot_celltypes_hqtr.png:md5,04e7d3285987cff6e42f5acce8905847",
                        "barplot_celltypes_pct_hqtr.pdf:md5,2022d85eb1a53b78dbf52afcfddd9b95",
                        "barplot_celltypes_pct_hqtr.png:md5,62d0fb4a62169d24b6709f8742a1abee",
                        "celltype_qc_analysis.html:md5,2940aae784d534efcf674ca5b8a07b98",
                        "imageplot_intensity_check_rotation.pdf:md5,27c349e73d12fb77a7029495ff25dbed",
                        "imageplot_intensity_check_rotation.png:md5,2000e663aaafdb993d141254afbd808a",
                        "scatterplot_hqtr_class.pdf:md5,a98dce3d2862d05b82848001fa2b3691",
                        "scatterplot_hqtr_class.png:md5,dcc1805374b94372f4929311268680b1",
                        "split_violinplot_as_score_cell.pdf:md5,887c41ad015c7a308159451118439d29",
                        "split_violinplot_as_score_cell.png:md5,ab8b8f9c95758d60d471fdefd3d77335",
                        "split_violinplot_as_score_nucleus.pdf:md5,db85d1e97dd9776755ca6619f1dfd5c0",
                        "split_violinplot_as_score_nucleus.png:md5,8c791232d2584022c5f2bacc531272ce",
                        "split_violinplot_intensity_cell.pdf:md5,99456492d525d50c84148da82bbb011c",
                        "split_violinplot_intensity_cell.png:md5,15c8df4354e8d0992d0afd574feaedd7",
                        "split_violinplot_intensity_nucleus.pdf:md5,f42f6d341ff1f76b9f0ae4fa8560f295",
                        "split_violinplot_intensity_nucleus.png:md5,97e6158f353137b31c4362ebb97ea61f",
                        "split_violinplot_s_score_cell.pdf:md5,85f4337f9b6b1389b95090e3481c445e",
                        "split_violinplot_s_score_cell.png:md5,7abbba87557179e0160c6ad05a996e97",
                        "split_violinplot_s_score_nucleus.pdf:md5,1e843b1479040e5877a2ef5be321251f",
                        "split_violinplot_s_score_nucleus.png:md5,b81338f42cf9056f3034fab4fe15d732"
                    ]
                ],
                "versions_spoqc": [
                    [
                        "SPOQC_HQTR_CELLTYPE",
                        "spoqc",
                        "0.1.0"
                    ]
                ]
            }
        ],
        "timestamp": "2026-07-24T15:33:10.920691979",
        "meta": {
            "nf-test": "0.9.5",
            "nextflow": "26.04.6"
        }
    }
}