{
    "spoqc void stub": {
        "content": [
            {
                "0": [
                    [
                        
                    ]
                ],
                "1": [
                    "voidqc_output_hqcr.parquet:md5,d41d8cd98f00b204e9800998ecf8427e"
                ],
                "2": [
                    [
                        "SPOQC_VOID",
                        "spoqc",
                        "0.1.0"
                    ]
                ],
                "report": [
                    [
                        
                    ]
                ],
                "tmp": [
                    "voidqc_output_hqcr.parquet:md5,d41d8cd98f00b204e9800998ecf8427e"
                ],
                "versions_spoqc": [
                    [
                        "SPOQC_VOID",
                        "spoqc",
                        "0.1.0"
                    ]
                ]
            }
        ],
        "timestamp": "2026-07-17T12:31:09.576606375",
        "meta": {
            "nf-test": "0.9.5",
            "nextflow": "26.04.2"
        }
    },
    "spoqc void": {
        "content": [
            {
                "0": [
                    [
                        "barplot_void_log10_transcripts_counts_outside_cell.pdf:md5,352e5923cbf406243598ba93125f857a",
                        "barplot_void_log10_transcripts_counts_outside_cell.png:md5,67ab76df8f482660a2d50371f10b9b4b",
                        "barplot_void_nuclei_count.pdf:md5,a01acbd7a28b8c79e6ce8a1a81b0284f",
                        "barplot_void_nuclei_count.png:md5,76ee7b9c0051383d197579a59ca0f7fd",
                        "boxplot_edge_lengths.pdf:md5,18296243f2da517369a6c14554fe0e7e",
                        "boxplot_edge_lengths.png:md5,a5412bf03c7b1ca9f5b9a5b5a70dbd87",
                        "spatial_traingle_all_clsuters.pdf:md5,267566d52c184450aa83cc1d8b6a22a3",
                        "spatial_traingle_all_clsuters.png:md5,531254f7de227b9a196a74767cec8803",
                        "spatial_traingle_filtered_clusters_False.pdf:md5,6e1345ec07771bc6f11f5943bff34331",
                        "spatial_traingle_filtered_clusters_False.png:md5,7b1781db5b4d59cc471b239905222395",
                        "spatial_traingle_filtered_clusters_True.pdf:md5,6e1345ec07771bc6f11f5943bff34331",
                        "spatial_traingle_filtered_clusters_True.png:md5,7b1781db5b4d59cc471b239905222395",
                        "void.html:md5,79ebc1b47a30991250a7c048110f0184"
                    ]
                ],
                "1": [
                    "voidqc_output_hqcr.parquet:md5,368495a52a2869d58ac110fc634a9d3f"
                ],
                "2": [
                    [
                        "SPOQC_VOID",
                        "spoqc",
                        "0.1.0"
                    ]
                ],
                "report": [
                    [
                        "barplot_void_log10_transcripts_counts_outside_cell.pdf:md5,352e5923cbf406243598ba93125f857a",
                        "barplot_void_log10_transcripts_counts_outside_cell.png:md5,67ab76df8f482660a2d50371f10b9b4b",
                        "barplot_void_nuclei_count.pdf:md5,a01acbd7a28b8c79e6ce8a1a81b0284f",
                        "barplot_void_nuclei_count.png:md5,76ee7b9c0051383d197579a59ca0f7fd",
                        "boxplot_edge_lengths.pdf:md5,18296243f2da517369a6c14554fe0e7e",
                        "boxplot_edge_lengths.png:md5,a5412bf03c7b1ca9f5b9a5b5a70dbd87",
                        "spatial_traingle_all_clsuters.pdf:md5,267566d52c184450aa83cc1d8b6a22a3",
                        "spatial_traingle_all_clsuters.png:md5,531254f7de227b9a196a74767cec8803",
                        "spatial_traingle_filtered_clusters_False.pdf:md5,6e1345ec07771bc6f11f5943bff34331",
                        "spatial_traingle_filtered_clusters_False.png:md5,7b1781db5b4d59cc471b239905222395",
                        "spatial_traingle_filtered_clusters_True.pdf:md5,6e1345ec07771bc6f11f5943bff34331",
                        "spatial_traingle_filtered_clusters_True.png:md5,7b1781db5b4d59cc471b239905222395",
                        "void.html:md5,79ebc1b47a30991250a7c048110f0184"
                    ]
                ],
                "tmp": [
                    "voidqc_output_hqcr.parquet:md5,368495a52a2869d58ac110fc634a9d3f"
                ],
                "versions_spoqc": [
                    [
                        "SPOQC_VOID",
                        "spoqc",
                        "0.1.0"
                    ]
                ]
            }
        ],
        "timestamp": "2026-07-17T12:30:40.866659635",
        "meta": {
            "nf-test": "0.9.5",
            "nextflow": "26.04.2"
        }
    }
}