{
    "proseg2baysor - cell_polygons, transcript_metadata": {
        "content": [
            {
                "0": [
                    
                ],
                "1": [
                    
                ],
                "2": [
                    
                ],
                "versions_proseg": [
                    
                ],
                "xr_metadata": [
                    
                ],
                "xr_polygons": [
                    
                ]
            }
        ],
        "meta": {
            "nf-test": "0.9.3",
            "nextflow": "25.10.2"
        },
        "timestamp": "2026-03-21T03:50:54.118409704"
    },
    "proseg2baysor stub": {
        "content": [
            {
                "0": [
                    
                ],
                "1": [
                    
                ],
                "2": [
                    
                ],
                "versions_proseg": [
                    
                ],
                "xr_metadata": [
                    
                ],
                "xr_polygons": [
                    
                ]
            }
        ],
        "meta": {
            "nf-test": "0.9.3",
            "nextflow": "25.10.2"
        },
        "timestamp": "2026-03-21T03:51:01.546798675"
    }
}