{
    "spoqc bubble": {
        "content": [
            {
                "0": [
                    [
                        "bubble.html:md5,3dda0074d114c137b803815fb21f902f",
                        "histogram_log10_thinness_score.pdf:md5,76f8ffa24b31b9aca2be87ec4221f39b",
                        "histogram_log10_thinness_score.png:md5,46e01d6358ad2b5d4ba6c5c4c8c687c5",
                        "scatterplot_bubbleqc.pdf:md5,d34683fe2e02b4cd47996f6c8f1a9e71",
                        "scatterplot_bubbleqc.png:md5,adfbd10dbd44fd3b8bd098f40c9095ac",
                        "violinplot_log10_cell_areas.pdf:md5,0cad8255375c69633b6fe6bff347d1a4",
                        "violinplot_log10_cell_areas.png:md5,90ab53fd6269cdf8581c6ef78b34ef39"
                    ]
                ],
                "1": [
                    "bubbleqc_output_hqcr.parquet:md5,5e778a7d741c69dd3deeb7177caffbb5"
                ],
                "2": [
                    [
                        "SPOQC_BUBBLE",
                        "spoqc",
                        "0.1.0"
                    ]
                ],
                "report": [
                    [
                        "bubble.html:md5,3dda0074d114c137b803815fb21f902f",
                        "histogram_log10_thinness_score.pdf:md5,76f8ffa24b31b9aca2be87ec4221f39b",
                        "histogram_log10_thinness_score.png:md5,46e01d6358ad2b5d4ba6c5c4c8c687c5",
                        "scatterplot_bubbleqc.pdf:md5,d34683fe2e02b4cd47996f6c8f1a9e71",
                        "scatterplot_bubbleqc.png:md5,adfbd10dbd44fd3b8bd098f40c9095ac",
                        "violinplot_log10_cell_areas.pdf:md5,0cad8255375c69633b6fe6bff347d1a4",
                        "violinplot_log10_cell_areas.png:md5,90ab53fd6269cdf8581c6ef78b34ef39"
                    ]
                ],
                "tmp": [
                    "bubbleqc_output_hqcr.parquet:md5,5e778a7d741c69dd3deeb7177caffbb5"
                ],
                "versions_spoqc": [
                    [
                        "SPOQC_BUBBLE",
                        "spoqc",
                        "0.1.0"
                    ]
                ]
            }
        ],
        "timestamp": "2026-07-17T14:43:23.781806516",
        "meta": {
            "nf-test": "0.9.5",
            "nextflow": "26.04.2"
        }
    },
    "spoqc bubble stub": {
        "content": [
            {
                "0": [
                    [
                        
                    ]
                ],
                "1": [
                    "bubbleqc_output_hqcr.parquet:md5,d41d8cd98f00b204e9800998ecf8427e"
                ],
                "2": [
                    [
                        "SPOQC_BUBBLE",
                        "spoqc",
                        "0.1.0"
                    ]
                ],
                "report": [
                    [
                        
                    ]
                ],
                "tmp": [
                    "bubbleqc_output_hqcr.parquet:md5,d41d8cd98f00b204e9800998ecf8427e"
                ],
                "versions_spoqc": [
                    [
                        "SPOQC_BUBBLE",
                        "spoqc",
                        "0.1.0"
                    ]
                ]
            }
        ],
        "timestamp": "2026-07-17T14:43:54.57791893",
        "meta": {
            "nf-test": "0.9.5",
            "nextflow": "26.04.2"
        }
    }
}