{
    "spoqc hqcr_ident": {
        "content": [
            {
                "0": [
                    [
                        "barplot_doublet.pdf:md5,764a24f78a12d9999e9c86beb5dc92c4",
                        "barplot_doublet.png:md5,b14f1fd52e1f9a2a3a1bdf387e77593f",
                        [
                            
                        ],
                        "hqcr.json:md5,8e91cb48abd719266bc7a836e1777ddf",
                        "hqcr_cell_region.html:md5,c97845c57524aaec8c830b9a35bcb7fc",
                        "hqcr_data.html:md5,760bbc1d4a0f925e2be1d87f5c45492c",
                        "hqcr_qc_cluster_str.html:md5,c533a33d4420d136345d499d9490cd25",
                        "imageplot_input_priors.pdf:md5,2754be5bbbd4a2e4cc44269c17238f7f",
                        "imageplot_input_priors.png:md5,1e85535c47f368d1449ff489a268cf06",
                        "imageplot_input_segmentation_cell_labels.pdf:md5,1d562a5ecbe7835a3bf064ca41e817f7",
                        "imageplot_input_segmentation_cell_labels.png:md5,f8d3ffc67a0afe797966932a2af99c1a",
                        "imageplot_input_segmentation_nucleus_labels.pdf:md5,d0434401626115855fef4ad0384c8ea0",
                        "imageplot_input_segmentation_nucleus_labels.png:md5,cc0d83599d1108c90703ea6fb4104e36",
                        [
                            
                        ],
                        "markov_random_field_calculations.pdf:md5,af08c5e23f0edc12760f6c83de2b1dfc",
                        "markov_random_field_calculations.png:md5,00aa7d9707e8f73291bc1ed543a82fad",
                        "scatterplot_leiden.pdf:md5,ab22fce244c3f936b67711e48b0beec1",
                        "scatterplot_leiden.png:md5,81367e26e60b6c64cad840eeedadd6f1",
                        "scatterplot_qc_cluster.pdf:md5,93a92fddd3fd8c8abb998e239d6fe77f",
                        "scatterplot_qc_cluster.png:md5,51c42f1cb9ae32dda6b802a5d492cc30",
                        "scatterplot_refined_qc_class.pdf:md5,e462f2ef456465362231b01581d6028c",
                        "scatterplot_refined_qc_class.png:md5,bed3e9735f51755da3bb9c8e0e34f473",
                        [
                            
                        ],
                        "violinplot_border_scores.pdf:md5,763b90f9aa046e6e0eec3c0ce066deb1",
                        "violinplot_border_scores.png:md5,bc7a09d65d81a40e1d97d74f445c2d1a",
                        "violinplot_canorm_transcript_counts.pdf:md5,b5bac95dde4699bc3deec805b4ddbe7f",
                        "violinplot_canorm_transcript_counts.png:md5,396dbb9f5b049235fd125898c82bfe79",
                        "violinplot_cell_overlap_area.pdf:md5,55e09c417da343eabb47b7edc5c386c7",
                        "violinplot_cell_overlap_area.png:md5,13e5698329907af30d9df05caad772c5",
                        "violinplot_control_probe_counts.pdf:md5,cbc08331f4b605b15084a09bf6f98bbd",
                        "violinplot_control_probe_counts.png:md5,8a8f19b49f2ade69fd15a8b3b268e8a8",
                        "violinplot_convexhull_outside_trnascripts.pdf:md5,e9ec5ef90c257df48ffdc4b562ada3cd",
                        "violinplot_convexhull_outside_trnascripts.png:md5,8e5d9cee34ee0456f2409fbd217749ac",
                        "violinplot_convexity_metric_cell.pdf:md5,8c452d46ba09ed1abe7f25fd167fbb3b",
                        "violinplot_convexity_metric_cell.png:md5,e4915e2d84a57dcf635b010dd0a5462a",
                        "violinplot_convexity_min_nuceli.pdf:md5,f2d4f70707ba84fe4917e5b6ae9add30",
                        "violinplot_convexity_min_nuceli.png:md5,ac2bf97fe4895f6eb2f64c12dc208d38",
                        "violinplot_island_score.pdf:md5,6d4410eba801e954840b99f7e2d02612",
                        "violinplot_island_score.png:md5,383b796ebe5b375dc9f7ed5afdf75010",
                        "violinplot_n_genes_by_counts.pdf:md5,f5f75afc1a444f024ceee744e5da50fb",
                        "violinplot_n_genes_by_counts.png:md5,e7d328e884380f2a827b0dc320831abb",
                        "violinplot_nuceli_count.pdf:md5,61a19694e3edf179503808c54e1edec3",
                        "violinplot_nuceli_count.png:md5,95f8e142e9ed789ae446dbb2ac029f4d",
                        "violinplot_num_low_qc_transcript.pdf:md5,84181f844ae32d4a4bed82be6e28b168",
                        "violinplot_num_low_qc_transcript.png:md5,b0087786b4d98b3ee547f57eac90213e",
                        "violinplot_thinness_score.pdf:md5,71ab2589323208b28c192d2df0caf8cd",
                        "violinplot_thinness_score.png:md5,efd47e3ac3759093c46ac980a38ef72b"
                    ]
                ],
                "1": [
                    "hqcr_output_mask_raw.parquet:md5,7d013774fc2fc8f6b9a93c6434e1c533"
                ],
                "2": [
                    "hqcr_output_mask_smoothed_raw.parquet:md5,5f7cd1ad4c0d42625e1b829768b84716"
                ],
                "3": [
                    [
                        "SPOQC_HQCR_IDENT",
                        "spoqc",
                        "0.1.0"
                    ]
                ],
                "mask": [
                    "hqcr_output_mask_raw.parquet:md5,7d013774fc2fc8f6b9a93c6434e1c533"
                ],
                "mask_smoothed": [
                    "hqcr_output_mask_smoothed_raw.parquet:md5,5f7cd1ad4c0d42625e1b829768b84716"
                ],
                "report": [
                    [
                        "barplot_doublet.pdf:md5,764a24f78a12d9999e9c86beb5dc92c4",
                        "barplot_doublet.png:md5,b14f1fd52e1f9a2a3a1bdf387e77593f",
                        [
                            
                        ],
                        "hqcr.json:md5,8e91cb48abd719266bc7a836e1777ddf",
                        "hqcr_cell_region.html:md5,c97845c57524aaec8c830b9a35bcb7fc",
                        "hqcr_data.html:md5,760bbc1d4a0f925e2be1d87f5c45492c",
                        "hqcr_qc_cluster_str.html:md5,c533a33d4420d136345d499d9490cd25",
                        "imageplot_input_priors.pdf:md5,2754be5bbbd4a2e4cc44269c17238f7f",
                        "imageplot_input_priors.png:md5,1e85535c47f368d1449ff489a268cf06",
                        "imageplot_input_segmentation_cell_labels.pdf:md5,1d562a5ecbe7835a3bf064ca41e817f7",
                        "imageplot_input_segmentation_cell_labels.png:md5,f8d3ffc67a0afe797966932a2af99c1a",
                        "imageplot_input_segmentation_nucleus_labels.pdf:md5,d0434401626115855fef4ad0384c8ea0",
                        "imageplot_input_segmentation_nucleus_labels.png:md5,cc0d83599d1108c90703ea6fb4104e36",
                        [
                            
                        ],
                        "markov_random_field_calculations.pdf:md5,af08c5e23f0edc12760f6c83de2b1dfc",
                        "markov_random_field_calculations.png:md5,00aa7d9707e8f73291bc1ed543a82fad",
                        "scatterplot_leiden.pdf:md5,ab22fce244c3f936b67711e48b0beec1",
                        "scatterplot_leiden.png:md5,81367e26e60b6c64cad840eeedadd6f1",
                        "scatterplot_qc_cluster.pdf:md5,93a92fddd3fd8c8abb998e239d6fe77f",
                        "scatterplot_qc_cluster.png:md5,51c42f1cb9ae32dda6b802a5d492cc30",
                        "scatterplot_refined_qc_class.pdf:md5,e462f2ef456465362231b01581d6028c",
                        "scatterplot_refined_qc_class.png:md5,bed3e9735f51755da3bb9c8e0e34f473",
                        [
                            
                        ],
                        "violinplot_border_scores.pdf:md5,763b90f9aa046e6e0eec3c0ce066deb1",
                        "violinplot_border_scores.png:md5,bc7a09d65d81a40e1d97d74f445c2d1a",
                        "violinplot_canorm_transcript_counts.pdf:md5,b5bac95dde4699bc3deec805b4ddbe7f",
                        "violinplot_canorm_transcript_counts.png:md5,396dbb9f5b049235fd125898c82bfe79",
                        "violinplot_cell_overlap_area.pdf:md5,55e09c417da343eabb47b7edc5c386c7",
                        "violinplot_cell_overlap_area.png:md5,13e5698329907af30d9df05caad772c5",
                        "violinplot_control_probe_counts.pdf:md5,cbc08331f4b605b15084a09bf6f98bbd",
                        "violinplot_control_probe_counts.png:md5,8a8f19b49f2ade69fd15a8b3b268e8a8",
                        "violinplot_convexhull_outside_trnascripts.pdf:md5,e9ec5ef90c257df48ffdc4b562ada3cd",
                        "violinplot_convexhull_outside_trnascripts.png:md5,8e5d9cee34ee0456f2409fbd217749ac",
                        "violinplot_convexity_metric_cell.pdf:md5,8c452d46ba09ed1abe7f25fd167fbb3b",
                        "violinplot_convexity_metric_cell.png:md5,e4915e2d84a57dcf635b010dd0a5462a",
                        "violinplot_convexity_min_nuceli.pdf:md5,f2d4f70707ba84fe4917e5b6ae9add30",
                        "violinplot_convexity_min_nuceli.png:md5,ac2bf97fe4895f6eb2f64c12dc208d38",
                        "violinplot_island_score.pdf:md5,6d4410eba801e954840b99f7e2d02612",
                        "violinplot_island_score.png:md5,383b796ebe5b375dc9f7ed5afdf75010",
                        "violinplot_n_genes_by_counts.pdf:md5,f5f75afc1a444f024ceee744e5da50fb",
                        "violinplot_n_genes_by_counts.png:md5,e7d328e884380f2a827b0dc320831abb",
                        "violinplot_nuceli_count.pdf:md5,61a19694e3edf179503808c54e1edec3",
                        "violinplot_nuceli_count.png:md5,95f8e142e9ed789ae446dbb2ac029f4d",
                        "violinplot_num_low_qc_transcript.pdf:md5,84181f844ae32d4a4bed82be6e28b168",
                        "violinplot_num_low_qc_transcript.png:md5,b0087786b4d98b3ee547f57eac90213e",
                        "violinplot_thinness_score.pdf:md5,71ab2589323208b28c192d2df0caf8cd",
                        "violinplot_thinness_score.png:md5,efd47e3ac3759093c46ac980a38ef72b"
                    ]
                ],
                "versions_spoqc": [
                    [
                        "SPOQC_HQCR_IDENT",
                        "spoqc",
                        "0.1.0"
                    ]
                ]
            }
        ],
        "timestamp": "2026-07-17T15:14:38.024021949",
        "meta": {
            "nf-test": "0.9.5",
            "nextflow": "26.04.2"
        }
    },
    "spoqc hqcr_ident stub": {
        "content": [
            {
                "0": [
                    [
                        
                    ]
                ],
                "1": [
                    "hqcr_output_mask_raw.parquet:md5,d41d8cd98f00b204e9800998ecf8427e"
                ],
                "2": [
                    "hqcr_output_mask_smoothed_raw.parquet:md5,d41d8cd98f00b204e9800998ecf8427e"
                ],
                "3": [
                    [
                        "SPOQC_HQCR_IDENT",
                        "spoqc",
                        "0.1.0"
                    ]
                ],
                "mask": [
                    "hqcr_output_mask_raw.parquet:md5,d41d8cd98f00b204e9800998ecf8427e"
                ],
                "mask_smoothed": [
                    "hqcr_output_mask_smoothed_raw.parquet:md5,d41d8cd98f00b204e9800998ecf8427e"
                ],
                "report": [
                    [
                        
                    ]
                ],
                "versions_spoqc": [
                    [
                        "SPOQC_HQCR_IDENT",
                        "spoqc",
                        "0.1.0"
                    ]
                ]
            }
        ],
        "timestamp": "2026-07-17T15:17:28.022294871",
        "meta": {
            "nf-test": "0.9.5",
            "nextflow": "26.04.2"
        }
    }
}