{
    "spoqc hqpr_celltype": {
        "content": [
            {
                "0": [
                    [
                        "barplot_celltypes_hqpr.pdf:md5,e96eb7048eef6b51851fb7a9fbb07277",
                        "barplot_celltypes_hqpr.png:md5,b8e080ef68353c30a192af62b57d7a48",
                        "barplot_celltypes_pct_hqpr.pdf:md5,3122a90abba38481522c9b47abe13176",
                        "barplot_celltypes_pct_hqpr.png:md5,acbd2d0472f3ca9d84926bdd77c4942b",
                        "celltype_qc_analysis.html:md5,3a4c9fa38a206c836fb83d8da5166bd5",
                        "imageplot_intensity_check_rotation.pdf:md5,9a27d597a5b84ff9bee7175598ff65f5",
                        "imageplot_intensity_check_rotation.png:md5,4aaefb6009ccbf5eb83592332b077dfb",
                        "scatterplot_hqpr_0_class.pdf:md5,2730270f5aae71d83887812f1622b3c0",
                        "scatterplot_hqpr_0_class.png:md5,924bdce2640f4fb67c2f298b3acd24dd",
                        "split_violinplot_as_score_cell.pdf:md5,6772d7a892878d36038dac94ae16d78a",
                        "split_violinplot_as_score_cell.png:md5,5dbd910d8829844c4ecc5c4bf9026dc6",
                        "split_violinplot_as_score_nucleus.pdf:md5,489afcb8bd7d65d04dc9f4ee201eb55b",
                        "split_violinplot_as_score_nucleus.png:md5,05570038bc672dfc42354f02db3b8b58",
                        "split_violinplot_intensity_cell.pdf:md5,ab86abb5aeb4b4f1ef35a2103ebb4479",
                        "split_violinplot_intensity_cell.png:md5,74ce48f712e032fb36309e36861e67aa",
                        "split_violinplot_intensity_nucleus.pdf:md5,ee21d26e0ae54eebe231e4efad9e8ca5",
                        "split_violinplot_intensity_nucleus.png:md5,32ebec8c360ead344ef1204cd27b7961",
                        "split_violinplot_s_score_cell.pdf:md5,86eaf7446225e391bf2d4f37b4c52e6a",
                        "split_violinplot_s_score_cell.png:md5,5479d333d5fe4b85bc9e7c1bee7d8de8",
                        "split_violinplot_s_score_nucleus.pdf:md5,7275bff51c76b8934176cf30085cebea",
                        "split_violinplot_s_score_nucleus.png:md5,57ecd5e81e54b3324064f384dd23e1a5"
                    ]
                ],
                "1": [
                    [
                        "SPOQC_HQPR_CELLTYPE",
                        "spoqc",
                        "0.1.0"
                    ]
                ],
                "report": [
                    [
                        "barplot_celltypes_hqpr.pdf:md5,e96eb7048eef6b51851fb7a9fbb07277",
                        "barplot_celltypes_hqpr.png:md5,b8e080ef68353c30a192af62b57d7a48",
                        "barplot_celltypes_pct_hqpr.pdf:md5,3122a90abba38481522c9b47abe13176",
                        "barplot_celltypes_pct_hqpr.png:md5,acbd2d0472f3ca9d84926bdd77c4942b",
                        "celltype_qc_analysis.html:md5,3a4c9fa38a206c836fb83d8da5166bd5",
                        "imageplot_intensity_check_rotation.pdf:md5,9a27d597a5b84ff9bee7175598ff65f5",
                        "imageplot_intensity_check_rotation.png:md5,4aaefb6009ccbf5eb83592332b077dfb",
                        "scatterplot_hqpr_0_class.pdf:md5,2730270f5aae71d83887812f1622b3c0",
                        "scatterplot_hqpr_0_class.png:md5,924bdce2640f4fb67c2f298b3acd24dd",
                        "split_violinplot_as_score_cell.pdf:md5,6772d7a892878d36038dac94ae16d78a",
                        "split_violinplot_as_score_cell.png:md5,5dbd910d8829844c4ecc5c4bf9026dc6",
                        "split_violinplot_as_score_nucleus.pdf:md5,489afcb8bd7d65d04dc9f4ee201eb55b",
                        "split_violinplot_as_score_nucleus.png:md5,05570038bc672dfc42354f02db3b8b58",
                        "split_violinplot_intensity_cell.pdf:md5,ab86abb5aeb4b4f1ef35a2103ebb4479",
                        "split_violinplot_intensity_cell.png:md5,74ce48f712e032fb36309e36861e67aa",
                        "split_violinplot_intensity_nucleus.pdf:md5,ee21d26e0ae54eebe231e4efad9e8ca5",
                        "split_violinplot_intensity_nucleus.png:md5,32ebec8c360ead344ef1204cd27b7961",
                        "split_violinplot_s_score_cell.pdf:md5,86eaf7446225e391bf2d4f37b4c52e6a",
                        "split_violinplot_s_score_cell.png:md5,5479d333d5fe4b85bc9e7c1bee7d8de8",
                        "split_violinplot_s_score_nucleus.pdf:md5,7275bff51c76b8934176cf30085cebea",
                        "split_violinplot_s_score_nucleus.png:md5,57ecd5e81e54b3324064f384dd23e1a5"
                    ]
                ],
                "versions_spoqc": [
                    [
                        "SPOQC_HQPR_CELLTYPE",
                        "spoqc",
                        "0.1.0"
                    ]
                ]
            }
        ],
        "timestamp": "2026-07-17T16:23:07.513681351",
        "meta": {
            "nf-test": "0.9.5",
            "nextflow": "26.04.2"
        }
    },
    "spoqc hqpr_celltype stub": {
        "content": [
            {
                "0": [
                    [
                        
                    ]
                ],
                "1": [
                    [
                        "SPOQC_HQPR_CELLTYPE",
                        "spoqc",
                        "0.1.0"
                    ]
                ],
                "report": [
                    [
                        
                    ]
                ],
                "versions_spoqc": [
                    [
                        "SPOQC_HQPR_CELLTYPE",
                        "spoqc",
                        "0.1.0"
                    ]
                ]
            }
        ],
        "timestamp": "2026-07-17T16:27:53.998826573",
        "meta": {
            "nf-test": "0.9.5",
            "nextflow": "26.04.2"
        }
    }
}